<html>
<body>
<pre>
<h1>礦ision Build Log</h1>
<h2>Tool Versions:</h2>
IDE-Version: μVision V5.28.0.0
Copyright (C) 2019 ARM Ltd and ARM Germany GmbH. All rights reserved.
License Information: 1 HM-06, 1, LIC=JL28G-VIR9N-WFYI7-EHSSM-DQA6A-8A0D3
 
Tool Versions:
Toolchain:       MDK-ARM Plus  Version: 5.28.0.0
Toolchain Path:  D:\01_SoftWare\keil5\ARM\ARMCC\Bin
C Compiler:      Armcc.exe V5.06 update 6 (build 750)
Assembler:       Armasm.exe V5.06 update 6 (build 750)
Linker/Locator:  ArmLink.exe V5.06 update 6 (build 750)
Library Manager: ArmAr.exe V5.06 update 6 (build 750)
Hex Converter:   FromElf.exe V5.06 update 6 (build 750)
CPU DLL:         SARMCM3.DLL V5.28.0.0
Dialog DLL:      DCM.DLL V1.17.3.0
Target DLL:      STLink\ST-LINKIII-KEIL_SWO.dll V3.0.6.0
Dialog DLL:      TCM.DLL V1.36.2.0
 
<h2>Project:</h2>
C:\Users\HM-06\Desktop\新建文件夹\M04-dev\M04-dev\teat3\Project\test3.uvprojx
Project File Date:  10/16/2023

<h2>Output:</h2>
*** Using Compiler 'V5.06 update 6 (build 750)', folder: 'D:\01_SoftWare\keil5\ARM\ARMCC\Bin'
Build target 'Target 1'
compiling main.c...
compiling UART.c...
compiling SmartAudio.c...
linking...
Program Size: Code=7784 RO-data=568 RW-data=36 ZI-data=1140  
FromELF: creating hex file...
".\Objects\test3.axf" - 0 Error(s), 0 Warning(s).

<h2>Software Packages used:</h2>

Package Vendor: GigaDevice
                https://gd32mcu.com/data/documents/pack/GigaDevice.GD32F1x0_DFP.3.2.1.pack
                GigaDevice.GD32F1x0_DFP.3.2.1
                GigaDevice GD32F1x0 Series Device Support and Examples

<h2>Collection of Component include folders:</h2>
  .\RTE\_Target_1
  D:\01_SoftWare\keil5\pack\GigaDevice\GD32F1x0_DFP\3.2.1\Device\Include

<h2>Collection of Component Files used:</h2>
Build Time Elapsed:  00:00:01
</pre>
</body>
</html>
