Component: ARM Compiler 5.06 update 6 (build 750) Tool: armlink [4d35ed]

==============================================================================

Section Cross References

    system_gd32f1x0.o(i.SystemCoreClockUpdate) refers to system_gd32f1x0.o(.data) for SystemCoreClock
    system_gd32f1x0.o(i.SystemInit) refers to system_gd32f1x0.o(i.system_clock_config) for system_clock_config
    system_gd32f1x0.o(i.SystemInit) refers to gd32f1x0_misc.o(i.nvic_vector_table_set) for nvic_vector_table_set
    system_gd32f1x0.o(i.system_clock_config) refers to system_gd32f1x0.o(i.system_clock_48m_irc8m) for system_clock_48m_irc8m
    startup_gd32f1x0.o(RESET) refers to startup_gd32f1x0.o(STACK) for __initial_sp
    startup_gd32f1x0.o(RESET) refers to startup_gd32f1x0.o(.text) for Reset_Handler
    startup_gd32f1x0.o(RESET) refers to gd32f1x0_it.o(i.NMI_Handler) for NMI_Handler
    startup_gd32f1x0.o(RESET) refers to gd32f1x0_it.o(i.HardFault_Handler) for HardFault_Handler
    startup_gd32f1x0.o(RESET) refers to gd32f1x0_it.o(i.MemManage_Handler) for MemManage_Handler
    startup_gd32f1x0.o(RESET) refers to gd32f1x0_it.o(i.BusFault_Handler) for BusFault_Handler
    startup_gd32f1x0.o(RESET) refers to gd32f1x0_it.o(i.UsageFault_Handler) for UsageFault_Handler
    startup_gd32f1x0.o(RESET) refers to gd32f1x0_it.o(i.SVC_Handler) for SVC_Handler
    startup_gd32f1x0.o(RESET) refers to gd32f1x0_it.o(i.DebugMon_Handler) for DebugMon_Handler
    startup_gd32f1x0.o(RESET) refers to gd32f1x0_it.o(i.PendSV_Handler) for PendSV_Handler
    startup_gd32f1x0.o(RESET) refers to gd32f1x0_it.o(i.SysTick_Handler) for SysTick_Handler
    startup_gd32f1x0.o(RESET) refers to uart.o(i.USART0_IRQHandler) for USART0_IRQHandler
    startup_gd32f1x0.o(.text) refers to system_gd32f1x0.o(i.SystemInit) for SystemInit
    startup_gd32f1x0.o(.text) refers to entry.o(.ARM.Collect$$$$00000000) for __main
    gd32f1x0_adc.o(i.adc_deinit) refers to gd32f1x0_rcu.o(i.rcu_periph_reset_enable) for rcu_periph_reset_enable
    gd32f1x0_adc.o(i.adc_deinit) refers to gd32f1x0_rcu.o(i.rcu_periph_reset_disable) for rcu_periph_reset_disable
    gd32f1x0_cec.o(i.cec_deinit) refers to gd32f1x0_rcu.o(i.rcu_periph_reset_enable) for rcu_periph_reset_enable
    gd32f1x0_cec.o(i.cec_deinit) refers to gd32f1x0_rcu.o(i.rcu_periph_reset_disable) for rcu_periph_reset_disable
    gd32f1x0_dac.o(i.dac_deinit) refers to gd32f1x0_rcu.o(i.rcu_periph_reset_enable) for rcu_periph_reset_enable
    gd32f1x0_dac.o(i.dac_deinit) refers to gd32f1x0_rcu.o(i.rcu_periph_reset_disable) for rcu_periph_reset_disable
    gd32f1x0_dma.o(i.dma_init) refers to gd32f1x0_dma.o(i.dma_channel_disable) for dma_channel_disable
    gd32f1x0_fmc.o(i.fmc_halfword_program) refers to gd32f1x0_fmc.o(i.fmc_ready_wait) for fmc_ready_wait
    gd32f1x0_fmc.o(i.fmc_mass_erase) refers to gd32f1x0_fmc.o(i.fmc_ready_wait) for fmc_ready_wait
    gd32f1x0_fmc.o(i.fmc_page_erase) refers to gd32f1x0_fmc.o(i.fmc_ready_wait) for fmc_ready_wait
    gd32f1x0_fmc.o(i.fmc_ready_wait) refers to gd32f1x0_fmc.o(i.fmc_state_get) for fmc_state_get
    gd32f1x0_fmc.o(i.fmc_word_program) refers to gd32f1x0_fmc.o(i.fmc_ready_wait) for fmc_ready_wait
    gd32f1x0_fmc.o(i.ob_data_program) refers to gd32f1x0_fmc.o(i.ob_obstat_plevel_get) for ob_obstat_plevel_get
    gd32f1x0_fmc.o(i.ob_data_program) refers to gd32f1x0_fmc.o(i.fmc_ready_wait) for fmc_ready_wait
    gd32f1x0_fmc.o(i.ob_erase) refers to gd32f1x0_fmc.o(i.ob_obstat_plevel_get) for ob_obstat_plevel_get
    gd32f1x0_fmc.o(i.ob_erase) refers to gd32f1x0_fmc.o(i.fmc_ready_wait) for fmc_ready_wait
    gd32f1x0_fmc.o(i.ob_security_protection_config) refers to gd32f1x0_fmc.o(i.ob_obstat_plevel_get) for ob_obstat_plevel_get
    gd32f1x0_fmc.o(i.ob_security_protection_config) refers to gd32f1x0_fmc.o(i.fmc_ready_wait) for fmc_ready_wait
    gd32f1x0_fmc.o(i.ob_user_write) refers to gd32f1x0_fmc.o(i.ob_obstat_plevel_get) for ob_obstat_plevel_get
    gd32f1x0_fmc.o(i.ob_user_write) refers to gd32f1x0_fmc.o(i.fmc_ready_wait) for fmc_ready_wait
    gd32f1x0_fmc.o(i.ob_write_protection_enable) refers to gd32f1x0_fmc.o(i.ob_obstat_plevel_get) for ob_obstat_plevel_get
    gd32f1x0_fmc.o(i.ob_write_protection_enable) refers to gd32f1x0_fmc.o(i.fmc_ready_wait) for fmc_ready_wait
    gd32f1x0_gpio.o(i.gpio_deinit) refers to gd32f1x0_rcu.o(i.rcu_periph_reset_enable) for rcu_periph_reset_enable
    gd32f1x0_gpio.o(i.gpio_deinit) refers to gd32f1x0_rcu.o(i.rcu_periph_reset_disable) for rcu_periph_reset_disable
    gd32f1x0_i2c.o(i.i2c_clock_config) refers to gd32f1x0_rcu.o(i.rcu_clock_freq_get) for rcu_clock_freq_get
    gd32f1x0_i2c.o(i.i2c_deinit) refers to gd32f1x0_rcu.o(i.rcu_periph_reset_enable) for rcu_periph_reset_enable
    gd32f1x0_i2c.o(i.i2c_deinit) refers to gd32f1x0_rcu.o(i.rcu_periph_reset_disable) for rcu_periph_reset_disable
    gd32f1x0_misc.o(i.nvic_irq_enable) refers to gd32f1x0_misc.o(i.nvic_priority_group_set) for nvic_priority_group_set
[...]
    Removing gd32f1x0_dma.o(i.dma_memory_to_memory_disable), (36 bytes).
    Removing gd32f1x0_dma.o(i.dma_memory_to_memory_enable), (36 bytes).
    Removing gd32f1x0_dma.o(i.dma_memory_width_config), (40 bytes).
    Removing gd32f1x0_dma.o(i.dma_periph_address_config), (20 bytes).
    Removing gd32f1x0_dma.o(i.dma_periph_increase_disable), (36 bytes).
    Removing gd32f1x0_dma.o(i.dma_periph_increase_enable), (36 bytes).
    Removing gd32f1x0_dma.o(i.dma_periph_width_config), (40 bytes).
    Removing gd32f1x0_dma.o(i.dma_priority_config), (40 bytes).
    Removing gd32f1x0_dma.o(i.dma_struct_para_init), (22 bytes).
    Removing gd32f1x0_dma.o(i.dma_transfer_direction_config), (68 bytes).
    Removing gd32f1x0_dma.o(i.dma_transfer_number_config), (24 bytes).
    Removing gd32f1x0_dma.o(i.dma_transfer_number_get), (20 bytes).
    Removing gd32f1x0_exti.o(.rev16_text), (4 bytes).
    Removing gd32f1x0_exti.o(.revsh_text), (4 bytes).
    Removing gd32f1x0_exti.o(.rrx_text), (6 bytes).
    Removing gd32f1x0_exti.o(i.exti_deinit), (32 bytes).
    Removing gd32f1x0_exti.o(i.exti_event_disable), (16 bytes).
    Removing gd32f1x0_exti.o(i.exti_event_enable), (16 bytes).
    Removing gd32f1x0_exti.o(i.exti_flag_clear), (12 bytes).
    Removing gd32f1x0_exti.o(i.exti_flag_get), (24 bytes).
    Removing gd32f1x0_exti.o(i.exti_init), (188 bytes).
    Removing gd32f1x0_exti.o(i.exti_interrupt_disable), (16 bytes).
    Removing gd32f1x0_exti.o(i.exti_interrupt_enable), (16 bytes).
    Removing gd32f1x0_exti.o(i.exti_interrupt_flag_clear), (12 bytes).
    Removing gd32f1x0_exti.o(i.exti_interrupt_flag_get), (36 bytes).
    Removing gd32f1x0_exti.o(i.exti_software_interrupt_disable), (16 bytes).
    Removing gd32f1x0_exti.o(i.exti_software_interrupt_enable), (16 bytes).
    Removing gd32f1x0_fmc.o(.rev16_text), (4 bytes).
    Removing gd32f1x0_fmc.o(.revsh_text), (4 bytes).
    Removing gd32f1x0_fmc.o(.rrx_text), (6 bytes).
    Removing gd32f1x0_fmc.o(i.fmc_flag_clear), (12 bytes).
    Removing gd32f1x0_fmc.o(i.fmc_flag_get), (20 bytes).
    Removing gd32f1x0_fmc.o(i.fmc_halfword_program), (64 bytes).
    Removing gd32f1x0_fmc.o(i.fmc_interrupt_disable), (16 bytes).
    Removing gd32f1x0_fmc.o(i.fmc_interrupt_enable), (16 bytes).
    Removing gd32f1x0_fmc.o(i.fmc_interrupt_flag_clear), (12 bytes).
    Removing gd32f1x0_fmc.o(i.fmc_interrupt_flag_get), (20 bytes).
    Removing gd32f1x0_fmc.o(i.fmc_lock), (20 bytes).
    Removing gd32f1x0_fmc.o(i.fmc_mass_erase), (68 bytes).
    Removing gd32f1x0_fmc.o(i.fmc_page_erase), (72 bytes).
    Removing gd32f1x0_fmc.o(i.fmc_ready_wait), (34 bytes).
    Removing gd32f1x0_fmc.o(i.fmc_state_get), (48 bytes).
    Removing gd32f1x0_fmc.o(i.fmc_unlock), (36 bytes).
    Removing gd32f1x0_fmc.o(i.fmc_wait_state_disable), (24 bytes).
    Removing gd32f1x0_fmc.o(i.fmc_wait_state_enable), (24 bytes).
    Removing gd32f1x0_fmc.o(i.fmc_word_program), (64 bytes).
    Removing gd32f1x0_fmc.o(i.fmc_wscnt_set), (24 bytes).
    Removing gd32f1x0_fmc.o(i.ob_data_get), (12 bytes).
    Removing gd32f1x0_fmc.o(i.ob_data_program), (212 bytes).
    Removing gd32f1x0_fmc.o(i.ob_erase), (148 bytes).
    Removing gd32f1x0_fmc.o(i.ob_lock), (20 bytes).
    Removing gd32f1x0_fmc.o(i.ob_obstat_plevel_get), (16 bytes).
    Removing gd32f1x0_fmc.o(i.ob_reset), (20 bytes).
    Removing gd32f1x0_fmc.o(i.ob_security_protection_config), (204 bytes).
    Removing gd32f1x0_fmc.o(i.ob_unlock), (36 bytes).
    Removing gd32f1x0_fmc.o(i.ob_user_get), (16 bytes).
    Removing gd32f1x0_fmc.o(i.ob_user_write), (208 bytes).
    Removing gd32f1x0_fmc.o(i.ob_write_protection_enable), (216 bytes).
    Removing gd32f1x0_fmc.o(i.ob_write_protection_get), (12 bytes).
    Removing gd32f1x0_fwdgt.o(.rev16_text), (4 bytes).
    Removing gd32f1x0_fwdgt.o(.revsh_text), (4 bytes).
    Removing gd32f1x0_fwdgt.o(.rrx_text), (6 bytes).
    Removing gd32f1x0_fwdgt.o(i.fwdgt_config), (104 bytes).
    Removing gd32f1x0_fwdgt.o(i.fwdgt_counter_reload), (16 bytes).
    Removing gd32f1x0_fwdgt.o(i.fwdgt_enable), (16 bytes).
    Removing gd32f1x0_fwdgt.o(i.fwdgt_flag_get), (24 bytes).
    Removing gd32f1x0_fwdgt.o(i.fwdgt_prescaler_value_config), (60 bytes).
    Removing gd32f1x0_fwdgt.o(i.fwdgt_reload_value_config), (64 bytes).
    Removing gd32f1x0_fwdgt.o(i.fwdgt_window_value_config), (64 bytes).
    Removing gd32f1x0_fwdgt.o(i.fwdgt_write_disable), (12 bytes).
    Removing gd32f1x0_fwdgt.o(i.fwdgt_write_enable), (16 bytes).
    Removing gd32f1x0_gpio.o(.rev16_text), (4 bytes).
    Removing gd32f1x0_gpio.o(.revsh_text), (4 bytes).
    Removing gd32f1x0_gpio.o(.rrx_text), (6 bytes).
    Removing gd32f1x0_gpio.o(i.gpio_deinit), (148 bytes).
    Removing gd32f1x0_gpio.o(i.gpio_input_bit_get), (16 bytes).
    Removing gd32f1x0_gpio.o(i.gpio_input_port_get), (8 bytes).
    Removing gd32f1x0_gpio.o(i.gpio_output_bit_get), (16 bytes).
    Removing gd32f1x0_gpio.o(i.gpio_output_port_get), (8 bytes).
    Removing gd32f1x0_gpio.o(i.gpio_pin_lock), (18 bytes).
    Removing gd32f1x0_gpio.o(i.gpio_port_write), (4 bytes).
    Removing gd32f1x0_i2c.o(.rev16_text), (4 bytes).
    Removing gd32f1x0_i2c.o(.revsh_text), (4 bytes).
    Removing gd32f1x0_i2c.o(.rrx_text), (6 bytes).
    Removing gd32f1x0_i2c.o(i.i2c_ack_config), (16 bytes).
    Removing gd32f1x0_i2c.o(i.i2c_ackpos_config), (16 bytes).
    Removing gd32f1x0_i2c.o(i.i2c_clock_config), (228 bytes).
    Removing gd32f1x0_i2c.o(i.i2c_data_receive), (8 bytes).
    Removing gd32f1x0_i2c.o(i.i2c_data_transmit), (6 bytes).
    Removing gd32f1x0_i2c.o(i.i2c_deinit), (64 bytes).
    Removing gd32f1x0_i2c.o(i.i2c_disable), (10 bytes).
    Removing gd32f1x0_i2c.o(i.i2c_dma_config), (16 bytes).
    Removing gd32f1x0_i2c.o(i.i2c_dma_last_transfer_config), (16 bytes).
    Removing gd32f1x0_i2c.o(i.i2c_dualaddr_disable), (10 bytes).
    Removing gd32f1x0_i2c.o(i.i2c_dualaddr_enable), (12 bytes).
    Removing gd32f1x0_i2c.o(i.i2c_enable), (10 bytes).
    Removing gd32f1x0_i2c.o(i.i2c_flag_clear), (40 bytes).
    Removing gd32f1x0_i2c.o(i.i2c_flag_get), (30 bytes).
    Removing gd32f1x0_i2c.o(i.i2c_interrupt_disable), (26 bytes).
    Removing gd32f1x0_i2c.o(i.i2c_interrupt_enable), (26 bytes).
    Removing gd32f1x0_i2c.o(i.i2c_interrupt_flag_clear), (44 bytes).
    Removing gd32f1x0_i2c.o(i.i2c_interrupt_flag_get), (92 bytes).
    Removing gd32f1x0_i2c.o(i.i2c_master_addressing), (20 bytes).
    Removing gd32f1x0_i2c.o(i.i2c_mode_addr_config), (28 bytes).
    Removing gd32f1x0_i2c.o(i.i2c_pec_config), (16 bytes).
    Removing gd32f1x0_i2c.o(i.i2c_pec_transfer_config), (16 bytes).
    Removing gd32f1x0_i2c.o(i.i2c_pec_value_get), (10 bytes).
    Removing gd32f1x0_i2c.o(i.i2c_slave_response_to_gcall_config), (16 bytes).
    Removing gd32f1x0_i2c.o(i.i2c_smbus_alert_config), (16 bytes).
    Removing gd32f1x0_i2c.o(i.i2c_smbus_arp_config), (16 bytes).
    Removing gd32f1x0_i2c.o(i.i2c_smbus_type_config), (24 bytes).
    Removing gd32f1x0_i2c.o(i.i2c_software_reset_config), (16 bytes).
    Removing gd32f1x0_i2c.o(i.i2c_start_on_bus), (10 bytes).
    Removing gd32f1x0_i2c.o(i.i2c_stop_on_bus), (10 bytes).
    Removing gd32f1x0_i2c.o(i.i2c_stretch_scl_low_config), (16 bytes).
    Removing gd32f1x0_misc.o(.rev16_text), (4 bytes).
    Removing gd32f1x0_misc.o(.revsh_text), (4 bytes).
    Removing gd32f1x0_misc.o(.rrx_text), (6 bytes).
    Removing gd32f1x0_misc.o(i.nvic_irq_disable), (24 bytes).
    Removing gd32f1x0_misc.o(i.system_lowpower_reset), (16 bytes).
    Removing gd32f1x0_misc.o(i.system_lowpower_set), (16 bytes).
    Removing gd32f1x0_pmu.o(.rev16_text), (4 bytes).
    Removing gd32f1x0_pmu.o(.revsh_text), (4 bytes).
    Removing gd32f1x0_pmu.o(.rrx_text), (6 bytes).
    Removing gd32f1x0_pmu.o(i.pmu_backup_write_disable), (20 bytes).
    Removing gd32f1x0_pmu.o(i.pmu_backup_write_enable), (20 bytes).
    Removing gd32f1x0_pmu.o(i.pmu_deinit), (20 bytes).
    Removing gd32f1x0_pmu.o(i.pmu_flag_clear), (40 bytes).
    Removing gd32f1x0_pmu.o(i.pmu_flag_get), (20 bytes).
    Removing gd32f1x0_pmu.o(i.pmu_lvd_disable), (20 bytes).
    Removing gd32f1x0_pmu.o(i.pmu_lvd_select), (48 bytes).
    Removing gd32f1x0_pmu.o(i.pmu_to_deepsleepmode), (196 bytes).
    Removing gd32f1x0_pmu.o(i.pmu_to_sleepmode), (28 bytes).
    Removing gd32f1x0_pmu.o(i.pmu_to_standbymode), (96 bytes).
    Removing gd32f1x0_pmu.o(i.pmu_wakeup_pin_disable), (16 bytes).
    Removing gd32f1x0_pmu.o(i.pmu_wakeup_pin_enable), (16 bytes).
    Removing gd32f1x0_pmu.o(.bss), (16 bytes).
    Removing gd32f1x0_rcu.o(.rev16_text), (4 bytes).
    Removing gd32f1x0_rcu.o(.revsh_text), (4 bytes).
    Removing gd32f1x0_rcu.o(.rrx_text), (6 bytes).
    Removing gd32f1x0_rcu.o(i.rcu_ahb_clock_config), (28 bytes).
    Removing gd32f1x0_rcu.o(i.rcu_all_reset_flag_clear), (20 bytes).
    Removing gd32f1x0_rcu.o(i.rcu_apb1_clock_config), (28 bytes).
    Removing gd32f1x0_rcu.o(i.rcu_apb2_clock_config), (28 bytes).
    Removing gd32f1x0_rcu.o(i.rcu_bkp_reset_disable), (20 bytes).
    Removing gd32f1x0_rcu.o(i.rcu_bkp_reset_enable), (20 bytes).
    Removing gd32f1x0_rcu.o(i.rcu_cec_clock_config), (28 bytes).
    Removing gd32f1x0_rcu.o(i.rcu_ckout_config), (28 bytes).
    Removing gd32f1x0_rcu.o(i.rcu_deepsleep_voltage_set), (36 bytes).
    Removing gd32f1x0_rcu.o(i.rcu_deinit), (152 bytes).
    Removing gd32f1x0_rcu.o(i.rcu_flag_get), (36 bytes).
    Removing gd32f1x0_rcu.o(i.rcu_hxtal_clock_monitor_disable), (20 bytes).
    Removing gd32f1x0_rcu.o(i.rcu_hxtal_clock_monitor_enable), (20 bytes).
    Removing gd32f1x0_rcu.o(i.rcu_hxtal_prediv_config), (24 bytes).
    Removing gd32f1x0_rcu.o(i.rcu_interrupt_disable), (16 bytes).
    Removing gd32f1x0_rcu.o(i.rcu_interrupt_enable), (16 bytes).
    Removing gd32f1x0_rcu.o(i.rcu_interrupt_flag_clear), (16 bytes).
    Removing gd32f1x0_rcu.o(i.rcu_interrupt_flag_get), (24 bytes).
    Removing gd32f1x0_rcu.o(i.rcu_irc14m_adjust_value_set), (24 bytes).
    Removing gd32f1x0_rcu.o(i.rcu_irc8m_adjust_value_set), (24 bytes).
    Removing gd32f1x0_rcu.o(i.rcu_lxtal_drive_capability_config), (28 bytes).
    Removing gd32f1x0_rcu.o(i.rcu_osci_bypass_mode_disable), (100 bytes).
    Removing gd32f1x0_rcu.o(i.rcu_osci_bypass_mode_enable), (100 bytes).
    Removing gd32f1x0_rcu.o(i.rcu_osci_off), (32 bytes).
    Removing gd32f1x0_rcu.o(i.rcu_osci_on), (32 bytes).
    Removing gd32f1x0_rcu.o(i.rcu_osci_stab_wait), (268 bytes).
    Removing gd32f1x0_rcu.o(i.rcu_periph_clock_disable), (32 bytes).
    Removing gd32f1x0_rcu.o(i.rcu_periph_clock_sleep_disable), (32 bytes).
    Removing gd32f1x0_rcu.o(i.rcu_periph_clock_sleep_enable), (32 bytes).
    Removing gd32f1x0_rcu.o(i.rcu_pll_config), (36 bytes).
    Removing gd32f1x0_rcu.o(i.rcu_power_down_voltage_set), (36 bytes).
    Removing gd32f1x0_rcu.o(i.rcu_rtc_clock_config), (28 bytes).
    Removing gd32f1x0_rcu.o(i.rcu_system_clock_source_config), (28 bytes).
    Removing gd32f1x0_rcu.o(i.rcu_system_clock_source_get), (16 bytes).
    Removing gd32f1x0_rcu.o(i.rcu_usart_clock_config), (28 bytes).
    Removing gd32f1x0_rcu.o(i.rcu_usbd_clock_config), (28 bytes).
    Removing gd32f1x0_rcu.o(i.rcu_voltage_key_unlock), (40 bytes).
    Removing gd32f1x0_rtc.o(.rev16_text), (4 bytes).
    Removing gd32f1x0_rtc.o(.revsh_text), (4 bytes).
    Removing gd32f1x0_rtc.o(.rrx_text), (6 bytes).
    Removing gd32f1x0_rtc.o(i.rtc_alarm_config), (84 bytes).
    Removing gd32f1x0_rtc.o(i.rtc_alarm_disable), (80 bytes).
    Removing gd32f1x0_rtc.o(i.rtc_alarm_enable), (40 bytes).
    Removing gd32f1x0_rtc.o(i.rtc_alarm_get), (56 bytes).
    Removing gd32f1x0_rtc.o(i.rtc_alarm_subsecond_config), (32 bytes).
    Removing gd32f1x0_rtc.o(i.rtc_alarm_subsecond_get), (16 bytes).
    Removing gd32f1x0_rtc.o(i.rtc_alter_output_config), (76 bytes).
    Removing gd32f1x0_rtc.o(i.rtc_bypass_shadow_disable), (40 bytes).
    Removing gd32f1x0_rtc.o(i.rtc_bypass_shadow_enable), (40 bytes).
    Removing gd32f1x0_rtc.o(i.rtc_calibration_config), (76 bytes).
    Removing gd32f1x0_rtc.o(i.rtc_current_time_get), (100 bytes).
    Removing gd32f1x0_rtc.o(i.rtc_deinit), (128 bytes).
    Removing gd32f1x0_rtc.o(i.rtc_flag_clear), (16 bytes).
    Removing gd32f1x0_rtc.o(i.rtc_flag_get), (20 bytes).
    Removing gd32f1x0_rtc.o(i.rtc_hour_adjust), (36 bytes).
    Removing gd32f1x0_rtc.o(i.rtc_init), (196 bytes).
    Removing gd32f1x0_rtc.o(i.rtc_init_mode_enter), (68 bytes).
    Removing gd32f1x0_rtc.o(i.rtc_init_mode_exit), (20 bytes).
    Removing gd32f1x0_rtc.o(i.rtc_interrupt_disable), (60 bytes).
    Removing gd32f1x0_rtc.o(i.rtc_interrupt_enable), (60 bytes).
    Removing gd32f1x0_rtc.o(i.rtc_refclock_detection_disable), (56 bytes).
    Removing gd32f1x0_rtc.o(i.rtc_refclock_detection_enable), (56 bytes).
    Removing gd32f1x0_rtc.o(i.rtc_register_sync_wait), (96 bytes).
    Removing gd32f1x0_rtc.o(i.rtc_second_adjust), (108 bytes).
    Removing gd32f1x0_rtc.o(i.rtc_subsecond_get), (20 bytes).
    Removing gd32f1x0_rtc.o(i.rtc_tamper_disable), (16 bytes).
    Removing gd32f1x0_rtc.o(i.rtc_tamper_enable), (164 bytes).
    Removing gd32f1x0_rtc.o(i.rtc_timestamp_disable), (40 bytes).
    Removing gd32f1x0_rtc.o(i.rtc_timestamp_enable), (48 bytes).
    Removing gd32f1x0_rtc.o(i.rtc_timestamp_get), (60 bytes).
    Removing gd32f1x0_rtc.o(i.rtc_timestamp_subsecond_get), (12 bytes).
    Removing gd32f1x0_spi.o(.rev16_text), (4 bytes).
    Removing gd32f1x0_spi.o(.revsh_text), (4 bytes).
    Removing gd32f1x0_spi.o(.rrx_text), (6 bytes).
    Removing gd32f1x0_spi.o(i.i2s_disable), (10 bytes).
    Removing gd32f1x0_spi.o(i.i2s_enable), (10 bytes).
    Removing gd32f1x0_spi.o(i.i2s_init), (28 bytes).
    Removing gd32f1x0_spi.o(i.i2s_psc_config), (164 bytes).
    Removing gd32f1x0_spi.o(i.spi_bidirectional_transfer_config), (26 bytes).
    Removing gd32f1x0_spi.o(i.spi_crc_error_clear), (10 bytes).
    Removing gd32f1x0_spi.o(i.spi_crc_get), (16 bytes).
    Removing gd32f1x0_spi.o(i.spi_crc_next), (10 bytes).
    Removing gd32f1x0_spi.o(i.spi_crc_off), (10 bytes).
    Removing gd32f1x0_spi.o(i.spi_crc_on), (10 bytes).
    Removing gd32f1x0_spi.o(i.spi_crc_polynomial_get), (8 bytes).
    Removing gd32f1x0_spi.o(i.spi_crc_polynomial_set), (12 bytes).
    Removing gd32f1x0_spi.o(i.spi_disable), (10 bytes).
    Removing gd32f1x0_spi.o(i.spi_dma_disable), (22 bytes).
    Removing gd32f1x0_spi.o(i.spi_dma_enable), (22 bytes).
    Removing gd32f1x0_spi.o(i.spi_enable), (10 bytes).
    Removing gd32f1x0_spi.o(i.spi_i2s_data_frame_format_config), (16 bytes).
    Removing gd32f1x0_spi.o(i.spi_i2s_data_receive), (8 bytes).
    Removing gd32f1x0_spi.o(i.spi_i2s_data_transmit), (4 bytes).
    Removing gd32f1x0_spi.o(i.spi_i2s_deinit), (88 bytes).
    Removing gd32f1x0_spi.o(i.spi_i2s_flag_get), (16 bytes).
    Removing gd32f1x0_spi.o(i.spi_i2s_interrupt_disable), (8 bytes).
    Removing gd32f1x0_spi.o(i.spi_i2s_interrupt_enable), (8 bytes).
    Removing gd32f1x0_spi.o(i.spi_i2s_interrupt_flag_get), (112 bytes).
    Removing gd32f1x0_spi.o(i.spi_init), (50 bytes).
    Removing gd32f1x0_spi.o(i.spi_nss_internal_high), (10 bytes).
    Removing gd32f1x0_spi.o(i.spi_nss_internal_low), (10 bytes).
    Removing gd32f1x0_spi.o(i.spi_nss_output_disable), (10 bytes).
    Removing gd32f1x0_spi.o(i.spi_nss_output_enable), (10 bytes).
    Removing gd32f1x0_spi.o(i.spi_struct_para_init), (18 bytes).
    Removing gd32f1x0_syscfg.o(.rev16_text), (4 bytes).
    Removing gd32f1x0_syscfg.o(.revsh_text), (4 bytes).
    Removing gd32f1x0_syscfg.o(.rrx_text), (6 bytes).
    Removing gd32f1x0_syscfg.o(i.syscfg_deinit), (20 bytes).
    Removing gd32f1x0_syscfg.o(i.syscfg_dma_remap_disable), (16 bytes).
    Removing gd32f1x0_syscfg.o(i.syscfg_dma_remap_enable), (16 bytes).
    Removing gd32f1x0_syscfg.o(i.syscfg_exti_line_config), (160 bytes).
    Removing gd32f1x0_syscfg.o(i.syscfg_flag_clear), (16 bytes).
    Removing gd32f1x0_syscfg.o(i.syscfg_flag_get), (24 bytes).
    Removing gd32f1x0_syscfg.o(i.syscfg_high_current_disable), (20 bytes).
    Removing gd32f1x0_syscfg.o(i.syscfg_high_current_enable), (20 bytes).
    Removing gd32f1x0_syscfg.o(i.syscfg_lock_config), (16 bytes).
    Removing gd32f1x0_timer.o(.rev16_text), (4 bytes).
    Removing gd32f1x0_timer.o(.revsh_text), (4 bytes).
    Removing gd32f1x0_timer.o(.rrx_text), (6 bytes).
    Removing gd32f1x0_timer.o(i.timer_auto_reload_shadow_disable), (10 bytes).
    Removing gd32f1x0_timer.o(i.timer_automatic_output_disable), (10 bytes).
    Removing gd32f1x0_timer.o(i.timer_automatic_output_enable), (10 bytes).
    Removing gd32f1x0_timer.o(i.timer_autoreload_value_config), (4 bytes).
    Removing gd32f1x0_timer.o(i.timer_break_config), (30 bytes).
    Removing gd32f1x0_timer.o(i.timer_break_disable), (10 bytes).
    Removing gd32f1x0_timer.o(i.timer_break_enable), (10 bytes).
    Removing gd32f1x0_timer.o(i.timer_break_struct_para_init), (18 bytes).
    Removing gd32f1x0_timer.o(i.timer_channel_capture_value_register_read), (42 bytes).
    Removing gd32f1x0_timer.o(i.timer_channel_complementary_output_polarity_config), (92 bytes).
    Removing gd32f1x0_timer.o(i.timer_channel_complementary_output_state_config), (70 bytes).
    Removing gd32f1x0_timer.o(i.timer_channel_control_shadow_config), (24 bytes).
    Removing gd32f1x0_timer.o(i.timer_channel_control_shadow_update_config), (26 bytes).
    Removing gd32f1x0_timer.o(i.timer_channel_dma_request_source_select), (26 bytes).
    Removing gd32f1x0_timer.o(i.timer_channel_input_capture_prescaler_config), (90 bytes).
    Removing gd32f1x0_timer.o(i.timer_channel_input_struct_para_init), (16 bytes).
    Removing gd32f1x0_timer.o(i.timer_channel_output_clear_config), (90 bytes).
    Removing gd32f1x0_timer.o(i.timer_channel_output_fast_config), (90 bytes).
    Removing gd32f1x0_timer.o(i.timer_channel_output_polarity_config), (92 bytes).
    Removing gd32f1x0_timer.o(i.timer_channel_output_state_config), (92 bytes).
    Removing gd32f1x0_timer.o(i.timer_channel_output_struct_para_init), (16 bytes).
    Removing gd32f1x0_timer.o(i.timer_channel_remap_config), (4 bytes).
    Removing gd32f1x0_timer.o(i.timer_counter_alignment), (16 bytes).
    Removing gd32f1x0_timer.o(i.timer_counter_down_direction), (10 bytes).
    Removing gd32f1x0_timer.o(i.timer_counter_read), (8 bytes).
    Removing gd32f1x0_timer.o(i.timer_counter_up_direction), (10 bytes).
    Removing gd32f1x0_timer.o(i.timer_counter_value_config), (4 bytes).
    Removing gd32f1x0_timer.o(i.timer_disable), (10 bytes).
    Removing gd32f1x0_timer.o(i.timer_dma_disable), (8 bytes).
    Removing gd32f1x0_timer.o(i.timer_dma_enable), (8 bytes).
    Removing gd32f1x0_timer.o(i.timer_dma_transfer_config), (24 bytes).
    Removing gd32f1x0_timer.o(i.timer_event_software_generate), (8 bytes).
    Removing gd32f1x0_timer.o(i.timer_external_clock_mode0_config), (40 bytes).
    Removing gd32f1x0_timer.o(i.timer_external_clock_mode1_config), (32 bytes).
    Removing gd32f1x0_timer.o(i.timer_external_clock_mode1_disable), (10 bytes).
    Removing gd32f1x0_timer.o(i.timer_external_trigger_as_external_clock_config), (166 bytes).
    Removing gd32f1x0_timer.o(i.timer_external_trigger_config), (30 bytes).
    Removing gd32f1x0_timer.o(i.timer_flag_clear), (6 bytes).
    Removing gd32f1x0_timer.o(i.timer_flag_get), (16 bytes).
    Removing gd32f1x0_timer.o(i.timer_hall_mode_config), (26 bytes).
    Removing gd32f1x0_timer.o(i.timer_input_capture_config), (326 bytes).
    Removing gd32f1x0_timer.o(i.timer_input_pwm_capture_config), (356 bytes).
    Removing gd32f1x0_timer.o(i.timer_input_trigger_source_select), (16 bytes).
    Removing gd32f1x0_timer.o(i.timer_internal_clock_config), (10 bytes).
    Removing gd32f1x0_timer.o(i.timer_internal_trigger_as_external_clock_config), (32 bytes).
    Removing gd32f1x0_timer.o(i.timer_interrupt_disable), (8 bytes).
    Removing gd32f1x0_timer.o(i.timer_interrupt_enable), (8 bytes).
    Removing gd32f1x0_timer.o(i.timer_interrupt_flag_clear), (6 bytes).
    Removing gd32f1x0_timer.o(i.timer_interrupt_flag_get), (24 bytes).
    Removing gd32f1x0_timer.o(i.timer_master_output_trigger_source_select), (16 bytes).
    Removing gd32f1x0_timer.o(i.timer_master_slave_mode_config), (26 bytes).
    Removing gd32f1x0_timer.o(i.timer_ocpre_clear_source_config), (26 bytes).
    Removing gd32f1x0_timer.o(i.timer_prescaler_config), (14 bytes).
    Removing gd32f1x0_timer.o(i.timer_prescaler_read), (10 bytes).
    Removing gd32f1x0_timer.o(i.timer_quadrature_decoder_mode_config), (64 bytes).
    Removing gd32f1x0_timer.o(i.timer_repetition_value_config), (4 bytes).
    Removing gd32f1x0_timer.o(i.timer_single_pulse_mode_config), (26 bytes).
    Removing gd32f1x0_timer.o(i.timer_slave_mode_select), (16 bytes).
    Removing gd32f1x0_timer.o(i.timer_struct_para_init), (22 bytes).
    Removing gd32f1x0_timer.o(i.timer_update_event_disable), (10 bytes).
    Removing gd32f1x0_timer.o(i.timer_update_event_enable), (10 bytes).
    Removing gd32f1x0_timer.o(i.timer_update_source_config), (26 bytes).
    Removing gd32f1x0_tsi.o(.rev16_text), (4 bytes).
    Removing gd32f1x0_tsi.o(.revsh_text), (4 bytes).
    Removing gd32f1x0_tsi.o(.rrx_text), (6 bytes).
    Removing gd32f1x0_tsi.o(i.tsi_analog_off), (16 bytes).
    Removing gd32f1x0_tsi.o(i.tsi_analog_on), (16 bytes).
    Removing gd32f1x0_tsi.o(i.tsi_channel_pin_disable), (16 bytes).
    Removing gd32f1x0_tsi.o(i.tsi_channel_pin_enable), (16 bytes).
    Removing gd32f1x0_tsi.o(i.tsi_deinit), (20 bytes).
    Removing gd32f1x0_tsi.o(i.tsi_disable), (20 bytes).
    Removing gd32f1x0_tsi.o(i.tsi_enable), (20 bytes).
    Removing gd32f1x0_tsi.o(i.tsi_extend_charge_config), (100 bytes).
    Removing gd32f1x0_tsi.o(i.tsi_flag_clear), (16 bytes).
    Removing gd32f1x0_tsi.o(i.tsi_flag_get), (24 bytes).
    Removing gd32f1x0_tsi.o(i.tsi_group0_cycle_get), (12 bytes).
    Removing gd32f1x0_tsi.o(i.tsi_group1_cycle_get), (12 bytes).
    Removing gd32f1x0_tsi.o(i.tsi_group2_cycle_get), (12 bytes).
    Removing gd32f1x0_tsi.o(i.tsi_group3_cycle_get), (12 bytes).
    Removing gd32f1x0_tsi.o(i.tsi_group4_cycle_get), (12 bytes).
    Removing gd32f1x0_tsi.o(i.tsi_group5_cycle_get), (12 bytes).
    Removing gd32f1x0_tsi.o(i.tsi_group_disable), (16 bytes).
    Removing gd32f1x0_tsi.o(i.tsi_group_enable), (16 bytes).
    Removing gd32f1x0_tsi.o(i.tsi_group_status_get), (24 bytes).
    Removing gd32f1x0_tsi.o(i.tsi_hardware_mode_config), (56 bytes).
    Removing gd32f1x0_tsi.o(i.tsi_hysteresis_off), (16 bytes).
    Removing gd32f1x0_tsi.o(i.tsi_hysteresis_on), (16 bytes).
    Removing gd32f1x0_tsi.o(i.tsi_init), (48 bytes).
    Removing gd32f1x0_tsi.o(i.tsi_interrupt_disable), (16 bytes).
    Removing gd32f1x0_tsi.o(i.tsi_interrupt_enable), (16 bytes).
    Removing gd32f1x0_tsi.o(i.tsi_interrupt_flag_clear), (16 bytes).
    Removing gd32f1x0_tsi.o(i.tsi_interrupt_flag_get), (40 bytes).
    Removing gd32f1x0_tsi.o(i.tsi_max_number_config), (32 bytes).
    Removing gd32f1x0_tsi.o(i.tsi_pin_mode_config), (44 bytes).
    Removing gd32f1x0_tsi.o(i.tsi_plus_config), (48 bytes).
    Removing gd32f1x0_tsi.o(i.tsi_sample_pin_disable), (28 bytes).
    Removing gd32f1x0_tsi.o(i.tsi_sample_pin_enable), (28 bytes).
    Removing gd32f1x0_tsi.o(i.tsi_software_mode_config), (28 bytes).
    Removing gd32f1x0_tsi.o(i.tsi_software_start), (20 bytes).
    Removing gd32f1x0_tsi.o(i.tsi_software_stop), (20 bytes).
    Removing gd32f1x0_usart.o(.rev16_text), (4 bytes).
    Removing gd32f1x0_usart.o(.revsh_text), (4 bytes).
    Removing gd32f1x0_usart.o(.rrx_text), (6 bytes).
    Removing gd32f1x0_usart.o(i.usart_address_config), (32 bytes).
    Removing gd32f1x0_usart.o(i.usart_address_detection_mode_config), (28 bytes).
    Removing gd32f1x0_usart.o(i.usart_block_length_config), (24 bytes).
    Removing gd32f1x0_usart.o(i.usart_clock_enable), (18 bytes).
    Removing gd32f1x0_usart.o(i.usart_command_enable), (8 bytes).
    Removing gd32f1x0_usart.o(i.usart_data_first_config), (28 bytes).
    Removing gd32f1x0_usart.o(i.usart_data_transmit), (8 bytes).
    Removing gd32f1x0_usart.o(i.usart_depolarity_config), (28 bytes).
    Removing gd32f1x0_usart.o(i.usart_disable), (10 bytes).
    Removing gd32f1x0_usart.o(i.usart_dma_receive_config), (16 bytes).
    Removing gd32f1x0_usart.o(i.usart_dma_transmit_config), (16 bytes).
    Removing gd32f1x0_usart.o(i.usart_driver_assertime_config), (32 bytes).
    Removing gd32f1x0_usart.o(i.usart_driver_deassertime_config), (32 bytes).
    Removing gd32f1x0_usart.o(i.usart_flag_clear), (18 bytes).
    Removing gd32f1x0_usart.o(i.usart_flag_get), (30 bytes).
    Removing gd32f1x0_usart.o(i.usart_guard_time_config), (32 bytes).
    Removing gd32f1x0_usart.o(i.usart_halfduplex_disable), (18 bytes).
    Removing gd32f1x0_usart.o(i.usart_invert_config), (110 bytes).
    Removing gd32f1x0_usart.o(i.usart_irda_lowpower_config), (28 bytes).
    Removing gd32f1x0_usart.o(i.usart_irda_mode_enable), (18 bytes).
    Removing gd32f1x0_usart.o(i.usart_lin_break_detection_length_config), (28 bytes).
    Removing gd32f1x0_usart.o(i.usart_lin_mode_enable), (18 bytes).
    Removing gd32f1x0_usart.o(i.usart_mute_mode_disable), (10 bytes).
    Removing gd32f1x0_usart.o(i.usart_mute_mode_enable), (10 bytes).
    Removing gd32f1x0_usart.o(i.usart_mute_mode_wakeup_config), (24 bytes).
    Removing gd32f1x0_usart.o(i.usart_overrun_disable), (18 bytes).
    Removing gd32f1x0_usart.o(i.usart_overrun_enable), (18 bytes).
    Removing gd32f1x0_usart.o(i.usart_oversample_config), (24 bytes).
    Removing gd32f1x0_usart.o(i.usart_prescaler_config), (24 bytes).
    Removing gd32f1x0_usart.o(i.usart_receiver_timeout_disable), (10 bytes).
    Removing gd32f1x0_usart.o(i.usart_receiver_timeout_enable), (10 bytes).
    Removing gd32f1x0_usart.o(i.usart_receiver_timeout_threshold_config), (16 bytes).
    Removing gd32f1x0_usart.o(i.usart_reception_error_dma_disable), (18 bytes).
    Removing gd32f1x0_usart.o(i.usart_reception_error_dma_enable), (18 bytes).
    Removing gd32f1x0_usart.o(i.usart_rs485_driver_disable), (18 bytes).
    Removing gd32f1x0_usart.o(i.usart_rs485_driver_enable), (18 bytes).
    Removing gd32f1x0_usart.o(i.usart_sample_bit_config), (24 bytes).
    Removing gd32f1x0_usart.o(i.usart_smartcard_autoretry_config), (32 bytes).
    Removing gd32f1x0_usart.o(i.usart_smartcard_mode_enable), (18 bytes).
    Removing gd32f1x0_usart.o(i.usart_smartcard_mode_nack_disable), (18 bytes).
    Removing gd32f1x0_usart.o(i.usart_smartcard_mode_nack_enable), (18 bytes).
    Removing gd32f1x0_usart.o(i.usart_synchronous_clock_config), (50 bytes).
    Removing gd32f1x0_usart.o(i.usart_wakeup_disable), (10 bytes).
    Removing gd32f1x0_usart.o(i.usart_wakeup_enable), (10 bytes).
    Removing gd32f1x0_usart.o(i.usart_wakeup_mode_config), (28 bytes).
    Removing gd32f1x0_wwdgt.o(.rev16_text), (4 bytes).
    Removing gd32f1x0_wwdgt.o(.revsh_text), (4 bytes).
    Removing gd32f1x0_wwdgt.o(.rrx_text), (6 bytes).
    Removing gd32f1x0_wwdgt.o(i.wwdgt_config), (28 bytes).
    Removing gd32f1x0_wwdgt.o(i.wwdgt_counter_update), (16 bytes).
    Removing gd32f1x0_wwdgt.o(i.wwdgt_deinit), (20 bytes).
    Removing gd32f1x0_wwdgt.o(i.wwdgt_enable), (20 bytes).
    Removing gd32f1x0_wwdgt.o(i.wwdgt_flag_clear), (12 bytes).
    Removing gd32f1x0_wwdgt.o(i.wwdgt_flag_get), (24 bytes).
    Removing gd32f1x0_wwdgt.o(i.wwdgt_interrupt_enable), (20 bytes).
    Removing gd32f1x0_it.o(.rev16_text), (4 bytes).
    Removing gd32f1x0_it.o(.revsh_text), (4 bytes).
    Removing gd32f1x0_it.o(.rrx_text), (6 bytes).
    Removing main.o(.rev16_text), (4 bytes).
    Removing main.o(.revsh_text), (4 bytes).
    Removing main.o(.rrx_text), (6 bytes).
    Removing main.o(.constdata), (96 bytes).
    Removing systick.o(.rev16_text), (4 bytes).
    Removing systick.o(.revsh_text), (4 bytes).
    Removing systick.o(.rrx_text), (6 bytes).
    Removing systick.o(i.delay_1us), (96 bytes).
    Removing rtc6705.o(.rev16_text), (4 bytes).
    Removing rtc6705.o(.revsh_text), (4 bytes).
    Removing rtc6705.o(.rrx_text), (6 bytes).
    Removing spi.o(.rev16_text), (4 bytes).
    Removing spi.o(.revsh_text), (4 bytes).
    Removing spi.o(.rrx_text), (6 bytes).
    Removing spi.o(i.SPI_begin), (10 bytes).
    Removing spi.o(.data), (2 bytes).
    Removing adc.o(.rev16_text), (4 bytes).
    Removing adc.o(.revsh_text), (4 bytes).
    Removing adc.o(.rrx_text), (6 bytes).
    Removing pwm.o(.rev16_text), (4 bytes).
    Removing pwm.o(.revsh_text), (4 bytes).
    Removing pwm.o(.rrx_text), (6 bytes).
    Removing pid.o(.rev16_text), (4 bytes).
    Removing pid.o(.revsh_text), (4 bytes).
    Removing pid.o(.rrx_text), (6 bytes).
    Removing smartaudio.o(.rev16_text), (4 bytes).
    Removing smartaudio.o(.revsh_text), (4 bytes).
    Removing smartaudio.o(.rrx_text), (6 bytes).
    Removing uart.o(.rev16_text), (4 bytes).
    Removing uart.o(.revsh_text), (4 bytes).
    Removing uart.o(.rrx_text), (6 bytes).
    Removing uart.o(i.USART_send_byte), (20 bytes).
    Removing uart.o(i.fputc), (40 bytes).

585 unused section(s) (total 19190 bytes) removed from the image.

==============================================================================

Image Symbol Table

    Local Symbols

    Symbol Name                              Value     Ov Type        Size  Object(Section)

    ../clib/microlib/init/entry.s            0x00000000   Number         0  entry9b.o ABSOLUTE
    ../clib/microlib/init/entry.s            0x00000000   Number         0  entry7a.o ABSOLUTE
    ../clib/microlib/init/entry.s            0x00000000   Number         0  entry10a.o ABSOLUTE
    ../clib/microlib/init/entry.s            0x00000000   Number         0  entry5.o ABSOLUTE
    ../clib/microlib/init/entry.s            0x00000000   Number         0  entry11b.o ABSOLUTE
    ../clib/microlib/init/entry.s            0x00000000   Number         0  entry.o ABSOLUTE
    ../clib/microlib/init/entry.s            0x00000000   Number         0  entry11a.o ABSOLUTE
    ../clib/microlib/init/entry.s            0x00000000   Number         0  entry10b.o ABSOLUTE
    ../clib/microlib/init/entry.s            0x00000000   Number         0  entry9a.o ABSOLUTE
    ../clib/microlib/init/entry.s            0x00000000   Number         0  entry2.o ABSOLUTE
    ../clib/microlib/init/entry.s            0x00000000   Number         0  entry8b.o ABSOLUTE
    ../clib/microlib/init/entry.s            0x00000000   Number         0  entry8a.o ABSOLUTE
    ../clib/microlib/init/entry.s            0x00000000   Number         0  entry7b.o ABSOLUTE
    ../clib/microlib/string/memset.c         0x00000000   Number         0  memseta.o ABSOLUTE
    ../clib/microlib/stubs.s                 0x00000000   Number         0  iusefp.o ABSOLUTE
    ../fplib/microlib/fpadd.c                0x00000000   Number         0  fadd.o ABSOLUTE
    ../fplib/microlib/fpdiv.c                0x00000000   Number         0  fdiv.o ABSOLUTE
    ../fplib/microlib/fpepilogue.c           0x00000000   Number         0  fepilogue.o ABSOLUTE
    ../fplib/microlib/fpfix.c                0x00000000   Number         0  ffixui.o ABSOLUTE
    ../fplib/microlib/fpflt.c                0x00000000   Number         0  ffltui.o ABSOLUTE
    ../fplib/microlib/fpmul.c                0x00000000   Number         0  fmul.o ABSOLUTE
    ..\CMSIS\system_gd32f1x0.c               0x00000000   Number         0  system_gd32f1x0.o ABSOLUTE
    ..\Library\Source\gd32f1x0_adc.c         0x00000000   Number         0  gd32f1x0_adc.o ABSOLUTE
    ..\Library\Source\gd32f1x0_cec.c         0x00000000   Number         0  gd32f1x0_cec.o ABSOLUTE
    ..\Library\Source\gd32f1x0_cmp.c         0x00000000   Number         0  gd32f1x0_cmp.o ABSOLUTE
    ..\Library\Source\gd32f1x0_crc.c         0x00000000   Number         0  gd32f1x0_crc.o ABSOLUTE
    ..\Library\Source\gd32f1x0_dac.c         0x00000000   Number         0  gd32f1x0_dac.o ABSOLUTE
    ..\Library\Source\gd32f1x0_dbg.c         0x00000000   Number         0  gd32f1x0_dbg.o ABSOLUTE
    ..\Library\Source\gd32f1x0_dma.c         0x00000000   Number         0  gd32f1x0_dma.o ABSOLUTE
    ..\Library\Source\gd32f1x0_exti.c        0x00000000   Number         0  gd32f1x0_exti.o ABSOLUTE
    ..\Library\Source\gd32f1x0_fmc.c         0x00000000   Number         0  gd32f1x0_fmc.o ABSOLUTE
    ..\Library\Source\gd32f1x0_fwdgt.c       0x00000000   Number         0  gd32f1x0_fwdgt.o ABSOLUTE
    ..\Library\Source\gd32f1x0_gpio.c        0x00000000   Number         0  gd32f1x0_gpio.o ABSOLUTE
    ..\Library\Source\gd32f1x0_i2c.c         0x00000000   Number         0  gd32f1x0_i2c.o ABSOLUTE
    ..\Library\Source\gd32f1x0_misc.c        0x00000000   Number         0  gd32f1x0_misc.o ABSOLUTE
    ..\Library\Source\gd32f1x0_pmu.c         0x00000000   Number         0  gd32f1x0_pmu.o ABSOLUTE
    ..\Library\Source\gd32f1x0_rcu.c         0x00000000   Number         0  gd32f1x0_rcu.o ABSOLUTE
    ..\Library\Source\gd32f1x0_rtc.c         0x00000000   Number         0  gd32f1x0_rtc.o ABSOLUTE
    ..\Library\Source\gd32f1x0_spi.c         0x00000000   Number         0  gd32f1x0_spi.o ABSOLUTE
    ..\Library\Source\gd32f1x0_syscfg.c      0x00000000   Number         0  gd32f1x0_syscfg.o ABSOLUTE
    ..\Library\Source\gd32f1x0_timer.c       0x00000000   Number         0  gd32f1x0_timer.o ABSOLUTE
    ..\Library\Source\gd32f1x0_tsi.c         0x00000000   Number         0  gd32f1x0_tsi.o ABSOLUTE
    ..\Library\Source\gd32f1x0_usart.c       0x00000000   Number         0  gd32f1x0_usart.o ABSOLUTE
    ..\Library\Source\gd32f1x0_wwdgt.c       0x00000000   Number         0  gd32f1x0_wwdgt.o ABSOLUTE
    ..\Startup\startup_gd32f1x0.s            0x00000000   Number         0  startup_gd32f1x0.o ABSOLUTE
    ..\User\gd32f1x0_it.c                    0x00000000   Number         0  gd32f1x0_it.o ABSOLUTE
    ..\User\main.c                           0x00000000   Number         0  main.o ABSOLUTE
    ..\User\systick.c                        0x00000000   Number         0  systick.o ABSOLUTE
    ..\\CMSIS\\system_gd32f1x0.c             0x00000000   Number         0  system_gd32f1x0.o ABSOLUTE
    ..\\Library\\Source\\gd32f1x0_adc.c      0x00000000   Number         0  gd32f1x0_adc.o ABSOLUTE
    ..\\Library\\Source\\gd32f1x0_cec.c      0x00000000   Number         0  gd32f1x0_cec.o ABSOLUTE
    ..\\Library\\Source\\gd32f1x0_cmp.c      0x00000000   Number         0  gd32f1x0_cmp.o ABSOLUTE
    ..\\Library\\Source\\gd32f1x0_crc.c      0x00000000   Number         0  gd32f1x0_crc.o ABSOLUTE
    ..\\Library\\Source\\gd32f1x0_dac.c      0x00000000   Number         0  gd32f1x0_dac.o ABSOLUTE
    ..\\Library\\Source\\gd32f1x0_dbg.c      0x00000000   Number         0  gd32f1x0_dbg.o ABSOLUTE
    ..\\Library\\Source\\gd32f1x0_dma.c      0x00000000   Number         0  gd32f1x0_dma.o ABSOLUTE
    ..\\Library\\Source\\gd32f1x0_exti.c     0x00000000   Number         0  gd32f1x0_exti.o ABSOLUTE
    ..\\Library\\Source\\gd32f1x0_fmc.c      0x00000000   Number         0  gd32f1x0_fmc.o ABSOLUTE
    ..\\Library\\Source\\gd32f1x0_fwdgt.c    0x00000000   Number         0  gd32f1x0_fwdgt.o ABSOLUTE
    ..\\Library\\Source\\gd32f1x0_gpio.c     0x00000000   Number         0  gd32f1x0_gpio.o ABSOLUTE
    ..\\Library\\Source\\gd32f1x0_i2c.c      0x00000000   Number         0  gd32f1x0_i2c.o ABSOLUTE
    ..\\Library\\Source\\gd32f1x0_misc.c     0x00000000   Number         0  gd32f1x0_misc.o ABSOLUTE
    ..\\Library\\Source\\gd32f1x0_pmu.c      0x00000000   Number         0  gd32f1x0_pmu.o ABSOLUTE
    ..\\Library\\Source\\gd32f1x0_rcu.c      0x00000000   Number         0  gd32f1x0_rcu.o ABSOLUTE
    ..\\Library\\Source\\gd32f1x0_rtc.c      0x00000000   Number         0  gd32f1x0_rtc.o ABSOLUTE
    ..\\Library\\Source\\gd32f1x0_spi.c      0x00000000   Number         0  gd32f1x0_spi.o ABSOLUTE
    ..\\Library\\Source\\gd32f1x0_syscfg.c   0x00000000   Number         0  gd32f1x0_syscfg.o ABSOLUTE
    ..\\Library\\Source\\gd32f1x0_timer.c    0x00000000   Number         0  gd32f1x0_timer.o ABSOLUTE
    ..\\Library\\Source\\gd32f1x0_tsi.c      0x00000000   Number         0  gd32f1x0_tsi.o ABSOLUTE
    ..\\Library\\Source\\gd32f1x0_usart.c    0x00000000   Number         0  gd32f1x0_usart.o ABSOLUTE
    ..\\Library\\Source\\gd32f1x0_wwdgt.c    0x00000000   Number         0  gd32f1x0_wwdgt.o ABSOLUTE
    ..\\User\\gd32f1x0_it.c                  0x00000000   Number         0  gd32f1x0_it.o ABSOLUTE
    ..\\User\\main.c                         0x00000000   Number         0  main.o ABSOLUTE
    ..\\User\\systick.c                      0x00000000   Number         0  systick.o ABSOLUTE
    ADC.c                                    0x00000000   Number         0  adc.o ABSOLUTE
    ADC.c                                    0x00000000   Number         0  adc.o ABSOLUTE
    PID.c                                    0x00000000   Number         0  pid.o ABSOLUTE
    PID.c                                    0x00000000   Number         0  pid.o ABSOLUTE
    PWM.c                                    0x00000000   Number         0  pwm.o ABSOLUTE
    PWM.c                                    0x00000000   Number         0  pwm.o ABSOLUTE
    RTC6705.c                                0x00000000   Number         0  rtc6705.o ABSOLUTE
    RTC6705.c                                0x00000000   Number         0  rtc6705.o ABSOLUTE
    SPI.c                                    0x00000000   Number         0  spi.o ABSOLUTE
    SPI.c                                    0x00000000   Number         0  spi.o ABSOLUTE
    SmartAudio.c                             0x00000000   Number         0  smartaudio.o ABSOLUTE
    SmartAudio.c                             0x00000000   Number         0  smartaudio.o ABSOLUTE
    UART.c                                   0x00000000   Number         0  uart.o ABSOLUTE
    UART.c                                   0x00000000   Number         0  uart.o ABSOLUTE
    cfrcmple.s                               0x00000000   Number         0  cfrcmple.o ABSOLUTE
    dc.s                                     0x00000000   Number         0  dc.o ABSOLUTE
    handlers.s                               0x00000000   Number         0  handlers.o ABSOLUTE
    init.s                                   0x00000000   Number         0  init.o ABSOLUTE
    RESET                                    0x08000000   Section      272  startup_gd32f1x0.o(RESET)
    .ARM.Collect$$$$00000000                 0x08000110   Section        0  entry.o(.ARM.Collect$$$$00000000)
    .ARM.Collect$$$$00000001                 0x08000110   Section        4  entry2.o(.ARM.Collect$$$$00000001)
    .ARM.Collect$$$$00000004                 0x08000114   Section        4  entry5.o(.ARM.Collect$$$$00000004)
    .ARM.Collect$$$$00000008                 0x08000118   Section        0  entry7b.o(.ARM.Collect$$$$00000008)
    .ARM.Collect$$$$0000000A                 0x08000118   Section        0  entry8b.o(.ARM.Collect$$$$0000000A)
    .ARM.Collect$$$$0000000B                 0x08000118   Section        8  entry9a.o(.ARM.Collect$$$$0000000B)
    .ARM.Collect$$$$0000000D                 0x08000120   Section        0  entry10a.o(.ARM.Collect$$$$0000000D)
    .ARM.Collect$$$$0000000F                 0x08000120   Section        0  entry11a.o(.ARM.Collect$$$$0000000F)
    .ARM.Collect$$$$00002712                 0x08000120   Section        4  entry2.o(.ARM.Collect$$$$00002712)
    __lit__00000000                          0x08000120   Data           4  entry2.o(.ARM.Collect$$$$00002712)
    .text                                    0x08000124   Section       36  startup_gd32f1x0.o(.text)
    .text                                    0x08000148   Section        0  memseta.o(.text)
    .text                                    0x0800016c   Section        0  fadd.o(.text)
    .text                                    0x0800021c   Section        0  fmul.o(.text)
    .text                                    0x08000280   Section        0  fdiv.o(.text)
    .text                                    0x080002fc   Section        0  ffltui.o(.text)
    .text                                    0x08000306   Section        0  ffixui.o(.text)
    .text                                    0x08000330   Section       20  cfrcmple.o(.text)
    .text                                    0x08000344   Section        0  iusefp.o(.text)
    .text                                    0x08000344   Section        0  fepilogue.o(.text)
    .text                                    0x080003b4   Section       36  init.o(.text)
    i.ADC_Get_Channel                        0x080003d8   Section        0  adc.o(i.ADC_Get_Channel)
    i.ADC_IO_init                            0x080003f0   Section        0  adc.o(i.ADC_IO_init)
    i.ADC_config                             0x0800040a   Section        0  adc.o(i.ADC_config)
    i.BusFault_Handler                       0x08000470   Section        0  gd32f1x0_it.o(i.BusFault_Handler)
    i.CRC8                                   0x08000474   Section        0  smartaudio.o(i.CRC8)
    CRC8                                     0x08000475   Thumb Code    30  smartaudio.o(i.CRC8)
    i.DebugMon_Handler                       0x08000498   Section        0  gd32f1x0_it.o(i.DebugMon_Handler)
    i.HardFault_Handler                      0x0800049a   Section        0  gd32f1x0_it.o(i.HardFault_Handler)
    i.MemManage_Handler                      0x0800049e   Section        0  gd32f1x0_it.o(i.MemManage_Handler)
    i.NMI_Handler                            0x080004a2   Section        0  gd32f1x0_it.o(i.NMI_Handler)
    i.NVIC_config                            0x080004a4   Section        0  uart.o(i.NVIC_config)
    NVIC_config                              0x080004a5   Thumb Code    38  uart.o(i.NVIC_config)
    i.PID_calculate                          0x080004d0   Section        0  pid.o(i.PID_calculate)
    i.PID_init                               0x0800058c   Section        0  pid.o(i.PID_init)
    i.PWM_Output                             0x080005a0   Section        0  pwm.o(i.PWM_Output)
    i.PendSV_Handler                         0x08000664   Section        0  gd32f1x0_it.o(i.PendSV_Handler)
    i.RTC6705_frequency                      0x08000666   Section        0  rtc6705.o(i.RTC6705_frequency)
    i.RTC6705_io_init                        0x0800069c   Section        0  rtc6705.o(i.RTC6705_io_init)
    i.RTC6705_send                           0x08000700   Section        0  rtc6705.o(i.RTC6705_send)
    i.SPI_W_MOSI                             0x08000774   Section        0  spi.o(i.SPI_W_MOSI)
    i.SPI_W_NSS                              0x08000788   Section        0  spi.o(i.SPI_W_NSS)
    i.SPI_W_SCK                              0x0800079c   Section        0  spi.o(i.SPI_W_SCK)
    i.SPI_end                                0x080007b0   Section        0  spi.o(i.SPI_end)
    i.SPI_init_                              0x080007bc   Section        0  spi.o(i.SPI_init_)
    i.SVC_Handler                            0x08000834   Section        0  gd32f1x0_it.o(i.SVC_Handler)
    i.SmartAudio_VTX_send                    0x08000838   Section        0  smartaudio.o(i.SmartAudio_VTX_send)
    i.SmartAudio_VTX_updatestate             0x0800086c   Section        0  smartaudio.o(i.SmartAudio_VTX_updatestate)
    i.SmartAudio_rx                          0x0800089c   Section        0  smartaudio.o(i.SmartAudio_rx)
    i.SmartAudio_tx                          0x08000964   Section        0  smartaudio.o(i.SmartAudio_tx)
    i.SysTick_Handler                        0x08000a7c   Section        0  gd32f1x0_it.o(i.SysTick_Handler)
    i.SystemInit                             0x08000a80   Section        0  system_gd32f1x0.o(i.SystemInit)
    i.USART0_IRQHandler                      0x08000b5c   Section        0  uart.o(i.USART0_IRQHandler)
    i.USART0_init                            0x08000be4   Section        0  uart.o(i.USART0_init)
    i.USART_init                             0x08000bf8   Section        0  uart.o(i.USART_init)
    i.USART_receive_only                     0x08000cac   Section        0  uart.o(i.USART_receive_only)
    i.USART_send_buffer                      0x08000cc4   Section        0  uart.o(i.USART_send_buffer)
    i.USART_send_only                        0x08000cd4   Section        0  uart.o(i.USART_send_only)
    i.USART_start_receive                    0x08000cec   Section        0  uart.o(i.USART_start_receive)
    i.USART_stop_receive                     0x08000d08   Section        0  uart.o(i.USART_stop_receive)
    i.UsageFault_Handler                     0x08000d28   Section        0  gd32f1x0_it.o(i.UsageFault_Handler)
    i.__scatterload_copy                     0x08000d2c   Section       14  handlers.o(i.__scatterload_copy)
    i.__scatterload_null                     0x08000d3a   Section        2  handlers.o(i.__scatterload_null)
    i.__scatterload_zeroinit                 0x08000d3c   Section       14  handlers.o(i.__scatterload_zeroinit)
    i.adc_calibration_enable                 0x08000d4c   Section        0  gd32f1x0_adc.o(i.adc_calibration_enable)
    i.adc_channel_length_config              0x08000d88   Section        0  gd32f1x0_adc.o(i.adc_channel_length_config)
    i.adc_data_alignment_config              0x08000de8   Section        0  gd32f1x0_adc.o(i.adc_data_alignment_config)
    i.adc_dma_mode_disable                   0x08000e0c   Section        0  gd32f1x0_adc.o(i.adc_dma_mode_disable)
    i.adc_enable                             0x08000e20   Section        0  gd32f1x0_adc.o(i.adc_enable)
    i.adc_external_trigger_config            0x08000e3c   Section        0  gd32f1x0_adc.o(i.adc_external_trigger_config)
    i.adc_external_trigger_source_config     0x08000e90   Section        0  gd32f1x0_adc.o(i.adc_external_trigger_source_config)
    i.adc_flag_clear                         0x08000ed0   Section        0  gd32f1x0_adc.o(i.adc_flag_clear)
    i.adc_regular_channel_config             0x08000ee0   Section        0  gd32f1x0_adc.o(i.adc_regular_channel_config)
    i.adc_regular_data_read                  0x08000fbc   Section        0  gd32f1x0_adc.o(i.adc_regular_data_read)
    i.adc_software_trigger_enable            0x08000fc8   Section        0  gd32f1x0_adc.o(i.adc_software_trigger_enable)
    i.adc_special_function_config            0x08000ff4   Section        0  gd32f1x0_adc.o(i.adc_special_function_config)
    i.delay_1ms                              0x08001074   Section        0  systick.o(i.delay_1ms)
    i.delay_1ms_user                         0x080010d4   Section        0  systick.o(i.delay_1ms_user)
    i.gpio_af_set                            0x080010f4   Section        0  gd32f1x0_gpio.o(i.gpio_af_set)
    i.gpio_bit_reset                         0x08001152   Section        0  gd32f1x0_gpio.o(i.gpio_bit_reset)
    i.gpio_bit_set                           0x08001156   Section        0  gd32f1x0_gpio.o(i.gpio_bit_set)
    i.gpio_bit_write                         0x0800115a   Section        0  gd32f1x0_gpio.o(i.gpio_bit_write)
    i.gpio_mode_set                          0x08001164   Section        0  gd32f1x0_gpio.o(i.gpio_mode_set)
    i.gpio_output_options_set                0x080011b2   Section        0  gd32f1x0_gpio.o(i.gpio_output_options_set)
    i.led_init                               0x080011f4   Section        0  uart.o(i.led_init)
    i.main                                   0x0800121c   Section        0  main.o(i.main)
    i.nvic_irq_enable                        0x08001314   Section        0  gd32f1x0_misc.o(i.nvic_irq_enable)
    i.nvic_priority_group_set                0x080013c0   Section        0  gd32f1x0_misc.o(i.nvic_priority_group_set)
    i.nvic_vector_table_set                  0x080013d4   Section        0  gd32f1x0_misc.o(i.nvic_vector_table_set)
    i.rcu_adc_clock_config                   0x080013f8   Section        0  gd32f1x0_rcu.o(i.rcu_adc_clock_config)
    i.rcu_clock_freq_get                     0x08001490   Section        0  gd32f1x0_rcu.o(i.rcu_clock_freq_get)
    i.rcu_periph_clock_enable                0x08001738   Section        0  gd32f1x0_rcu.o(i.rcu_periph_clock_enable)
    i.rcu_periph_reset_disable               0x08001758   Section        0  gd32f1x0_rcu.o(i.rcu_periph_reset_disable)
    i.rcu_periph_reset_enable                0x08001778   Section        0  gd32f1x0_rcu.o(i.rcu_periph_reset_enable)
    i.set_target                             0x08001798   Section        0  pid.o(i.set_target)
    i.system_clock_48m_irc8m                 0x080017b8   Section        0  system_gd32f1x0.o(i.system_clock_48m_irc8m)
    system_clock_48m_irc8m                   0x080017b9   Thumb Code   104  system_gd32f1x0.o(i.system_clock_48m_irc8m)
    i.system_clock_config                    0x08001828   Section        0  system_gd32f1x0.o(i.system_clock_config)
    system_clock_config                      0x08001829   Thumb Code     8  system_gd32f1x0.o(i.system_clock_config)
    i.systick_clksource_set                  0x08001830   Section        0  gd32f1x0_misc.o(i.systick_clksource_set)
    i.systick_config                         0x08001858   Section        0  systick.o(i.systick_config)
    i.timer_auto_reload_shadow_enable        0x0800189c   Section        0  gd32f1x0_timer.o(i.timer_auto_reload_shadow_enable)
    i.timer_channel_output_config            0x080018a8   Section        0  gd32f1x0_timer.o(i.timer_channel_output_config)
    i.timer_channel_output_mode_config       0x08001ab0   Section        0  gd32f1x0_timer.o(i.timer_channel_output_mode_config)
    i.timer_channel_output_pulse_value_config 0x08001b0a   Section        0  gd32f1x0_timer.o(i.timer_channel_output_pulse_value_config)
    i.timer_channel_output_shadow_config     0x08001b30   Section        0  gd32f1x0_timer.o(i.timer_channel_output_shadow_config)
    i.timer_deinit                           0x08001b8c   Section        0  gd32f1x0_timer.o(i.timer_deinit)
    i.timer_enable                           0x08001c68   Section        0  gd32f1x0_timer.o(i.timer_enable)
    i.timer_init                             0x08001c74   Section        0  gd32f1x0_timer.o(i.timer_init)
    i.timer_primary_output_config            0x08001d20   Section        0  gd32f1x0_timer.o(i.timer_primary_output_config)
    i.usart_baudrate_set                     0x08001d38   Section        0  gd32f1x0_usart.o(i.usart_baudrate_set)
    i.usart_clock_disable                    0x08001db4   Section        0  gd32f1x0_usart.o(i.usart_clock_disable)
    i.usart_data_receive                     0x08001dc6   Section        0  gd32f1x0_usart.o(i.usart_data_receive)
    i.usart_deinit                           0x08001dd0   Section        0  gd32f1x0_usart.o(i.usart_deinit)
    i.usart_enable                           0x08001e10   Section        0  gd32f1x0_usart.o(i.usart_enable)
    i.usart_halfduplex_enable                0x08001e1a   Section        0  gd32f1x0_usart.o(i.usart_halfduplex_enable)
    i.usart_hardware_flow_cts_config         0x08001e2c   Section        0  gd32f1x0_usart.o(i.usart_hardware_flow_cts_config)
    i.usart_hardware_flow_rts_config         0x08001e44   Section        0  gd32f1x0_usart.o(i.usart_hardware_flow_rts_config)
    i.usart_interrupt_disable                0x08001e5c   Section        0  gd32f1x0_usart.o(i.usart_interrupt_disable)
    i.usart_interrupt_enable                 0x08001e76   Section        0  gd32f1x0_usart.o(i.usart_interrupt_enable)
    i.usart_interrupt_flag_clear             0x08001e90   Section        0  gd32f1x0_usart.o(i.usart_interrupt_flag_clear)
    i.usart_interrupt_flag_get               0x08001ea2   Section        0  gd32f1x0_usart.o(i.usart_interrupt_flag_get)
    i.usart_irda_mode_disable                0x08001eda   Section        0  gd32f1x0_usart.o(i.usart_irda_mode_disable)
    i.usart_lin_mode_disable                 0x08001eec   Section        0  gd32f1x0_usart.o(i.usart_lin_mode_disable)
    i.usart_parity_config                    0x08001efe   Section        0  gd32f1x0_usart.o(i.usart_parity_config)
    i.usart_receive_config                   0x08001f16   Section        0  gd32f1x0_usart.o(i.usart_receive_config)
    i.usart_smartcard_mode_disable           0x08001f26   Section        0  gd32f1x0_usart.o(i.usart_smartcard_mode_disable)
    i.usart_stop_bit_set                     0x08001f38   Section        0  gd32f1x0_usart.o(i.usart_stop_bit_set)
    i.usart_transmit_config                  0x08001f50   Section        0  gd32f1x0_usart.o(i.usart_transmit_config)
    i.usart_word_length_set                  0x08001f60   Section        0  gd32f1x0_usart.o(i.usart_word_length_set)
    .constdata                               0x08001f78   Section        8  pid.o(.constdata)
    .constdata                               0x08001f80   Section      256  smartaudio.o(.constdata)
    SmartAudio_CRC8Tab                       0x08001f80   Data         256  smartaudio.o(.constdata)
    .data                                    0x20000000   Section        4  system_gd32f1x0.o(.data)
    .data                                    0x20000004   Section       14  main.o(.data)
    .data                                    0x20000014   Section        8  systick.o(.data)
    count_1us                                0x20000014   Data           4  systick.o(.data)
    count_1ms                                0x20000018   Data           4  systick.o(.data)
    .data                                    0x2000001c   Section        8  smartaudio.o(.data)
    .bss                                     0x20000024   Section       44  main.o(.bss)
    .bss                                     0x20000050   Section       67  uart.o(.bss)
    STACK                                    0x20000098   Section     1024  startup_gd32f1x0.o(STACK)

    Global Symbols

    Symbol Name                              Value     Ov Type        Size  Object(Section)

    BuildAttributes$$THM_ISAv4$P$D$K$B$S$PE$A:L22UL41UL21$X:L11$S22US41US21$IEEE1$IW$USESV6$~STKCKD$USESV7$~SHL$OTIME$ROPI$EBA8$MICROLIB$REQ8$PRES8$EABIv2 0x00000000   Number         0  anon$$obj.o ABSOLUTE
    __ARM_use_no_argv                        0x00000000   Number         0  main.o ABSOLUTE
    __cpp_initialize__aeabi_                  - Undefined Weak Reference
    __cxa_finalize                            - Undefined Weak Reference
    __decompress                              - Undefined Weak Reference
    _clock_init                               - Undefined Weak Reference
    _microlib_exit                            - Undefined Weak Reference
    __Vectors_Size                           0x00000110   Number         0  startup_gd32f1x0.o ABSOLUTE
    __Vectors                                0x08000000   Data           4  startup_gd32f1x0.o(RESET)
    __Vectors_End                            0x08000110   Data           0  startup_gd32f1x0.o(RESET)
    __main                                   0x08000111   Thumb Code     0  entry.o(.ARM.Collect$$$$00000000)
    _main_stk                                0x08000111   Thumb Code     0  entry2.o(.ARM.Collect$$$$00000001)
    _main_scatterload                        0x08000115   Thumb Code     0  entry5.o(.ARM.Collect$$$$00000004)
    __main_after_scatterload                 0x08000119   Thumb Code     0  entry5.o(.ARM.Collect$$$$00000004)
    _main_clock                              0x08000119   Thumb Code     0  entry7b.o(.ARM.Collect$$$$00000008)
    _main_cpp_init                           0x08000119   Thumb Code     0  entry8b.o(.ARM.Collect$$$$0000000A)
    _main_init                               0x08000119   Thumb Code     0  entry9a.o(.ARM.Collect$$$$0000000B)
    __rt_final_cpp                           0x08000121   Thumb Code     0  entry10a.o(.ARM.Collect$$$$0000000D)
    __rt_final_exit                          0x08000121   Thumb Code     0  entry11a.o(.ARM.Collect$$$$0000000F)
    Reset_Handler                            0x08000125   Thumb Code     8  startup_gd32f1x0.o(.text)
    ADC_CMP_IRQHandler                       0x0800013f   Thumb Code     0  startup_gd32f1x0.o(.text)
    CEC_IRQHandler                           0x0800013f   Thumb Code     0  startup_gd32f1x0.o(.text)
    DMA_Channel0_IRQHandler                  0x0800013f   Thumb Code     0  startup_gd32f1x0.o(.text)
    DMA_Channel1_2_IRQHandler                0x0800013f   Thumb Code     0  startup_gd32f1x0.o(.text)
    DMA_Channel3_4_IRQHandler                0x0800013f   Thumb Code     0  startup_gd32f1x0.o(.text)
    DMA_Channel5_6_IRQHandler                0x0800013f   Thumb Code     0  startup_gd32f1x0.o(.text)
    EXTI0_1_IRQHandler                       0x0800013f   Thumb Code     0  startup_gd32f1x0.o(.text)
    EXTI2_3_IRQHandler                       0x0800013f   Thumb Code     0  startup_gd32f1x0.o(.text)
    EXTI4_15_IRQHandler                      0x0800013f   Thumb Code     0  startup_gd32f1x0.o(.text)
    FMC_IRQHandler                           0x0800013f   Thumb Code     0  startup_gd32f1x0.o(.text)
    I2C0_ER_IRQHandler                       0x0800013f   Thumb Code     0  startup_gd32f1x0.o(.text)
    I2C0_EV_IRQHandler                       0x0800013f   Thumb Code     0  startup_gd32f1x0.o(.text)
    I2C1_ER_IRQHandler                       0x0800013f   Thumb Code     0  startup_gd32f1x0.o(.text)
    I2C1_EV_IRQHandler                       0x0800013f   Thumb Code     0  startup_gd32f1x0.o(.text)
    I2C2_ER_IRQHandler                       0x0800013f   Thumb Code     0  startup_gd32f1x0.o(.text)
    I2C2_EV_IRQHandler                       0x0800013f   Thumb Code     0  startup_gd32f1x0.o(.text)
    LVD_IRQHandler                           0x0800013f   Thumb Code     0  startup_gd32f1x0.o(.text)
    RCU_IRQHandler                           0x0800013f   Thumb Code     0  startup_gd32f1x0.o(.text)
    RTC_IRQHandler                           0x0800013f   Thumb Code     0  startup_gd32f1x0.o(.text)
    SPI0_IRQHandler                          0x0800013f   Thumb Code     0  startup_gd32f1x0.o(.text)
    SPI1_IRQHandler                          0x0800013f   Thumb Code     0  startup_gd32f1x0.o(.text)
    SPI2_IRQHandler                          0x0800013f   Thumb Code     0  startup_gd32f1x0.o(.text)
    TIMER0_BRK_UP_TRG_COM_IRQHandler         0x0800013f   Thumb Code     0  startup_gd32f1x0.o(.text)
    TIMER0_Channel_IRQHandler                0x0800013f   Thumb Code     0  startup_gd32f1x0.o(.text)
    TIMER13_IRQHandler                       0x0800013f   Thumb Code     0  startup_gd32f1x0.o(.text)
    TIMER14_IRQHandler                       0x0800013f   Thumb Code     0  startup_gd32f1x0.o(.text)
    TIMER15_IRQHandler                       0x0800013f   Thumb Code     0  startup_gd32f1x0.o(.text)
    TIMER16_IRQHandler                       0x0800013f   Thumb Code     0  startup_gd32f1x0.o(.text)
    TIMER1_IRQHandler                        0x0800013f   Thumb Code     0  startup_gd32f1x0.o(.text)
    TIMER2_IRQHandler                        0x0800013f   Thumb Code     0  startup_gd32f1x0.o(.text)
    TIMER5_DAC_IRQHandler                    0x0800013f   Thumb Code     0  startup_gd32f1x0.o(.text)
    TSI_IRQHandler                           0x0800013f   Thumb Code     0  startup_gd32f1x0.o(.text)
    USART1_IRQHandler                        0x0800013f   Thumb Code     0  startup_gd32f1x0.o(.text)
    USBDWakeUp_IRQHandler                    0x0800013f   Thumb Code     0  startup_gd32f1x0.o(.text)
    USBD_HP_IRQHandler                       0x0800013f   Thumb Code     0  startup_gd32f1x0.o(.text)
    USBD_LP_IRQHandler                       0x0800013f   Thumb Code     0  startup_gd32f1x0.o(.text)
    WWDGT_IRQHandler                         0x0800013f   Thumb Code     0  startup_gd32f1x0.o(.text)
    __aeabi_memset                           0x08000149   Thumb Code    14  memseta.o(.text)
    __aeabi_memset4                          0x08000149   Thumb Code     0  memseta.o(.text)
    __aeabi_memset8                          0x08000149   Thumb Code     0  memseta.o(.text)
    __aeabi_memclr                           0x08000157   Thumb Code     4  memseta.o(.text)
    __aeabi_memclr4                          0x08000157   Thumb Code     0  memseta.o(.text)
    __aeabi_memclr8                          0x08000157   Thumb Code     0  memseta.o(.text)
    _memset$wrapper                          0x0800015b   Thumb Code    18  memseta.o(.text)
    __aeabi_fadd                             0x0800016d   Thumb Code   164  fadd.o(.text)
    __aeabi_fsub                             0x08000211   Thumb Code     6  fadd.o(.text)
    __aeabi_frsub                            0x08000217   Thumb Code     6  fadd.o(.text)
    __aeabi_fmul                             0x0800021d   Thumb Code   100  fmul.o(.text)
    __aeabi_fdiv                             0x08000281   Thumb Code   124  fdiv.o(.text)
    __aeabi_ui2f                             0x080002fd   Thumb Code    10  ffltui.o(.text)
    __aeabi_f2uiz                            0x08000307   Thumb Code    40  ffixui.o(.text)
    __aeabi_cfrcmple                         0x08000331   Thumb Code    20  cfrcmple.o(.text)
    __I$use$fp                               0x08000345   Thumb Code     0  iusefp.o(.text)
    _float_round                             0x08000345   Thumb Code    18  fepilogue.o(.text)
    _float_epilogue                          0x08000357   Thumb Code    92  fepilogue.o(.text)
    __scatterload                            0x080003b5   Thumb Code    28  init.o(.text)
    __scatterload_rt2                        0x080003b5   Thumb Code     0  init.o(.text)
    ADC_Get_Channel                          0x080003d9   Thumb Code    24  adc.o(i.ADC_Get_Channel)
    ADC_IO_init                              0x080003f1   Thumb Code    26  adc.o(i.ADC_IO_init)
    ADC_config                               0x0800040b   Thumb Code   102  adc.o(i.ADC_config)
    BusFault_Handler                         0x08000471   Thumb Code     4  gd32f1x0_it.o(i.BusFault_Handler)
    DebugMon_Handler                         0x08000499   Thumb Code     2  gd32f1x0_it.o(i.DebugMon_Handler)
    HardFault_Handler                        0x0800049b   Thumb Code     4  gd32f1x0_it.o(i.HardFault_Handler)
    MemManage_Handler                        0x0800049f   Thumb Code     4  gd32f1x0_it.o(i.MemManage_Handler)
    NMI_Handler                              0x080004a3   Thumb Code     2  gd32f1x0_it.o(i.NMI_Handler)
    PID_calculate                            0x080004d1   Thumb Code   184  pid.o(i.PID_calculate)
    PID_init                                 0x0800058d   Thumb Code    18  pid.o(i.PID_init)
    PWM_Output                               0x080005a1   Thumb Code   188  pwm.o(i.PWM_Output)
    PendSV_Handler                           0x08000665   Thumb Code     2  gd32f1x0_it.o(i.PendSV_Handler)
    RTC6705_frequency                        0x08000667   Thumb Code    54  rtc6705.o(i.RTC6705_frequency)
    RTC6705_io_init                          0x0800069d   Thumb Code    94  rtc6705.o(i.RTC6705_io_init)
    RTC6705_send                             0x08000701   Thumb Code   110  rtc6705.o(i.RTC6705_send)
    SPI_W_MOSI                               0x08000775   Thumb Code    16  spi.o(i.SPI_W_MOSI)
    SPI_W_NSS                                0x08000789   Thumb Code    16  spi.o(i.SPI_W_NSS)
    SPI_W_SCK                                0x0800079d   Thumb Code    20  spi.o(i.SPI_W_SCK)
    SPI_end                                  0x080007b1   Thumb Code    10  spi.o(i.SPI_end)
    SPI_init_                                0x080007bd   Thumb Code   116  spi.o(i.SPI_init_)
    SVC_Handler                              0x08000835   Thumb Code     2  gd32f1x0_it.o(i.SVC_Handler)
    SmartAudio_VTX_send                      0x08000839   Thumb Code    46  smartaudio.o(i.SmartAudio_VTX_send)
    SmartAudio_VTX_updatestate               0x0800086d   Thumb Code    44  smartaudio.o(i.SmartAudio_VTX_updatestate)
    SmartAudio_rx                            0x0800089d   Thumb Code   194  smartaudio.o(i.SmartAudio_rx)
    SmartAudio_tx                            0x08000965   Thumb Code   276  smartaudio.o(i.SmartAudio_tx)
    SysTick_Handler                          0x08000a7d   Thumb Code     2  gd32f1x0_it.o(i.SysTick_Handler)
    SystemInit                               0x08000a81   Thumb Code   204  system_gd32f1x0.o(i.SystemInit)
    USART0_IRQHandler                        0x08000b5d   Thumb Code   118  uart.o(i.USART0_IRQHandler)
    USART0_init                              0x08000be5   Thumb Code    20  uart.o(i.USART0_init)
    USART_init                               0x08000bf9   Thumb Code   176  uart.o(i.USART_init)
    USART_receive_only                       0x08000cad   Thumb Code    20  uart.o(i.USART_receive_only)
    USART_send_buffer                        0x08000cc5   Thumb Code    14  uart.o(i.USART_send_buffer)
    USART_send_only                          0x08000cd5   Thumb Code    20  uart.o(i.USART_send_only)
    USART_start_receive                      0x08000ced   Thumb Code    24  uart.o(i.USART_start_receive)
    USART_stop_receive                       0x08000d09   Thumb Code    28  uart.o(i.USART_stop_receive)
    UsageFault_Handler                       0x08000d29   Thumb Code     4  gd32f1x0_it.o(i.UsageFault_Handler)
    __scatterload_copy                       0x08000d2d   Thumb Code    14  handlers.o(i.__scatterload_copy)
    __scatterload_null                       0x08000d3b   Thumb Code     2  handlers.o(i.__scatterload_null)
    __scatterload_zeroinit                   0x08000d3d   Thumb Code    14  handlers.o(i.__scatterload_zeroinit)
    adc_calibration_enable                   0x08000d4d   Thumb Code    54  gd32f1x0_adc.o(i.adc_calibration_enable)
    adc_channel_length_config                0x08000d89   Thumb Code    92  gd32f1x0_adc.o(i.adc_channel_length_config)
    adc_data_alignment_config                0x08000de9   Thumb Code    30  gd32f1x0_adc.o(i.adc_data_alignment_config)
    adc_dma_mode_disable                     0x08000e0d   Thumb Code    14  gd32f1x0_adc.o(i.adc_dma_mode_disable)
    adc_enable                               0x08000e21   Thumb Code    24  gd32f1x0_adc.o(i.adc_enable)
    adc_external_trigger_config              0x08000e3d   Thumb Code    78  gd32f1x0_adc.o(i.adc_external_trigger_config)
    adc_external_trigger_source_config       0x08000e91   Thumb Code    60  gd32f1x0_adc.o(i.adc_external_trigger_source_config)
    adc_flag_clear                           0x08000ed1   Thumb Code    12  gd32f1x0_adc.o(i.adc_flag_clear)
    adc_regular_channel_config               0x08000ee1   Thumb Code   214  gd32f1x0_adc.o(i.adc_regular_channel_config)
    adc_regular_data_read                    0x08000fbd   Thumb Code     8  gd32f1x0_adc.o(i.adc_regular_data_read)
    adc_software_trigger_enable              0x08000fc9   Thumb Code    38  gd32f1x0_adc.o(i.adc_software_trigger_enable)
    adc_special_function_config              0x08000ff5   Thumb Code   122  gd32f1x0_adc.o(i.adc_special_function_config)
    delay_1ms                                0x08001075   Thumb Code    90  systick.o(i.delay_1ms)
    delay_1ms_user                           0x080010d5   Thumb Code    32  systick.o(i.delay_1ms_user)
    gpio_af_set                              0x080010f5   Thumb Code    94  gd32f1x0_gpio.o(i.gpio_af_set)
    gpio_bit_reset                           0x08001153   Thumb Code     4  gd32f1x0_gpio.o(i.gpio_bit_reset)
    gpio_bit_set                             0x08001157   Thumb Code     4  gd32f1x0_gpio.o(i.gpio_bit_set)
    gpio_bit_write                           0x0800115b   Thumb Code    10  gd32f1x0_gpio.o(i.gpio_bit_write)
    gpio_mode_set                            0x08001165   Thumb Code    78  gd32f1x0_gpio.o(i.gpio_mode_set)
    gpio_output_options_set                  0x080011b3   Thumb Code    66  gd32f1x0_gpio.o(i.gpio_output_options_set)
    led_init                                 0x080011f5   Thumb Code    40  uart.o(i.led_init)
    main                                     0x0800121d   Thumb Code   200  main.o(i.main)
    nvic_irq_enable                          0x08001315   Thumb Code   162  gd32f1x0_misc.o(i.nvic_irq_enable)
    nvic_priority_group_set                  0x080013c1   Thumb Code    10  gd32f1x0_misc.o(i.nvic_priority_group_set)
    nvic_vector_table_set                    0x080013d5   Thumb Code    28  gd32f1x0_misc.o(i.nvic_vector_table_set)
    rcu_adc_clock_config                     0x080013f9   Thumb Code   148  gd32f1x0_rcu.o(i.rcu_adc_clock_config)
    rcu_clock_freq_get                       0x08001491   Thumb Code   646  gd32f1x0_rcu.o(i.rcu_clock_freq_get)
    rcu_periph_clock_enable                  0x08001739   Thumb Code    28  gd32f1x0_rcu.o(i.rcu_periph_clock_enable)
    rcu_periph_reset_disable                 0x08001759   Thumb Code    28  gd32f1x0_rcu.o(i.rcu_periph_reset_disable)
    rcu_periph_reset_enable                  0x08001779   Thumb Code    28  gd32f1x0_rcu.o(i.rcu_periph_reset_enable)
    set_target                               0x08001799   Thumb Code    28  pid.o(i.set_target)
    systick_clksource_set                    0x08001831   Thumb Code    40  gd32f1x0_misc.o(i.systick_clksource_set)
    systick_config                           0x08001859   Thumb Code    46  systick.o(i.systick_config)
    timer_auto_reload_shadow_enable          0x0800189d   Thumb Code    10  gd32f1x0_timer.o(i.timer_auto_reload_shadow_enable)
    timer_channel_output_config              0x080018a9   Thumb Code   502  gd32f1x0_timer.o(i.timer_channel_output_config)
    timer_channel_output_mode_config         0x08001ab1   Thumb Code    90  gd32f1x0_timer.o(i.timer_channel_output_mode_config)
    timer_channel_output_pulse_value_config  0x08001b0b   Thumb Code    38  gd32f1x0_timer.o(i.timer_channel_output_pulse_value_config)
    timer_channel_output_shadow_config       0x08001b31   Thumb Code    90  gd32f1x0_timer.o(i.timer_channel_output_shadow_config)
    timer_deinit                             0x08001b8d   Thumb Code   210  gd32f1x0_timer.o(i.timer_deinit)
    timer_enable                             0x08001c69   Thumb Code    10  gd32f1x0_timer.o(i.timer_enable)
    timer_init                               0x08001c75   Thumb Code   146  gd32f1x0_timer.o(i.timer_init)
    timer_primary_output_config              0x08001d21   Thumb Code    24  gd32f1x0_timer.o(i.timer_primary_output_config)
    usart_baudrate_set                       0x08001d39   Thumb Code   120  gd32f1x0_usart.o(i.usart_baudrate_set)
    usart_clock_disable                      0x08001db5   Thumb Code    18  gd32f1x0_usart.o(i.usart_clock_disable)
    usart_data_receive                       0x08001dc7   Thumb Code    10  gd32f1x0_usart.o(i.usart_data_receive)
    usart_deinit                             0x08001dd1   Thumb Code    58  gd32f1x0_usart.o(i.usart_deinit)
    usart_enable                             0x08001e11   Thumb Code    10  gd32f1x0_usart.o(i.usart_enable)
    usart_halfduplex_enable                  0x08001e1b   Thumb Code    18  gd32f1x0_usart.o(i.usart_halfduplex_enable)
    usart_hardware_flow_cts_config           0x08001e2d   Thumb Code    24  gd32f1x0_usart.o(i.usart_hardware_flow_cts_config)
    usart_hardware_flow_rts_config           0x08001e45   Thumb Code    24  gd32f1x0_usart.o(i.usart_hardware_flow_rts_config)
    usart_interrupt_disable                  0x08001e5d   Thumb Code    26  gd32f1x0_usart.o(i.usart_interrupt_disable)
    usart_interrupt_enable                   0x08001e77   Thumb Code    26  gd32f1x0_usart.o(i.usart_interrupt_enable)
    usart_interrupt_flag_clear               0x08001e91   Thumb Code    18  gd32f1x0_usart.o(i.usart_interrupt_flag_clear)
    usart_interrupt_flag_get                 0x08001ea3   Thumb Code    56  gd32f1x0_usart.o(i.usart_interrupt_flag_get)
    usart_irda_mode_disable                  0x08001edb   Thumb Code    18  gd32f1x0_usart.o(i.usart_irda_mode_disable)
    usart_lin_mode_disable                   0x08001eed   Thumb Code    18  gd32f1x0_usart.o(i.usart_lin_mode_disable)
    usart_parity_config                      0x08001eff   Thumb Code    24  gd32f1x0_usart.o(i.usart_parity_config)
    usart_receive_config                     0x08001f17   Thumb Code    16  gd32f1x0_usart.o(i.usart_receive_config)
    usart_smartcard_mode_disable             0x08001f27   Thumb Code    18  gd32f1x0_usart.o(i.usart_smartcard_mode_disable)
    usart_stop_bit_set                       0x08001f39   Thumb Code    24  gd32f1x0_usart.o(i.usart_stop_bit_set)
    usart_transmit_config                    0x08001f51   Thumb Code    16  gd32f1x0_usart.o(i.usart_transmit_config)
    usart_word_length_set                    0x08001f61   Thumb Code    24  gd32f1x0_usart.o(i.usart_word_length_set)
    voltage_mode                             0x08001f78   Data           8  pid.o(.constdata)
    Region$$Table$$Base                      0x08002080   Number         0  anon$$obj.o(Region$$Table)
    Region$$Table$$Limit                     0x080020a0   Number         0  anon$$obj.o(Region$$Table)
    SystemCoreClock                          0x20000000   Data           4  system_gd32f1x0.o(.data)
    Val                                      0x20000004   Data           2  main.o(.data)
    target_mode                              0x20000006   Data           2  main.o(.data)
    feedbackVal                              0x20000008   Data           4  main.o(.data)
    num                                      0x2000000c   Data           2  main.o(.data)
    output                                   0x2000000e   Data           2  main.o(.data)
    ActuatorOutput                           0x20000010   Data           2  main.o(.data)
    Unify                                    0x2000001c   Data           8  smartaudio.o(.data)
    pid_voltage                              0x20000024   Data          44  main.o(.bss)
    USART0_buff_Ctrl                         0x20000050   Data          67  uart.o(.bss)
    __initial_sp                             0x20000498   Data           0  startup_gd32f1x0.o(STACK)



==============================================================================

Memory Map of the image

  Image Entry point : 0x08000111

  Load Region LR_IROM1 (Base: 0x08000000, Size: 0x000020c4, Max: 0x00008000, ABSOLUTE)

    Execution Region ER_IROM1 (Exec base: 0x08000000, Load base: 0x08000000, Size: 0x000020a0, Max: 0x00008000, ABSOLUTE)

    Exec Addr    Load Addr    Size         Type   Attr      Idx    E Section Name        Object

    0x08000000   0x08000000   0x00000110   Data   RO          137    RESET               startup_gd32f1x0.o
    0x08000110   0x08000110   0x00000000   Code   RO         4285  * .ARM.Collect$$$$00000000  mc_w.l(entry.o)
    0x08000110   0x08000110   0x00000004   Code   RO         4302    .ARM.Collect$$$$00000001  mc_w.l(entry2.o)
    0x08000114   0x08000114   0x00000004   Code   RO         4305    .ARM.Collect$$$$00000004  mc_w.l(entry5.o)
    0x08000118   0x08000118   0x00000000   Code   RO         4307    .ARM.Collect$$$$00000008  mc_w.l(entry7b.o)
    0x08000118   0x08000118   0x00000000   Code   RO         4309    .ARM.Collect$$$$0000000A  mc_w.l(entry8b.o)
    0x08000118   0x08000118   0x00000008   Code   RO         4310    .ARM.Collect$$$$0000000B  mc_w.l(entry9a.o)
    0x08000120   0x08000120   0x00000000   Code   RO         4312    .ARM.Collect$$$$0000000D  mc_w.l(entry10a.o)
    0x08000120   0x08000120   0x00000000   Code   RO         4314    .ARM.Collect$$$$0000000F  mc_w.l(entry11a.o)
    0x08000120   0x08000120   0x00000004   Code   RO         4303    .ARM.Collect$$$$00002712  mc_w.l(entry2.o)
    0x08000124   0x08000124   0x00000024   Code   RO          138    .text               startup_gd32f1x0.o
    0x08000148   0x08000148   0x00000024   Code   RO         4288    .text               mc_w.l(memseta.o)
    0x0800016c   0x0800016c   0x000000b0   Code   RO         4290    .text               mf_w.l(fadd.o)
    0x0800021c   0x0800021c   0x00000064   Code   RO         4292    .text               mf_w.l(fmul.o)
    0x08000280   0x08000280   0x0000007c   Code   RO         4294    .text               mf_w.l(fdiv.o)
    0x080002fc   0x080002fc   0x0000000a   Code   RO         4296    .text               mf_w.l(ffltui.o)
    0x08000306   0x08000306   0x00000028   Code   RO         4298    .text               mf_w.l(ffixui.o)
    0x0800032e   0x0800032e   0x00000002   PAD
    0x08000330   0x08000330   0x00000014   Code   RO         4300    .text               mf_w.l(cfrcmple.o)
    0x08000344   0x08000344   0x00000000   Code   RO         4316    .text               mc_w.l(iusefp.o)
    0x08000344   0x08000344   0x0000006e   Code   RO         4317    .text               mf_w.l(fepilogue.o)
    0x080003b2   0x080003b2   0x00000002   PAD
    0x080003b4   0x080003b4   0x00000024   Code   RO         4319    .text               mc_w.l(init.o)
    0x080003d8   0x080003d8   0x00000018   Code   RO         4021    i.ADC_Get_Channel   adc.o
    0x080003f0   0x080003f0   0x0000001a   Code   RO         4022    i.ADC_IO_init       adc.o
    0x0800040a   0x0800040a   0x00000066   Code   RO         4023    i.ADC_config        adc.o
    0x08000470   0x08000470   0x00000004   Code   RO         3742    i.BusFault_Handler  gd32f1x0_it.o
    0x08000474   0x08000474   0x00000024   Code   RO         4127    i.CRC8              smartaudio.o
    0x08000498   0x08000498   0x00000002   Code   RO         3743    i.DebugMon_Handler  gd32f1x0_it.o
    0x0800049a   0x0800049a   0x00000004   Code   RO         3744    i.HardFault_Handler  gd32f1x0_it.o
    0x0800049e   0x0800049e   0x00000004   Code   RO         3745    i.MemManage_Handler  gd32f1x0_it.o
    0x080004a2   0x080004a2   0x00000002   Code   RO         3746    i.NMI_Handler       gd32f1x0_it.o
    0x080004a4   0x080004a4   0x0000002c   Code   RO         4189    i.NVIC_config       uart.o
    0x080004d0   0x080004d0   0x000000bc   Code   RO         4085    i.PID_calculate     pid.o
    0x0800058c   0x0800058c   0x00000012   Code   RO         4086    i.PID_init          pid.o
    0x0800059e   0x0800059e   0x00000002   PAD
    0x080005a0   0x080005a0   0x000000c4   Code   RO         4057    i.PWM_Output        pwm.o
    0x08000664   0x08000664   0x00000002   Code   RO         3747    i.PendSV_Handler    gd32f1x0_it.o
    0x08000666   0x08000666   0x00000036   Code   RO         3922    i.RTC6705_frequency  rtc6705.o
    0x0800069c   0x0800069c   0x00000064   Code   RO         3923    i.RTC6705_io_init   rtc6705.o
    0x08000700   0x08000700   0x00000074   Code   RO         3924    i.RTC6705_send      rtc6705.o
    0x08000774   0x08000774   0x00000014   Code   RO         3964    i.SPI_W_MOSI        spi.o
    0x08000788   0x08000788   0x00000014   Code   RO         3965    i.SPI_W_NSS         spi.o
    0x0800079c   0x0800079c   0x00000014   Code   RO         3966    i.SPI_W_SCK         spi.o
    0x080007b0   0x080007b0   0x0000000a   Code   RO         3968    i.SPI_end           spi.o
    0x080007ba   0x080007ba   0x00000002   PAD
    0x080007bc   0x080007bc   0x00000078   Code   RO         3969    i.SPI_init_         spi.o
    0x08000834   0x08000834   0x00000002   Code   RO         3748    i.SVC_Handler       gd32f1x0_it.o
    0x08000836   0x08000836   0x00000002   PAD
    0x08000838   0x08000838   0x00000034   Code   RO         4128    i.SmartAudio_VTX_send  smartaudio.o
    0x0800086c   0x0800086c   0x00000030   Code   RO         4129    i.SmartAudio_VTX_updatestate  smartaudio.o
    0x0800089c   0x0800089c   0x000000c8   Code   RO         4130    i.SmartAudio_rx     smartaudio.o
    0x08000964   0x08000964   0x00000118   Code   RO         4131    i.SmartAudio_tx     smartaudio.o
    0x08000a7c   0x08000a7c   0x00000002   Code   RO         3749    i.SysTick_Handler   gd32f1x0_it.o
    0x08000a7e   0x08000a7e   0x00000002   PAD
    0x08000a80   0x08000a80   0x000000dc   Code   RO            5    i.SystemInit        system_gd32f1x0.o
    0x08000b5c   0x08000b5c   0x00000088   Code   RO         4190    i.USART0_IRQHandler  uart.o
    0x08000be4   0x08000be4   0x00000014   Code   RO         4191    i.USART0_init       uart.o
    0x08000bf8   0x08000bf8   0x000000b4   Code   RO         4192    i.USART_init        uart.o
    0x08000cac   0x08000cac   0x00000018   Code   RO         4193    i.USART_receive_only  uart.o
    0x08000cc4   0x08000cc4   0x0000000e   Code   RO         4194    i.USART_send_buffer  uart.o
    0x08000cd2   0x08000cd2   0x00000002   PAD
    0x08000cd4   0x08000cd4   0x00000018   Code   RO         4196    i.USART_send_only   uart.o
    0x08000cec   0x08000cec   0x0000001c   Code   RO         4197    i.USART_start_receive  uart.o
    0x08000d08   0x08000d08   0x00000020   Code   RO         4198    i.USART_stop_receive  uart.o
    0x08000d28   0x08000d28   0x00000004   Code   RO         3750    i.UsageFault_Handler  gd32f1x0_it.o
    0x08000d2c   0x08000d2c   0x0000000e   Code   RO         4323    i.__scatterload_copy  mc_w.l(handlers.o)
    0x08000d3a   0x08000d3a   0x00000002   Code   RO         4324    i.__scatterload_null  mc_w.l(handlers.o)
    0x08000d3c   0x08000d3c   0x0000000e   Code   RO         4325    i.__scatterload_zeroinit  mc_w.l(handlers.o)
    0x08000d4a   0x08000d4a   0x00000002   PAD
    0x08000d4c   0x08000d4c   0x0000003c   Code   RO          145    i.adc_calibration_enable  gd32f1x0_adc.o
    0x08000d88   0x08000d88   0x00000060   Code   RO          146    i.adc_channel_length_config  gd32f1x0_adc.o
    0x08000de8   0x08000de8   0x00000024   Code   RO          147    i.adc_data_alignment_config  gd32f1x0_adc.o
    0x08000e0c   0x08000e0c   0x00000014   Code   RO          151    i.adc_dma_mode_disable  gd32f1x0_adc.o
    0x08000e20   0x08000e20   0x0000001c   Code   RO          153    i.adc_enable        gd32f1x0_adc.o
    0x08000e3c   0x08000e3c   0x00000054   Code   RO          154    i.adc_external_trigger_config  gd32f1x0_adc.o
    0x08000e90   0x08000e90   0x00000040   Code   RO          155    i.adc_external_trigger_source_config  gd32f1x0_adc.o
    0x08000ed0   0x08000ed0   0x00000010   Code   RO          156    i.adc_flag_clear    gd32f1x0_adc.o
    0x08000ee0   0x08000ee0   0x000000dc   Code   RO          165    i.adc_regular_channel_config  gd32f1x0_adc.o
    0x08000fbc   0x08000fbc   0x0000000c   Code   RO          166    i.adc_regular_data_read  gd32f1x0_adc.o
    0x08000fc8   0x08000fc8   0x0000002c   Code   RO          167    i.adc_software_trigger_enable  gd32f1x0_adc.o
    0x08000ff4   0x08000ff4   0x00000080   Code   RO          168    i.adc_special_function_config  gd32f1x0_adc.o
    0x08001074   0x08001074   0x00000060   Code   RO         3878    i.delay_1ms         systick.o
    0x080010d4   0x080010d4   0x00000020   Code   RO         3879    i.delay_1ms_user    systick.o
    0x080010f4   0x080010f4   0x0000005e   Code   RO         1407    i.gpio_af_set       gd32f1x0_gpio.o
    0x08001152   0x08001152   0x00000004   Code   RO         1408    i.gpio_bit_reset    gd32f1x0_gpio.o
    0x08001156   0x08001156   0x00000004   Code   RO         1409    i.gpio_bit_set      gd32f1x0_gpio.o
    0x0800115a   0x0800115a   0x0000000a   Code   RO         1410    i.gpio_bit_write    gd32f1x0_gpio.o
    0x08001164   0x08001164   0x0000004e   Code   RO         1414    i.gpio_mode_set     gd32f1x0_gpio.o
    0x080011b2   0x080011b2   0x00000042   Code   RO         1416    i.gpio_output_options_set  gd32f1x0_gpio.o
    0x080011f4   0x080011f4   0x00000028   Code   RO         4200    i.led_init          uart.o
    0x0800121c   0x0800121c   0x000000f8   Code   RO         3820    i.main              main.o
    0x08001314   0x08001314   0x000000ac   Code   RO         1708    i.nvic_irq_enable   gd32f1x0_misc.o
    0x080013c0   0x080013c0   0x00000014   Code   RO         1709    i.nvic_priority_group_set  gd32f1x0_misc.o
    0x080013d4   0x080013d4   0x00000024   Code   RO         1710    i.nvic_vector_table_set  gd32f1x0_misc.o
    0x080013f8   0x080013f8   0x00000098   Code   RO         1858    i.rcu_adc_clock_config  gd32f1x0_rcu.o
    0x08001490   0x08001490   0x000002a8   Code   RO         1867    i.rcu_clock_freq_get  gd32f1x0_rcu.o
    0x08001738   0x08001738   0x00000020   Code   RO         1887    i.rcu_periph_clock_enable  gd32f1x0_rcu.o
    0x08001758   0x08001758   0x00000020   Code   RO         1890    i.rcu_periph_reset_disable  gd32f1x0_rcu.o
    0x08001778   0x08001778   0x00000020   Code   RO         1891    i.rcu_periph_reset_enable  gd32f1x0_rcu.o
    0x08001798   0x08001798   0x00000020   Code   RO         4087    i.set_target        pid.o
    0x080017b8   0x080017b8   0x00000070   Code   RO            6    i.system_clock_48m_irc8m  system_gd32f1x0.o
    0x08001828   0x08001828   0x00000008   Code   RO            7    i.system_clock_config  system_gd32f1x0.o
    0x08001830   0x08001830   0x00000028   Code   RO         1713    i.systick_clksource_set  gd32f1x0_misc.o
    0x08001858   0x08001858   0x00000044   Code   RO         3881    i.systick_config    systick.o
    0x0800189c   0x0800189c   0x0000000a   Code   RO         2603    i.timer_auto_reload_shadow_enable  gd32f1x0_timer.o
    0x080018a6   0x080018a6   0x00000002   PAD
    0x080018a8   0x080018a8   0x00000208   Code   RO         2620    i.timer_channel_output_config  gd32f1x0_timer.o
    0x08001ab0   0x08001ab0   0x0000005a   Code   RO         2622    i.timer_channel_output_mode_config  gd32f1x0_timer.o
    0x08001b0a   0x08001b0a   0x00000026   Code   RO         2624    i.timer_channel_output_pulse_value_config  gd32f1x0_timer.o
    0x08001b30   0x08001b30   0x0000005a   Code   RO         2625    i.timer_channel_output_shadow_config  gd32f1x0_timer.o
    0x08001b8a   0x08001b8a   0x00000002   PAD
    0x08001b8c   0x08001b8c   0x000000dc   Code   RO         2634    i.timer_deinit      gd32f1x0_timer.o
    0x08001c68   0x08001c68   0x0000000a   Code   RO         2639    i.timer_enable      gd32f1x0_timer.o
    0x08001c72   0x08001c72   0x00000002   PAD
    0x08001c74   0x08001c74   0x000000ac   Code   RO         2649    i.timer_init        gd32f1x0_timer.o
    0x08001d20   0x08001d20   0x00000018   Code   RO         2664    i.timer_primary_output_config  gd32f1x0_timer.o
    0x08001d38   0x08001d38   0x0000007c   Code   RO         3276    i.usart_baudrate_set  gd32f1x0_usart.o
    0x08001db4   0x08001db4   0x00000012   Code   RO         3278    i.usart_clock_disable  gd32f1x0_usart.o
    0x08001dc6   0x08001dc6   0x0000000a   Code   RO         3282    i.usart_data_receive  gd32f1x0_usart.o
    0x08001dd0   0x08001dd0   0x00000040   Code   RO         3284    i.usart_deinit      gd32f1x0_usart.o
    0x08001e10   0x08001e10   0x0000000a   Code   RO         3291    i.usart_enable      gd32f1x0_usart.o
    0x08001e1a   0x08001e1a   0x00000012   Code   RO         3296    i.usart_halfduplex_enable  gd32f1x0_usart.o
    0x08001e2c   0x08001e2c   0x00000018   Code   RO         3297    i.usart_hardware_flow_cts_config  gd32f1x0_usart.o
    0x08001e44   0x08001e44   0x00000018   Code   RO         3298    i.usart_hardware_flow_rts_config  gd32f1x0_usart.o
    0x08001e5c   0x08001e5c   0x0000001a   Code   RO         3299    i.usart_interrupt_disable  gd32f1x0_usart.o
    0x08001e76   0x08001e76   0x0000001a   Code   RO         3300    i.usart_interrupt_enable  gd32f1x0_usart.o
    0x08001e90   0x08001e90   0x00000012   Code   RO         3301    i.usart_interrupt_flag_clear  gd32f1x0_usart.o
    0x08001ea2   0x08001ea2   0x00000038   Code   RO         3302    i.usart_interrupt_flag_get  gd32f1x0_usart.o
    0x08001eda   0x08001eda   0x00000012   Code   RO         3305    i.usart_irda_mode_disable  gd32f1x0_usart.o
    0x08001eec   0x08001eec   0x00000012   Code   RO         3308    i.usart_lin_mode_disable  gd32f1x0_usart.o
    0x08001efe   0x08001efe   0x00000018   Code   RO         3316    i.usart_parity_config  gd32f1x0_usart.o
    0x08001f16   0x08001f16   0x00000010   Code   RO         3318    i.usart_receive_config  gd32f1x0_usart.o
    0x08001f26   0x08001f26   0x00000012   Code   RO         3328    i.usart_smartcard_mode_disable  gd32f1x0_usart.o
    0x08001f38   0x08001f38   0x00000018   Code   RO         3332    i.usart_stop_bit_set  gd32f1x0_usart.o
    0x08001f50   0x08001f50   0x00000010   Code   RO         3334    i.usart_transmit_config  gd32f1x0_usart.o
    0x08001f60   0x08001f60   0x00000018   Code   RO         3338    i.usart_word_length_set  gd32f1x0_usart.o
    0x08001f78   0x08001f78   0x00000008   Data   RO         4088    .constdata          pid.o
    0x08001f80   0x08001f80   0x00000100   Data   RO         4132    .constdata          smartaudio.o
    0x08002080   0x08002080   0x00000020   Data   RO         4321    Region$$Table       anon$$obj.o


    Execution Region RW_IRAM1 (Exec base: 0x20000000, Load base: 0x080020a0, Size: 0x00000498, Max: 0x00001000, ABSOLUTE)

    Exec Addr    Load Addr    Size         Type   Attr      Idx    E Section Name        Object

    0x20000000   0x080020a0   0x00000004   Data   RW            8    .data               system_gd32f1x0.o
    0x20000004   0x080020a4   0x0000000e   Data   RW         3823    .data               main.o
    0x20000012   0x080020b2   0x00000002   PAD
    0x20000014   0x080020b4   0x00000008   Data   RW         3882    .data               systick.o
    0x2000001c   0x080020bc   0x00000008   Data   RW         4133    .data               smartaudio.o
    0x20000024        -       0x0000002c   Zero   RW         3821    .bss                main.o
    0x20000050        -       0x00000043   Zero   RW         4201    .bss                uart.o
    0x20000093   0x080020c4   0x00000005   PAD
    0x20000098        -       0x00000400   Zero   RW          135    STACK               startup_gd32f1x0.o


==============================================================================

Image component sizes


      Code (inc. data)   RO Data    RW Data    ZI Data      Debug   Object Name

       152          0          0          0          0       1349   adc.o
       808         62          0          0          0       6750   gd32f1x0_adc.o
       256          0          0          0          0       3877   gd32f1x0_gpio.o
        26          0          0          0          0       3882   gd32f1x0_it.o
       268         28          0          0          0       2408   gd32f1x0_misc.o
       928         64          0          0          0       4051   gd32f1x0_rcu.o
      1174         54          0          0          0       6199   gd32f1x0_timer.o
       576         10          0          0          0      11469   gd32f1x0_usart.o
       248         48          0         14         44       2180   main.o
       238          8          8          0          0       2919   pid.o
       196          8          0          0          0        741   pwm.o
       270         12          0          0          0       1641   rtc6705.o
       616         42        256          8          0       4819   smartaudio.o
       190         12          0          0          0       2263   spi.o
        36          8        272          0       1024        796   startup_gd32f1x0.o
       340         24          0          4          0      56123   system_gd32f1x0.o
       196         28          0          8          0       1726   systick.o
       542         44          0          0         67       5739   uart.o

    ----------------------------------------------------------------------
      7076        452        568         36       1140     118932   Object Totals
         0          0         32          0          0          0   (incl. Generated)
        16          0          0          2          5          0   (incl. Padding)

    ----------------------------------------------------------------------

      Code (inc. data)   RO Data    RW Data    ZI Data      Debug   Library Member Name

         0          0          0          0          0          0   entry.o
         0          0          0          0          0          0   entry10a.o
         0          0          0          0          0          0   entry11a.o
         8          4          0          0          0          0   entry2.o
         4          0          0          0          0          0   entry5.o
         0          0          0          0          0          0   entry7b.o
         0          0          0          0          0          0   entry8b.o
         8          4          0          0          0          0   entry9a.o
        30          0          0          0          0          0   handlers.o
        36          8          0          0          0         68   init.o
         0          0          0          0          0          0   iusefp.o
        36          0          0          0          0        108   memseta.o
        20          0          0          0          0         68   cfrcmple.o
       176          0          0          0          0        140   fadd.o
       124          0          0          0          0         88   fdiv.o
       110          0          0          0          0        168   fepilogue.o
        40          0          0          0          0         68   ffixui.o
        10          0          0          0          0         68   ffltui.o
       100          0          0          0          0         76   fmul.o

    ----------------------------------------------------------------------
       708         16          0          0          0        852   Library Totals
         6          0          0          0          0          0   (incl. Padding)

    ----------------------------------------------------------------------

      Code (inc. data)   RO Data    RW Data    ZI Data      Debug   Library Name

       122         16          0          0          0        176   mc_w.l
       580          0          0          0          0        676   mf_w.l

    ----------------------------------------------------------------------
       708         16          0          0          0        852   Library Totals

    ----------------------------------------------------------------------

==============================================================================


      Code (inc. data)   RO Data    RW Data    ZI Data      Debug   

      7784        468        568         36       1140     114528   Grand Totals
      7784        468        568         36       1140     114528   ELF Image Totals
      7784        468        568         36          0          0   ROM Totals

==============================================================================

    Total RO  Size (Code + RO Data)                 8352 (   8.16kB)
    Total RW  Size (RW Data + ZI Data)              1176 (   1.15kB)
    Total ROM Size (Code + RO Data + RW Data)       8388 (   8.19kB)

==============================================================================

