<html>
<body>
<pre>
<h1>µVision Build Log</h1>
<h2>Tool Versions:</h2>
IDE-Version: ¦ÌVision V5.28.0.0
Copyright (C) 2019 ARM Ltd and ARM Germany GmbH. All rights reserved.
License Information: User user-6, user, LIC=EXJT4-FKT85-WF9I7-E2KLL-RK7DW-5LB28
 
Tool Versions:
Toolchain:       MDK-ARM Plus  Version: 5.28.0.0
Toolchain Path:  E:\KEIL\Core\ARM\ARMCC\Bin
C Compiler:      Armcc.exe V5.06 update 6 (build 750)
Assembler:       Armasm.exe V5.06 update 6 (build 750)
Linker/Locator:  ArmLink.exe V5.06 update 6 (build 750)
Library Manager: ArmAr.exe V5.06 update 6 (build 750)
Hex Converter:   FromElf.exe V5.06 update 6 (build 750)
CPU DLL:         SARMCM3.DLL V5.28.0.0
Dialog DLL:      DCM.DLL V1.17.3.0
Target DLL:      STLink\ST-LINKIII-KEIL_SWO.dll V3.0.6.0
Dialog DLL:      TCM.DLL V1.36.2.0
 
<h2>Project:</h2>
D:\3\teat3\Project\test3.uvprojx
Project File Date:  08/24/2023

<h2>Output:</h2>
*** Using Compiler 'V5.06 update 6 (build 750)', folder: 'E:\KEIL\Core\ARM\ARMCC\Bin'
Rebuild target 'Target 1'
assembling startup_gd32f1x0.s...
compiling gd32f1x0_dac.c...
compiling gd32f1x0_dbg.c...
compiling gd32f1x0_cec.c...
compiling gd32f1x0_exti.c...
compiling gd32f1x0_cmp.c...
compiling system_gd32f1x0.c...
compiling gd32f1x0_crc.c...
compiling gd32f1x0_dma.c...
compiling gd32f1x0_fmc.c...
compiling gd32f1x0_adc.c...
compiling gd32f1x0_fwdgt.c...
compiling gd32f1x0_gpio.c...
compiling gd32f1x0_i2c.c...
compiling gd32f1x0_misc.c...
compiling gd32f1x0_pmu.c...
compiling gd32f1x0_syscfg.c...
compiling gd32f1x0_spi.c...
compiling gd32f1x0_tsi.c...
compiling gd32f1x0_rtc.c...
compiling gd32f1x0_timer.c...
compiling gd32f1x0_rcu.c...
compiling gd32f1x0_usart.c...
compiling gd32f1x0_wwdgt.c...
compiling gd32f1x0_it.c...
compiling main.c...
compiling systick.c...
compiling ADC.c...
compiling SPI.c...
compiling RTC6705.c...
compiling PWM.c...
linking...
Program Size: Code=3928 RO-data=304 RW-data=12 ZI-data=2148  
".\Objects\test3.axf" - 0 Error(s), 0 Warning(s).

<h2>Software Packages used:</h2>

Package Vendor: GigaDevice
                http://gd32mcu.com/data/documents/pack/GigaDevice.GD32F1x0_DFP.3.2.0.pack
                GigaDevice.GD32F1x0_DFP.3.2.0
                GigaDevice GD32F1x0 Series Device Support and Examples

<h2>Collection of Component include folders:</h2>
  .\RTE\_Target_1
  E:\KEIL\Pack\GigaDevice\GD32F1x0_DFP\3.2.0\Device\Include

<h2>Collection of Component Files used:</h2>
Build Time Elapsed:  00:00:01
</pre>
</body>
</html>
