Component: ARM Compiler 5.06 update 6 (build 750) Tool: armlink [4d35ed]

==============================================================================

Section Cross References

    system_gd32f1x0.o(i.SystemCoreClockUpdate) refers to system_gd32f1x0.o(.data) for SystemCoreClock
    system_gd32f1x0.o(i.SystemInit) refers to system_gd32f1x0.o(i.system_clock_config) for system_clock_config
    system_gd32f1x0.o(i.SystemInit) refers to gd32f1x0_misc.o(i.nvic_vector_table_set) for nvic_vector_table_set
    system_gd32f1x0.o(i.system_clock_config) refers to system_gd32f1x0.o(i.system_clock_48m_irc8m) for system_clock_48m_irc8m
    startup_gd32f1x0.o(STACK) refers (Special) to heapauxi.o(.text) for __use_two_region_memory
    startup_gd32f1x0.o(HEAP) refers (Special) to heapauxi.o(.text) for __use_two_region_memory
    startup_gd32f1x0.o(RESET) refers (Special) to heapauxi.o(.text) for __use_two_region_memory
    startup_gd32f1x0.o(RESET) refers to startup_gd32f1x0.o(STACK) for __initial_sp
    startup_gd32f1x0.o(RESET) refers to startup_gd32f1x0.o(.text) for Reset_Handler
    startup_gd32f1x0.o(RESET) refers to gd32f1x0_it.o(i.NMI_Handler) for NMI_Handler
    startup_gd32f1x0.o(RESET) refers to gd32f1x0_it.o(i.HardFault_Handler) for HardFault_Handler
    startup_gd32f1x0.o(RESET) refers to gd32f1x0_it.o(i.MemManage_Handler) for MemManage_Handler
    startup_gd32f1x0.o(RESET) refers to gd32f1x0_it.o(i.BusFault_Handler) for BusFault_Handler
    startup_gd32f1x0.o(RESET) refers to gd32f1x0_it.o(i.UsageFault_Handler) for UsageFault_Handler
    startup_gd32f1x0.o(RESET) refers to gd32f1x0_it.o(i.SVC_Handler) for SVC_Handler
    startup_gd32f1x0.o(RESET) refers to gd32f1x0_it.o(i.DebugMon_Handler) for DebugMon_Handler
    startup_gd32f1x0.o(RESET) refers to gd32f1x0_it.o(i.PendSV_Handler) for PendSV_Handler
    startup_gd32f1x0.o(RESET) refers to gd32f1x0_it.o(i.SysTick_Handler) for SysTick_Handler
    startup_gd32f1x0.o(.text) refers (Special) to heapauxi.o(.text) for __use_two_region_memory
    startup_gd32f1x0.o(.text) refers to system_gd32f1x0.o(i.SystemInit) for SystemInit
    startup_gd32f1x0.o(.text) refers to __main.o(!!!main) for __main
    startup_gd32f1x0.o(.text) refers to startup_gd32f1x0.o(HEAP) for Heap_Mem
    startup_gd32f1x0.o(.text) refers to startup_gd32f1x0.o(STACK) for Stack_Mem
    gd32f1x0_adc.o(i.adc_deinit) refers to gd32f1x0_rcu.o(i.rcu_periph_reset_enable) for rcu_periph_reset_enable
    gd32f1x0_adc.o(i.adc_deinit) refers to gd32f1x0_rcu.o(i.rcu_periph_reset_disable) for rcu_periph_reset_disable
    gd32f1x0_cec.o(i.cec_deinit) refers to gd32f1x0_rcu.o(i.rcu_periph_reset_enable) for rcu_periph_reset_enable
    gd32f1x0_cec.o(i.cec_deinit) refers to gd32f1x0_rcu.o(i.rcu_periph_reset_disable) for rcu_periph_reset_disable
    gd32f1x0_dac.o(i.dac_deinit) refers to gd32f1x0_rcu.o(i.rcu_periph_reset_enable) for rcu_periph_reset_enable
    gd32f1x0_dac.o(i.dac_deinit) refers to gd32f1x0_rcu.o(i.rcu_periph_reset_disable) for rcu_periph_reset_disable
    gd32f1x0_dma.o(i.dma_init) refers to gd32f1x0_dma.o(i.dma_channel_disable) for dma_channel_disable
    gd32f1x0_fmc.o(i.fmc_halfword_program) refers to gd32f1x0_fmc.o(i.fmc_ready_wait) for fmc_ready_wait
    gd32f1x0_fmc.o(i.fmc_mass_erase) refers to gd32f1x0_fmc.o(i.fmc_ready_wait) for fmc_ready_wait
    gd32f1x0_fmc.o(i.fmc_page_erase) refers to gd32f1x0_fmc.o(i.fmc_ready_wait) for fmc_ready_wait
    gd32f1x0_fmc.o(i.fmc_ready_wait) refers to gd32f1x0_fmc.o(i.fmc_state_get) for fmc_state_get
    gd32f1x0_fmc.o(i.fmc_word_program) refers to gd32f1x0_fmc.o(i.fmc_ready_wait) for fmc_ready_wait
    gd32f1x0_fmc.o(i.ob_data_program) refers to gd32f1x0_fmc.o(i.ob_obstat_plevel_get) for ob_obstat_plevel_get
    gd32f1x0_fmc.o(i.ob_data_program) refers to gd32f1x0_fmc.o(i.fmc_ready_wait) for fmc_ready_wait
    gd32f1x0_fmc.o(i.ob_erase) refers to gd32f1x0_fmc.o(i.ob_obstat_plevel_get) for ob_obstat_plevel_get
    gd32f1x0_fmc.o(i.ob_erase) refers to gd32f1x0_fmc.o(i.fmc_ready_wait) for fmc_ready_wait
    gd32f1x0_fmc.o(i.ob_security_protection_config) refers to gd32f1x0_fmc.o(i.ob_obstat_plevel_get) for ob_obstat_plevel_get
    gd32f1x0_fmc.o(i.ob_security_protection_config) refers to gd32f1x0_fmc.o(i.fmc_ready_wait) for fmc_ready_wait
    gd32f1x0_fmc.o(i.ob_user_write) refers to gd32f1x0_fmc.o(i.ob_obstat_plevel_get) for ob_obstat_plevel_get
    gd32f1x0_fmc.o(i.ob_user_write) refers to gd32f1x0_fmc.o(i.fmc_ready_wait) for fmc_ready_wait
    gd32f1x0_fmc.o(i.ob_write_protection_enable) refers to gd32f1x0_fmc.o(i.ob_obstat_plevel_get) for ob_obstat_plevel_get
    gd32f1x0_fmc.o(i.ob_write_protection_enable) refers to gd32f1x0_fmc.o(i.fmc_ready_wait) for fmc_ready_wait
    gd32f1x0_gpio.o(i.gpio_deinit) refers to gd32f1x0_rcu.o(i.rcu_periph_reset_enable) for rcu_periph_reset_enable
    gd32f1x0_gpio.o(i.gpio_deinit) refers to gd32f1x0_rcu.o(i.rcu_periph_reset_disable) for rcu_periph_reset_disable
[...]
    Removing gd32f1x0_i2c.o(.rev16_text), (4 bytes).
    Removing gd32f1x0_i2c.o(.revsh_text), (4 bytes).
    Removing gd32f1x0_i2c.o(.rrx_text), (6 bytes).
    Removing gd32f1x0_i2c.o(i.i2c_ack_config), (16 bytes).
    Removing gd32f1x0_i2c.o(i.i2c_ackpos_config), (16 bytes).
    Removing gd32f1x0_i2c.o(i.i2c_clock_config), (228 bytes).
    Removing gd32f1x0_i2c.o(i.i2c_data_receive), (8 bytes).
    Removing gd32f1x0_i2c.o(i.i2c_data_transmit), (6 bytes).
    Removing gd32f1x0_i2c.o(i.i2c_deinit), (64 bytes).
    Removing gd32f1x0_i2c.o(i.i2c_disable), (10 bytes).
    Removing gd32f1x0_i2c.o(i.i2c_dma_config), (16 bytes).
    Removing gd32f1x0_i2c.o(i.i2c_dma_last_transfer_config), (16 bytes).
    Removing gd32f1x0_i2c.o(i.i2c_dualaddr_disable), (10 bytes).
    Removing gd32f1x0_i2c.o(i.i2c_dualaddr_enable), (12 bytes).
    Removing gd32f1x0_i2c.o(i.i2c_enable), (10 bytes).
    Removing gd32f1x0_i2c.o(i.i2c_flag_clear), (40 bytes).
    Removing gd32f1x0_i2c.o(i.i2c_flag_get), (30 bytes).
    Removing gd32f1x0_i2c.o(i.i2c_interrupt_disable), (26 bytes).
    Removing gd32f1x0_i2c.o(i.i2c_interrupt_enable), (26 bytes).
    Removing gd32f1x0_i2c.o(i.i2c_interrupt_flag_clear), (44 bytes).
    Removing gd32f1x0_i2c.o(i.i2c_interrupt_flag_get), (92 bytes).
    Removing gd32f1x0_i2c.o(i.i2c_master_addressing), (20 bytes).
    Removing gd32f1x0_i2c.o(i.i2c_mode_addr_config), (28 bytes).
    Removing gd32f1x0_i2c.o(i.i2c_pec_config), (16 bytes).
    Removing gd32f1x0_i2c.o(i.i2c_pec_transfer_config), (16 bytes).
    Removing gd32f1x0_i2c.o(i.i2c_pec_value_get), (10 bytes).
    Removing gd32f1x0_i2c.o(i.i2c_slave_response_to_gcall_config), (16 bytes).
    Removing gd32f1x0_i2c.o(i.i2c_smbus_alert_config), (16 bytes).
    Removing gd32f1x0_i2c.o(i.i2c_smbus_arp_config), (16 bytes).
    Removing gd32f1x0_i2c.o(i.i2c_smbus_type_config), (24 bytes).
    Removing gd32f1x0_i2c.o(i.i2c_software_reset_config), (16 bytes).
    Removing gd32f1x0_i2c.o(i.i2c_start_on_bus), (10 bytes).
    Removing gd32f1x0_i2c.o(i.i2c_stop_on_bus), (10 bytes).
    Removing gd32f1x0_i2c.o(i.i2c_stretch_scl_low_config), (16 bytes).
    Removing gd32f1x0_misc.o(.rev16_text), (4 bytes).
    Removing gd32f1x0_misc.o(.revsh_text), (4 bytes).
    Removing gd32f1x0_misc.o(.rrx_text), (6 bytes).
    Removing gd32f1x0_misc.o(i.nvic_irq_disable), (24 bytes).
    Removing gd32f1x0_misc.o(i.nvic_irq_enable), (172 bytes).
    Removing gd32f1x0_misc.o(i.nvic_priority_group_set), (20 bytes).
    Removing gd32f1x0_misc.o(i.system_lowpower_reset), (16 bytes).
    Removing gd32f1x0_misc.o(i.system_lowpower_set), (16 bytes).
    Removing gd32f1x0_pmu.o(.rev16_text), (4 bytes).
    Removing gd32f1x0_pmu.o(.revsh_text), (4 bytes).
    Removing gd32f1x0_pmu.o(.rrx_text), (6 bytes).
    Removing gd32f1x0_pmu.o(i.pmu_backup_write_disable), (20 bytes).
    Removing gd32f1x0_pmu.o(i.pmu_backup_write_enable), (20 bytes).
    Removing gd32f1x0_pmu.o(i.pmu_deinit), (20 bytes).
    Removing gd32f1x0_pmu.o(i.pmu_flag_clear), (40 bytes).
    Removing gd32f1x0_pmu.o(i.pmu_flag_get), (20 bytes).
    Removing gd32f1x0_pmu.o(i.pmu_lvd_disable), (20 bytes).
    Removing gd32f1x0_pmu.o(i.pmu_lvd_select), (48 bytes).
    Removing gd32f1x0_pmu.o(i.pmu_to_deepsleepmode), (196 bytes).
    Removing gd32f1x0_pmu.o(i.pmu_to_sleepmode), (28 bytes).
    Removing gd32f1x0_pmu.o(i.pmu_to_standbymode), (96 bytes).
    Removing gd32f1x0_pmu.o(i.pmu_wakeup_pin_disable), (16 bytes).
    Removing gd32f1x0_pmu.o(i.pmu_wakeup_pin_enable), (16 bytes).
    Removing gd32f1x0_pmu.o(.bss), (16 bytes).
    Removing gd32f1x0_rcu.o(.rev16_text), (4 bytes).
    Removing gd32f1x0_rcu.o(.revsh_text), (4 bytes).
    Removing gd32f1x0_rcu.o(.rrx_text), (6 bytes).
    Removing gd32f1x0_rcu.o(i.rcu_ahb_clock_config), (28 bytes).
    Removing gd32f1x0_rcu.o(i.rcu_all_reset_flag_clear), (20 bytes).
    Removing gd32f1x0_rcu.o(i.rcu_apb1_clock_config), (28 bytes).
    Removing gd32f1x0_rcu.o(i.rcu_apb2_clock_config), (28 bytes).
    Removing gd32f1x0_rcu.o(i.rcu_bkp_reset_disable), (20 bytes).
    Removing gd32f1x0_rcu.o(i.rcu_bkp_reset_enable), (20 bytes).
    Removing gd32f1x0_rcu.o(i.rcu_cec_clock_config), (28 bytes).
    Removing gd32f1x0_rcu.o(i.rcu_ckout_config), (28 bytes).
    Removing gd32f1x0_rcu.o(i.rcu_clock_freq_get), (680 bytes).
    Removing gd32f1x0_rcu.o(i.rcu_deepsleep_voltage_set), (36 bytes).
    Removing gd32f1x0_rcu.o(i.rcu_deinit), (152 bytes).
    Removing gd32f1x0_rcu.o(i.rcu_flag_get), (36 bytes).
    Removing gd32f1x0_rcu.o(i.rcu_hxtal_clock_monitor_disable), (20 bytes).
    Removing gd32f1x0_rcu.o(i.rcu_hxtal_clock_monitor_enable), (20 bytes).
    Removing gd32f1x0_rcu.o(i.rcu_hxtal_prediv_config), (24 bytes).
    Removing gd32f1x0_rcu.o(i.rcu_interrupt_disable), (16 bytes).
    Removing gd32f1x0_rcu.o(i.rcu_interrupt_enable), (16 bytes).
    Removing gd32f1x0_rcu.o(i.rcu_interrupt_flag_clear), (16 bytes).
    Removing gd32f1x0_rcu.o(i.rcu_interrupt_flag_get), (24 bytes).
    Removing gd32f1x0_rcu.o(i.rcu_irc14m_adjust_value_set), (24 bytes).
    Removing gd32f1x0_rcu.o(i.rcu_irc8m_adjust_value_set), (24 bytes).
    Removing gd32f1x0_rcu.o(i.rcu_lxtal_drive_capability_config), (28 bytes).
    Removing gd32f1x0_rcu.o(i.rcu_osci_bypass_mode_disable), (100 bytes).
    Removing gd32f1x0_rcu.o(i.rcu_osci_bypass_mode_enable), (100 bytes).
    Removing gd32f1x0_rcu.o(i.rcu_osci_off), (32 bytes).
    Removing gd32f1x0_rcu.o(i.rcu_osci_on), (32 bytes).
    Removing gd32f1x0_rcu.o(i.rcu_osci_stab_wait), (268 bytes).
    Removing gd32f1x0_rcu.o(i.rcu_periph_clock_disable), (32 bytes).
    Removing gd32f1x0_rcu.o(i.rcu_periph_clock_sleep_disable), (32 bytes).
    Removing gd32f1x0_rcu.o(i.rcu_periph_clock_sleep_enable), (32 bytes).
    Removing gd32f1x0_rcu.o(i.rcu_pll_config), (36 bytes).
    Removing gd32f1x0_rcu.o(i.rcu_power_down_voltage_set), (36 bytes).
    Removing gd32f1x0_rcu.o(i.rcu_rtc_clock_config), (28 bytes).
    Removing gd32f1x0_rcu.o(i.rcu_system_clock_source_config), (28 bytes).
    Removing gd32f1x0_rcu.o(i.rcu_system_clock_source_get), (16 bytes).
    Removing gd32f1x0_rcu.o(i.rcu_usart_clock_config), (28 bytes).
    Removing gd32f1x0_rcu.o(i.rcu_usbd_clock_config), (28 bytes).
    Removing gd32f1x0_rcu.o(i.rcu_voltage_key_unlock), (40 bytes).
    Removing gd32f1x0_rtc.o(.rev16_text), (4 bytes).
    Removing gd32f1x0_rtc.o(.revsh_text), (4 bytes).
    Removing gd32f1x0_rtc.o(.rrx_text), (6 bytes).
    Removing gd32f1x0_rtc.o(i.rtc_alarm_config), (84 bytes).
    Removing gd32f1x0_rtc.o(i.rtc_alarm_disable), (80 bytes).
    Removing gd32f1x0_rtc.o(i.rtc_alarm_enable), (40 bytes).
    Removing gd32f1x0_rtc.o(i.rtc_alarm_get), (56 bytes).
    Removing gd32f1x0_rtc.o(i.rtc_alarm_subsecond_config), (32 bytes).
    Removing gd32f1x0_rtc.o(i.rtc_alarm_subsecond_get), (16 bytes).
    Removing gd32f1x0_rtc.o(i.rtc_alter_output_config), (76 bytes).
    Removing gd32f1x0_rtc.o(i.rtc_bypass_shadow_disable), (40 bytes).
    Removing gd32f1x0_rtc.o(i.rtc_bypass_shadow_enable), (40 bytes).
    Removing gd32f1x0_rtc.o(i.rtc_calibration_config), (76 bytes).
    Removing gd32f1x0_rtc.o(i.rtc_current_time_get), (100 bytes).
    Removing gd32f1x0_rtc.o(i.rtc_deinit), (128 bytes).
    Removing gd32f1x0_rtc.o(i.rtc_flag_clear), (16 bytes).
    Removing gd32f1x0_rtc.o(i.rtc_flag_get), (20 bytes).
    Removing gd32f1x0_rtc.o(i.rtc_hour_adjust), (36 bytes).
    Removing gd32f1x0_rtc.o(i.rtc_init), (196 bytes).
    Removing gd32f1x0_rtc.o(i.rtc_init_mode_enter), (68 bytes).
    Removing gd32f1x0_rtc.o(i.rtc_init_mode_exit), (20 bytes).
    Removing gd32f1x0_rtc.o(i.rtc_interrupt_disable), (60 bytes).
    Removing gd32f1x0_rtc.o(i.rtc_interrupt_enable), (60 bytes).
    Removing gd32f1x0_rtc.o(i.rtc_refclock_detection_disable), (56 bytes).
    Removing gd32f1x0_rtc.o(i.rtc_refclock_detection_enable), (56 bytes).
    Removing gd32f1x0_rtc.o(i.rtc_register_sync_wait), (96 bytes).
    Removing gd32f1x0_rtc.o(i.rtc_second_adjust), (108 bytes).
    Removing gd32f1x0_rtc.o(i.rtc_subsecond_get), (20 bytes).
    Removing gd32f1x0_rtc.o(i.rtc_tamper_disable), (16 bytes).
    Removing gd32f1x0_rtc.o(i.rtc_tamper_enable), (164 bytes).
    Removing gd32f1x0_rtc.o(i.rtc_timestamp_disable), (40 bytes).
    Removing gd32f1x0_rtc.o(i.rtc_timestamp_enable), (48 bytes).
    Removing gd32f1x0_rtc.o(i.rtc_timestamp_get), (60 bytes).
    Removing gd32f1x0_rtc.o(i.rtc_timestamp_subsecond_get), (12 bytes).
    Removing gd32f1x0_spi.o(.rev16_text), (4 bytes).
    Removing gd32f1x0_spi.o(.revsh_text), (4 bytes).
    Removing gd32f1x0_spi.o(.rrx_text), (6 bytes).
    Removing gd32f1x0_spi.o(i.i2s_disable), (10 bytes).
    Removing gd32f1x0_spi.o(i.i2s_enable), (10 bytes).
    Removing gd32f1x0_spi.o(i.i2s_init), (28 bytes).
    Removing gd32f1x0_spi.o(i.i2s_psc_config), (164 bytes).
    Removing gd32f1x0_spi.o(i.spi_bidirectional_transfer_config), (26 bytes).
    Removing gd32f1x0_spi.o(i.spi_crc_error_clear), (10 bytes).
    Removing gd32f1x0_spi.o(i.spi_crc_get), (16 bytes).
    Removing gd32f1x0_spi.o(i.spi_crc_next), (10 bytes).
    Removing gd32f1x0_spi.o(i.spi_crc_off), (10 bytes).
    Removing gd32f1x0_spi.o(i.spi_crc_on), (10 bytes).
    Removing gd32f1x0_spi.o(i.spi_crc_polynomial_get), (8 bytes).
    Removing gd32f1x0_spi.o(i.spi_crc_polynomial_set), (12 bytes).
    Removing gd32f1x0_spi.o(i.spi_disable), (10 bytes).
    Removing gd32f1x0_spi.o(i.spi_dma_disable), (22 bytes).
    Removing gd32f1x0_spi.o(i.spi_dma_enable), (22 bytes).
    Removing gd32f1x0_spi.o(i.spi_enable), (10 bytes).
    Removing gd32f1x0_spi.o(i.spi_i2s_data_frame_format_config), (16 bytes).
    Removing gd32f1x0_spi.o(i.spi_i2s_data_receive), (8 bytes).
    Removing gd32f1x0_spi.o(i.spi_i2s_data_transmit), (4 bytes).
    Removing gd32f1x0_spi.o(i.spi_i2s_deinit), (88 bytes).
    Removing gd32f1x0_spi.o(i.spi_i2s_flag_get), (16 bytes).
    Removing gd32f1x0_spi.o(i.spi_i2s_interrupt_disable), (8 bytes).
    Removing gd32f1x0_spi.o(i.spi_i2s_interrupt_enable), (8 bytes).
    Removing gd32f1x0_spi.o(i.spi_i2s_interrupt_flag_get), (112 bytes).
    Removing gd32f1x0_spi.o(i.spi_init), (50 bytes).
    Removing gd32f1x0_spi.o(i.spi_nss_internal_high), (10 bytes).
    Removing gd32f1x0_spi.o(i.spi_nss_internal_low), (10 bytes).
    Removing gd32f1x0_spi.o(i.spi_nss_output_disable), (10 bytes).
    Removing gd32f1x0_spi.o(i.spi_nss_output_enable), (10 bytes).
    Removing gd32f1x0_spi.o(i.spi_struct_para_init), (18 bytes).
    Removing gd32f1x0_syscfg.o(.rev16_text), (4 bytes).
    Removing gd32f1x0_syscfg.o(.revsh_text), (4 bytes).
    Removing gd32f1x0_syscfg.o(.rrx_text), (6 bytes).
    Removing gd32f1x0_syscfg.o(i.syscfg_deinit), (20 bytes).
    Removing gd32f1x0_syscfg.o(i.syscfg_dma_remap_disable), (16 bytes).
    Removing gd32f1x0_syscfg.o(i.syscfg_dma_remap_enable), (16 bytes).
    Removing gd32f1x0_syscfg.o(i.syscfg_exti_line_config), (160 bytes).
    Removing gd32f1x0_syscfg.o(i.syscfg_flag_clear), (16 bytes).
    Removing gd32f1x0_syscfg.o(i.syscfg_flag_get), (24 bytes).
    Removing gd32f1x0_syscfg.o(i.syscfg_high_current_disable), (20 bytes).
    Removing gd32f1x0_syscfg.o(i.syscfg_high_current_enable), (20 bytes).
    Removing gd32f1x0_syscfg.o(i.syscfg_lock_config), (16 bytes).
    Removing gd32f1x0_timer.o(.rev16_text), (4 bytes).
    Removing gd32f1x0_timer.o(.revsh_text), (4 bytes).
    Removing gd32f1x0_timer.o(.rrx_text), (6 bytes).
    Removing gd32f1x0_timer.o(i.timer_auto_reload_shadow_disable), (10 bytes).
    Removing gd32f1x0_timer.o(i.timer_automatic_output_disable), (10 bytes).
    Removing gd32f1x0_timer.o(i.timer_automatic_output_enable), (10 bytes).
    Removing gd32f1x0_timer.o(i.timer_autoreload_value_config), (4 bytes).
    Removing gd32f1x0_timer.o(i.timer_break_config), (30 bytes).
    Removing gd32f1x0_timer.o(i.timer_break_disable), (10 bytes).
    Removing gd32f1x0_timer.o(i.timer_break_enable), (10 bytes).
    Removing gd32f1x0_timer.o(i.timer_break_struct_para_init), (18 bytes).
    Removing gd32f1x0_timer.o(i.timer_channel_capture_value_register_read), (42 bytes).
    Removing gd32f1x0_timer.o(i.timer_channel_complementary_output_polarity_config), (92 bytes).
    Removing gd32f1x0_timer.o(i.timer_channel_complementary_output_state_config), (70 bytes).
    Removing gd32f1x0_timer.o(i.timer_channel_control_shadow_config), (24 bytes).
    Removing gd32f1x0_timer.o(i.timer_channel_control_shadow_update_config), (26 bytes).
    Removing gd32f1x0_timer.o(i.timer_channel_dma_request_source_select), (26 bytes).
    Removing gd32f1x0_timer.o(i.timer_channel_input_capture_prescaler_config), (90 bytes).
    Removing gd32f1x0_timer.o(i.timer_channel_input_struct_para_init), (16 bytes).
    Removing gd32f1x0_timer.o(i.timer_channel_output_clear_config), (90 bytes).
    Removing gd32f1x0_timer.o(i.timer_channel_output_fast_config), (90 bytes).
    Removing gd32f1x0_timer.o(i.timer_channel_output_polarity_config), (92 bytes).
    Removing gd32f1x0_timer.o(i.timer_channel_output_state_config), (92 bytes).
    Removing gd32f1x0_timer.o(i.timer_channel_output_struct_para_init), (16 bytes).
    Removing gd32f1x0_timer.o(i.timer_channel_remap_config), (4 bytes).
    Removing gd32f1x0_timer.o(i.timer_counter_alignment), (16 bytes).
    Removing gd32f1x0_timer.o(i.timer_counter_down_direction), (10 bytes).
    Removing gd32f1x0_timer.o(i.timer_counter_read), (8 bytes).
    Removing gd32f1x0_timer.o(i.timer_counter_up_direction), (10 bytes).
    Removing gd32f1x0_timer.o(i.timer_counter_value_config), (4 bytes).
    Removing gd32f1x0_timer.o(i.timer_disable), (10 bytes).
    Removing gd32f1x0_timer.o(i.timer_dma_disable), (8 bytes).
    Removing gd32f1x0_timer.o(i.timer_dma_enable), (8 bytes).
    Removing gd32f1x0_timer.o(i.timer_dma_transfer_config), (24 bytes).
    Removing gd32f1x0_timer.o(i.timer_event_software_generate), (8 bytes).
    Removing gd32f1x0_timer.o(i.timer_external_clock_mode0_config), (40 bytes).
    Removing gd32f1x0_timer.o(i.timer_external_clock_mode1_config), (32 bytes).
    Removing gd32f1x0_timer.o(i.timer_external_clock_mode1_disable), (10 bytes).
    Removing gd32f1x0_timer.o(i.timer_external_trigger_as_external_clock_config), (166 bytes).
    Removing gd32f1x0_timer.o(i.timer_external_trigger_config), (30 bytes).
    Removing gd32f1x0_timer.o(i.timer_flag_clear), (6 bytes).
    Removing gd32f1x0_timer.o(i.timer_flag_get), (16 bytes).
    Removing gd32f1x0_timer.o(i.timer_hall_mode_config), (26 bytes).
    Removing gd32f1x0_timer.o(i.timer_input_capture_config), (326 bytes).
    Removing gd32f1x0_timer.o(i.timer_input_pwm_capture_config), (356 bytes).
    Removing gd32f1x0_timer.o(i.timer_input_trigger_source_select), (16 bytes).
    Removing gd32f1x0_timer.o(i.timer_internal_clock_config), (10 bytes).
    Removing gd32f1x0_timer.o(i.timer_internal_trigger_as_external_clock_config), (32 bytes).
    Removing gd32f1x0_timer.o(i.timer_interrupt_disable), (8 bytes).
    Removing gd32f1x0_timer.o(i.timer_interrupt_enable), (8 bytes).
    Removing gd32f1x0_timer.o(i.timer_interrupt_flag_clear), (6 bytes).
    Removing gd32f1x0_timer.o(i.timer_interrupt_flag_get), (24 bytes).
    Removing gd32f1x0_timer.o(i.timer_master_output_trigger_source_select), (16 bytes).
    Removing gd32f1x0_timer.o(i.timer_master_slave_mode_config), (26 bytes).
    Removing gd32f1x0_timer.o(i.timer_ocpre_clear_source_config), (26 bytes).
    Removing gd32f1x0_timer.o(i.timer_prescaler_config), (14 bytes).
    Removing gd32f1x0_timer.o(i.timer_prescaler_read), (10 bytes).
    Removing gd32f1x0_timer.o(i.timer_quadrature_decoder_mode_config), (64 bytes).
    Removing gd32f1x0_timer.o(i.timer_repetition_value_config), (4 bytes).
    Removing gd32f1x0_timer.o(i.timer_single_pulse_mode_config), (26 bytes).
    Removing gd32f1x0_timer.o(i.timer_slave_mode_select), (16 bytes).
    Removing gd32f1x0_timer.o(i.timer_struct_para_init), (22 bytes).
    Removing gd32f1x0_timer.o(i.timer_update_event_disable), (10 bytes).
    Removing gd32f1x0_timer.o(i.timer_update_event_enable), (10 bytes).
    Removing gd32f1x0_timer.o(i.timer_update_source_config), (26 bytes).
    Removing gd32f1x0_tsi.o(.rev16_text), (4 bytes).
    Removing gd32f1x0_tsi.o(.revsh_text), (4 bytes).
    Removing gd32f1x0_tsi.o(.rrx_text), (6 bytes).
    Removing gd32f1x0_tsi.o(i.tsi_analog_off), (16 bytes).
    Removing gd32f1x0_tsi.o(i.tsi_analog_on), (16 bytes).
    Removing gd32f1x0_tsi.o(i.tsi_channel_pin_disable), (16 bytes).
    Removing gd32f1x0_tsi.o(i.tsi_channel_pin_enable), (16 bytes).
    Removing gd32f1x0_tsi.o(i.tsi_deinit), (20 bytes).
    Removing gd32f1x0_tsi.o(i.tsi_disable), (20 bytes).
    Removing gd32f1x0_tsi.o(i.tsi_enable), (20 bytes).
    Removing gd32f1x0_tsi.o(i.tsi_extend_charge_config), (100 bytes).
    Removing gd32f1x0_tsi.o(i.tsi_flag_clear), (16 bytes).
    Removing gd32f1x0_tsi.o(i.tsi_flag_get), (24 bytes).
    Removing gd32f1x0_tsi.o(i.tsi_group0_cycle_get), (12 bytes).
    Removing gd32f1x0_tsi.o(i.tsi_group1_cycle_get), (12 bytes).
    Removing gd32f1x0_tsi.o(i.tsi_group2_cycle_get), (12 bytes).
    Removing gd32f1x0_tsi.o(i.tsi_group3_cycle_get), (12 bytes).
    Removing gd32f1x0_tsi.o(i.tsi_group4_cycle_get), (12 bytes).
    Removing gd32f1x0_tsi.o(i.tsi_group5_cycle_get), (12 bytes).
    Removing gd32f1x0_tsi.o(i.tsi_group_disable), (16 bytes).
    Removing gd32f1x0_tsi.o(i.tsi_group_enable), (16 bytes).
    Removing gd32f1x0_tsi.o(i.tsi_group_status_get), (24 bytes).
    Removing gd32f1x0_tsi.o(i.tsi_hardware_mode_config), (56 bytes).
    Removing gd32f1x0_tsi.o(i.tsi_hysteresis_off), (16 bytes).
    Removing gd32f1x0_tsi.o(i.tsi_hysteresis_on), (16 bytes).
    Removing gd32f1x0_tsi.o(i.tsi_init), (48 bytes).
    Removing gd32f1x0_tsi.o(i.tsi_interrupt_disable), (16 bytes).
    Removing gd32f1x0_tsi.o(i.tsi_interrupt_enable), (16 bytes).
    Removing gd32f1x0_tsi.o(i.tsi_interrupt_flag_clear), (16 bytes).
    Removing gd32f1x0_tsi.o(i.tsi_interrupt_flag_get), (40 bytes).
    Removing gd32f1x0_tsi.o(i.tsi_max_number_config), (32 bytes).
    Removing gd32f1x0_tsi.o(i.tsi_pin_mode_config), (44 bytes).
    Removing gd32f1x0_tsi.o(i.tsi_plus_config), (48 bytes).
    Removing gd32f1x0_tsi.o(i.tsi_sample_pin_disable), (28 bytes).
    Removing gd32f1x0_tsi.o(i.tsi_sample_pin_enable), (28 bytes).
    Removing gd32f1x0_tsi.o(i.tsi_software_mode_config), (28 bytes).
    Removing gd32f1x0_tsi.o(i.tsi_software_start), (20 bytes).
    Removing gd32f1x0_tsi.o(i.tsi_software_stop), (20 bytes).
    Removing gd32f1x0_usart.o(.rev16_text), (4 bytes).
    Removing gd32f1x0_usart.o(.revsh_text), (4 bytes).
    Removing gd32f1x0_usart.o(.rrx_text), (6 bytes).
    Removing gd32f1x0_usart.o(i.usart_address_config), (32 bytes).
    Removing gd32f1x0_usart.o(i.usart_address_detection_mode_config), (28 bytes).
    Removing gd32f1x0_usart.o(i.usart_baudrate_set), (124 bytes).
    Removing gd32f1x0_usart.o(i.usart_block_length_config), (24 bytes).
    Removing gd32f1x0_usart.o(i.usart_clock_disable), (18 bytes).
    Removing gd32f1x0_usart.o(i.usart_clock_enable), (18 bytes).
    Removing gd32f1x0_usart.o(i.usart_command_enable), (8 bytes).
    Removing gd32f1x0_usart.o(i.usart_data_first_config), (28 bytes).
    Removing gd32f1x0_usart.o(i.usart_data_receive), (10 bytes).
    Removing gd32f1x0_usart.o(i.usart_data_transmit), (8 bytes).
    Removing gd32f1x0_usart.o(i.usart_deinit), (64 bytes).
    Removing gd32f1x0_usart.o(i.usart_depolarity_config), (28 bytes).
    Removing gd32f1x0_usart.o(i.usart_disable), (10 bytes).
    Removing gd32f1x0_usart.o(i.usart_dma_receive_config), (16 bytes).
    Removing gd32f1x0_usart.o(i.usart_dma_transmit_config), (16 bytes).
    Removing gd32f1x0_usart.o(i.usart_driver_assertime_config), (32 bytes).
    Removing gd32f1x0_usart.o(i.usart_driver_deassertime_config), (32 bytes).
    Removing gd32f1x0_usart.o(i.usart_enable), (10 bytes).
    Removing gd32f1x0_usart.o(i.usart_flag_clear), (18 bytes).
    Removing gd32f1x0_usart.o(i.usart_flag_get), (30 bytes).
    Removing gd32f1x0_usart.o(i.usart_guard_time_config), (32 bytes).
    Removing gd32f1x0_usart.o(i.usart_halfduplex_disable), (18 bytes).
    Removing gd32f1x0_usart.o(i.usart_halfduplex_enable), (18 bytes).
    Removing gd32f1x0_usart.o(i.usart_hardware_flow_cts_config), (24 bytes).
    Removing gd32f1x0_usart.o(i.usart_hardware_flow_rts_config), (24 bytes).
    Removing gd32f1x0_usart.o(i.usart_interrupt_disable), (26 bytes).
    Removing gd32f1x0_usart.o(i.usart_interrupt_enable), (26 bytes).
    Removing gd32f1x0_usart.o(i.usart_interrupt_flag_clear), (18 bytes).
    Removing gd32f1x0_usart.o(i.usart_interrupt_flag_get), (56 bytes).
    Removing gd32f1x0_usart.o(i.usart_invert_config), (110 bytes).
    Removing gd32f1x0_usart.o(i.usart_irda_lowpower_config), (28 bytes).
    Removing gd32f1x0_usart.o(i.usart_irda_mode_disable), (18 bytes).
    Removing gd32f1x0_usart.o(i.usart_irda_mode_enable), (18 bytes).
    Removing gd32f1x0_usart.o(i.usart_lin_break_detection_length_config), (28 bytes).
    Removing gd32f1x0_usart.o(i.usart_lin_mode_disable), (18 bytes).
    Removing gd32f1x0_usart.o(i.usart_lin_mode_enable), (18 bytes).
    Removing gd32f1x0_usart.o(i.usart_mute_mode_disable), (10 bytes).
    Removing gd32f1x0_usart.o(i.usart_mute_mode_enable), (10 bytes).
    Removing gd32f1x0_usart.o(i.usart_mute_mode_wakeup_config), (24 bytes).
    Removing gd32f1x0_usart.o(i.usart_overrun_disable), (18 bytes).
    Removing gd32f1x0_usart.o(i.usart_overrun_enable), (18 bytes).
    Removing gd32f1x0_usart.o(i.usart_oversample_config), (24 bytes).
    Removing gd32f1x0_usart.o(i.usart_parity_config), (24 bytes).
    Removing gd32f1x0_usart.o(i.usart_prescaler_config), (24 bytes).
    Removing gd32f1x0_usart.o(i.usart_receive_config), (16 bytes).
    Removing gd32f1x0_usart.o(i.usart_receiver_timeout_disable), (10 bytes).
    Removing gd32f1x0_usart.o(i.usart_receiver_timeout_enable), (10 bytes).
    Removing gd32f1x0_usart.o(i.usart_receiver_timeout_threshold_config), (16 bytes).
    Removing gd32f1x0_usart.o(i.usart_reception_error_dma_disable), (18 bytes).
    Removing gd32f1x0_usart.o(i.usart_reception_error_dma_enable), (18 bytes).
    Removing gd32f1x0_usart.o(i.usart_rs485_driver_disable), (18 bytes).
    Removing gd32f1x0_usart.o(i.usart_rs485_driver_enable), (18 bytes).
    Removing gd32f1x0_usart.o(i.usart_sample_bit_config), (24 bytes).
    Removing gd32f1x0_usart.o(i.usart_smartcard_autoretry_config), (32 bytes).
    Removing gd32f1x0_usart.o(i.usart_smartcard_mode_disable), (18 bytes).
    Removing gd32f1x0_usart.o(i.usart_smartcard_mode_enable), (18 bytes).
    Removing gd32f1x0_usart.o(i.usart_smartcard_mode_nack_disable), (18 bytes).
    Removing gd32f1x0_usart.o(i.usart_smartcard_mode_nack_enable), (18 bytes).
    Removing gd32f1x0_usart.o(i.usart_stop_bit_set), (24 bytes).
    Removing gd32f1x0_usart.o(i.usart_synchronous_clock_config), (50 bytes).
    Removing gd32f1x0_usart.o(i.usart_transmit_config), (16 bytes).
    Removing gd32f1x0_usart.o(i.usart_wakeup_disable), (10 bytes).
    Removing gd32f1x0_usart.o(i.usart_wakeup_enable), (10 bytes).
    Removing gd32f1x0_usart.o(i.usart_wakeup_mode_config), (28 bytes).
    Removing gd32f1x0_usart.o(i.usart_word_length_set), (24 bytes).
    Removing gd32f1x0_wwdgt.o(.rev16_text), (4 bytes).
    Removing gd32f1x0_wwdgt.o(.revsh_text), (4 bytes).
    Removing gd32f1x0_wwdgt.o(.rrx_text), (6 bytes).
    Removing gd32f1x0_wwdgt.o(i.wwdgt_config), (28 bytes).
    Removing gd32f1x0_wwdgt.o(i.wwdgt_counter_update), (16 bytes).
    Removing gd32f1x0_wwdgt.o(i.wwdgt_deinit), (20 bytes).
    Removing gd32f1x0_wwdgt.o(i.wwdgt_enable), (20 bytes).
    Removing gd32f1x0_wwdgt.o(i.wwdgt_flag_clear), (12 bytes).
    Removing gd32f1x0_wwdgt.o(i.wwdgt_flag_get), (24 bytes).
    Removing gd32f1x0_wwdgt.o(i.wwdgt_interrupt_enable), (20 bytes).
    Removing gd32f1x0_it.o(.rev16_text), (4 bytes).
    Removing gd32f1x0_it.o(.revsh_text), (4 bytes).
    Removing gd32f1x0_it.o(.rrx_text), (6 bytes).
    Removing main.o(.rev16_text), (4 bytes).
    Removing main.o(.revsh_text), (4 bytes).
    Removing main.o(.rrx_text), (6 bytes).
    Removing main.o(.constdata), (96 bytes).
    Removing systick.o(.rev16_text), (4 bytes).
    Removing systick.o(.revsh_text), (4 bytes).
    Removing systick.o(.rrx_text), (6 bytes).
    Removing systick.o(i.delay_1us), (96 bytes).
    Removing rtc6705.o(.rev16_text), (4 bytes).
    Removing rtc6705.o(.revsh_text), (4 bytes).
    Removing rtc6705.o(.rrx_text), (6 bytes).
    Removing spi.o(.rev16_text), (4 bytes).
    Removing spi.o(.revsh_text), (4 bytes).
    Removing spi.o(.rrx_text), (6 bytes).
    Removing spi.o(i.SPI_begin), (10 bytes).
    Removing spi.o(.data), (2 bytes).
    Removing adc.o(.rev16_text), (4 bytes).
    Removing adc.o(.revsh_text), (4 bytes).
    Removing adc.o(.rrx_text), (6 bytes).
    Removing pwm.o(.rev16_text), (4 bytes).
    Removing pwm.o(.revsh_text), (4 bytes).
    Removing pwm.o(.rrx_text), (6 bytes).

595 unused section(s) (total 19492 bytes) removed from the image.

==============================================================================

Image Symbol Table

    Local Symbols

    Symbol Name                              Value     Ov Type        Size  Object(Section)

    ../clib/angel/boardlib.s                 0x00000000   Number         0  boardshut.o ABSOLUTE
    ../clib/angel/boardlib.s                 0x00000000   Number         0  boardinit1.o ABSOLUTE
    ../clib/angel/boardlib.s                 0x00000000   Number         0  boardinit2.o ABSOLUTE
    ../clib/angel/boardlib.s                 0x00000000   Number         0  boardinit3.o ABSOLUTE
    ../clib/angel/handlers.s                 0x00000000   Number         0  __scatter_zi.o ABSOLUTE
    ../clib/angel/handlers.s                 0x00000000   Number         0  __scatter_copy.o ABSOLUTE
    ../clib/angel/kernel.s                   0x00000000   Number         0  __rtentry.o ABSOLUTE
    ../clib/angel/kernel.s                   0x00000000   Number         0  __rtentry2.o ABSOLUTE
    ../clib/angel/kernel.s                   0x00000000   Number         0  __rtentry4.o ABSOLUTE
    ../clib/angel/kernel.s                   0x00000000   Number         0  rtexit.o ABSOLUTE
    ../clib/angel/kernel.s                   0x00000000   Number         0  rtexit2.o ABSOLUTE
    ../clib/angel/rt.s                       0x00000000   Number         0  rt_raise.o ABSOLUTE
    ../clib/angel/scatter.s                  0x00000000   Number         0  __scatter.o ABSOLUTE
    ../clib/angel/startup.s                  0x00000000   Number         0  __main.o ABSOLUTE
    ../clib/angel/sys.s                      0x00000000   Number         0  indicate_semi.o ABSOLUTE
    ../clib/angel/sys.s                      0x00000000   Number         0  sys_stackheap_outer.o ABSOLUTE
    ../clib/angel/sys.s                      0x00000000   Number         0  libspace.o ABSOLUTE
    ../clib/angel/sys.s                      0x00000000   Number         0  use_no_semi.o ABSOLUTE
    ../clib/angel/sysapp.c                   0x00000000   Number         0  sys_exit.o ABSOLUTE
    ../clib/angel/sysapp.c                   0x00000000   Number         0  sys_command.o ABSOLUTE
    ../clib/angel/sysapp.c                   0x00000000   Number         0  sys_wrch.o ABSOLUTE
    ../clib/armsys.c                         0x00000000   Number         0  _get_argv_nomalloc.o ABSOLUTE
    ../clib/armsys.c                         0x00000000   Number         0  argv_veneer.o ABSOLUTE
    ../clib/armsys.c                         0x00000000   Number         0  argv_veneer.o ABSOLUTE
    ../clib/armsys.c                         0x00000000   Number         0  no_argv.o ABSOLUTE
    ../clib/heapalloc.c                      0x00000000   Number         0  hrguard.o ABSOLUTE
    ../clib/heapaux.c                        0x00000000   Number         0  heapauxi.o ABSOLUTE
    ../clib/libinit.s                        0x00000000   Number         0  libshutdown.o ABSOLUTE
    ../clib/libinit.s                        0x00000000   Number         0  libshutdown2.o ABSOLUTE
    ../clib/libinit.s                        0x00000000   Number         0  libinit2.o ABSOLUTE
    ../clib/libinit.s                        0x00000000   Number         0  libinit.o ABSOLUTE
    ../clib/signal.c                         0x00000000   Number         0  defsig_segv_inner.o ABSOLUTE
    ../clib/signal.c                         0x00000000   Number         0  defsig_fpe_inner.o ABSOLUTE
    ../clib/signal.c                         0x00000000   Number         0  defsig_abrt_inner.o ABSOLUTE
    ../clib/signal.c                         0x00000000   Number         0  defsig_rtmem_formal.o ABSOLUTE
    ../clib/signal.c                         0x00000000   Number         0  defsig_general.o ABSOLUTE
    ../clib/signal.c                         0x00000000   Number         0  defsig_rtmem_outer.o ABSOLUTE
    ../clib/signal.c                         0x00000000   Number         0  defsig_exit.o ABSOLUTE
    ../clib/signal.c                         0x00000000   Number         0  defsig_other.o ABSOLUTE
    ../clib/signal.c                         0x00000000   Number         0  defsig_rtmem_inner.o ABSOLUTE
    ../clib/signal.c                         0x00000000   Number         0  __raise.o ABSOLUTE
    ../clib/signal.c                         0x00000000   Number         0  defsig_cppl_inner.o ABSOLUTE
    ../clib/signal.c                         0x00000000   Number         0  defsig_pvfn_inner.o ABSOLUTE
    ../clib/signal.c                         0x00000000   Number         0  defsig_stak_inner.o ABSOLUTE
    ../clib/signal.c                         0x00000000   Number         0  defsig_rtred_inner.o ABSOLUTE
    ../clib/signal.s                         0x00000000   Number         0  defsig.o ABSOLUTE
    ../clib/stdlib.c                         0x00000000   Number         0  exit.o ABSOLUTE
    ../fplib/fdiv.s                          0x00000000   Number         0  fdiv.o ABSOLUTE
    ../fplib/ffixu.s                         0x00000000   Number         0  ffixu.o ABSOLUTE
    ../fplib/fflt.s                          0x00000000   Number         0  fflt_clz.o ABSOLUTE
    ../fplib/fmul.s                          0x00000000   Number         0  fmul.o ABSOLUTE
    ../fplib/fnaninf.s                       0x00000000   Number         0  fnaninf.o ABSOLUTE
    ../fplib/fpinit.s                        0x00000000   Number         0  fpinit.o ABSOLUTE
    ../fplib/fretinf.s                       0x00000000   Number         0  fretinf.o ABSOLUTE
    ../fplib/usenofp.s                       0x00000000   Number         0  usenofp.o ABSOLUTE
    ..\CMSIS\system_gd32f1x0.c               0x00000000   Number         0  system_gd32f1x0.o ABSOLUTE
    ..\Library\Source\gd32f1x0_adc.c         0x00000000   Number         0  gd32f1x0_adc.o ABSOLUTE
    ..\Library\Source\gd32f1x0_cec.c         0x00000000   Number         0  gd32f1x0_cec.o ABSOLUTE
    ..\Library\Source\gd32f1x0_cmp.c         0x00000000   Number         0  gd32f1x0_cmp.o ABSOLUTE
    ..\Library\Source\gd32f1x0_crc.c         0x00000000   Number         0  gd32f1x0_crc.o ABSOLUTE
    ..\Library\Source\gd32f1x0_dac.c         0x00000000   Number         0  gd32f1x0_dac.o ABSOLUTE
    ..\Library\Source\gd32f1x0_dbg.c         0x00000000   Number         0  gd32f1x0_dbg.o ABSOLUTE
    ..\Library\Source\gd32f1x0_dma.c         0x00000000   Number         0  gd32f1x0_dma.o ABSOLUTE
    ..\Library\Source\gd32f1x0_exti.c        0x00000000   Number         0  gd32f1x0_exti.o ABSOLUTE
    ..\Library\Source\gd32f1x0_fmc.c         0x00000000   Number         0  gd32f1x0_fmc.o ABSOLUTE
    ..\Library\Source\gd32f1x0_fwdgt.c       0x00000000   Number         0  gd32f1x0_fwdgt.o ABSOLUTE
    ..\Library\Source\gd32f1x0_gpio.c        0x00000000   Number         0  gd32f1x0_gpio.o ABSOLUTE
    ..\Library\Source\gd32f1x0_i2c.c         0x00000000   Number         0  gd32f1x0_i2c.o ABSOLUTE
    ..\Library\Source\gd32f1x0_misc.c        0x00000000   Number         0  gd32f1x0_misc.o ABSOLUTE
    ..\Library\Source\gd32f1x0_pmu.c         0x00000000   Number         0  gd32f1x0_pmu.o ABSOLUTE
    ..\Library\Source\gd32f1x0_rcu.c         0x00000000   Number         0  gd32f1x0_rcu.o ABSOLUTE
    ..\Library\Source\gd32f1x0_rtc.c         0x00000000   Number         0  gd32f1x0_rtc.o ABSOLUTE
    ..\Library\Source\gd32f1x0_spi.c         0x00000000   Number         0  gd32f1x0_spi.o ABSOLUTE
    ..\Library\Source\gd32f1x0_syscfg.c      0x00000000   Number         0  gd32f1x0_syscfg.o ABSOLUTE
    ..\Library\Source\gd32f1x0_timer.c       0x00000000   Number         0  gd32f1x0_timer.o ABSOLUTE
    ..\Library\Source\gd32f1x0_tsi.c         0x00000000   Number         0  gd32f1x0_tsi.o ABSOLUTE
    ..\Library\Source\gd32f1x0_usart.c       0x00000000   Number         0  gd32f1x0_usart.o ABSOLUTE
    ..\Library\Source\gd32f1x0_wwdgt.c       0x00000000   Number         0  gd32f1x0_wwdgt.o ABSOLUTE
    ..\Startup\startup_gd32f1x0.s            0x00000000   Number         0  startup_gd32f1x0.o ABSOLUTE
    ..\User\gd32f1x0_it.c                    0x00000000   Number         0  gd32f1x0_it.o ABSOLUTE
    ..\User\main.c                           0x00000000   Number         0  main.o ABSOLUTE
    ..\User\systick.c                        0x00000000   Number         0  systick.o ABSOLUTE
    ..\\CMSIS\\system_gd32f1x0.c             0x00000000   Number         0  system_gd32f1x0.o ABSOLUTE
    ..\\Library\\Source\\gd32f1x0_adc.c      0x00000000   Number         0  gd32f1x0_adc.o ABSOLUTE
    ..\\Library\\Source\\gd32f1x0_cec.c      0x00000000   Number         0  gd32f1x0_cec.o ABSOLUTE
    ..\\Library\\Source\\gd32f1x0_cmp.c      0x00000000   Number         0  gd32f1x0_cmp.o ABSOLUTE
    ..\\Library\\Source\\gd32f1x0_crc.c      0x00000000   Number         0  gd32f1x0_crc.o ABSOLUTE
    ..\\Library\\Source\\gd32f1x0_dac.c      0x00000000   Number         0  gd32f1x0_dac.o ABSOLUTE
    ..\\Library\\Source\\gd32f1x0_dbg.c      0x00000000   Number         0  gd32f1x0_dbg.o ABSOLUTE
    ..\\Library\\Source\\gd32f1x0_dma.c      0x00000000   Number         0  gd32f1x0_dma.o ABSOLUTE
    ..\\Library\\Source\\gd32f1x0_exti.c     0x00000000   Number         0  gd32f1x0_exti.o ABSOLUTE
    ..\\Library\\Source\\gd32f1x0_fmc.c      0x00000000   Number         0  gd32f1x0_fmc.o ABSOLUTE
    ..\\Library\\Source\\gd32f1x0_fwdgt.c    0x00000000   Number         0  gd32f1x0_fwdgt.o ABSOLUTE
    ..\\Library\\Source\\gd32f1x0_gpio.c     0x00000000   Number         0  gd32f1x0_gpio.o ABSOLUTE
    ..\\Library\\Source\\gd32f1x0_i2c.c      0x00000000   Number         0  gd32f1x0_i2c.o ABSOLUTE
    ..\\Library\\Source\\gd32f1x0_misc.c     0x00000000   Number         0  gd32f1x0_misc.o ABSOLUTE
    ..\\Library\\Source\\gd32f1x0_pmu.c      0x00000000   Number         0  gd32f1x0_pmu.o ABSOLUTE
    ..\\Library\\Source\\gd32f1x0_rcu.c      0x00000000   Number         0  gd32f1x0_rcu.o ABSOLUTE
    ..\\Library\\Source\\gd32f1x0_rtc.c      0x00000000   Number         0  gd32f1x0_rtc.o ABSOLUTE
    ..\\Library\\Source\\gd32f1x0_spi.c      0x00000000   Number         0  gd32f1x0_spi.o ABSOLUTE
    ..\\Library\\Source\\gd32f1x0_syscfg.c   0x00000000   Number         0  gd32f1x0_syscfg.o ABSOLUTE
    ..\\Library\\Source\\gd32f1x0_timer.c    0x00000000   Number         0  gd32f1x0_timer.o ABSOLUTE
    ..\\Library\\Source\\gd32f1x0_tsi.c      0x00000000   Number         0  gd32f1x0_tsi.o ABSOLUTE
    ..\\Library\\Source\\gd32f1x0_usart.c    0x00000000   Number         0  gd32f1x0_usart.o ABSOLUTE
    ..\\Library\\Source\\gd32f1x0_wwdgt.c    0x00000000   Number         0  gd32f1x0_wwdgt.o ABSOLUTE
    ..\\User\\gd32f1x0_it.c                  0x00000000   Number         0  gd32f1x0_it.o ABSOLUTE
    ..\\User\\main.c                         0x00000000   Number         0  main.o ABSOLUTE
    ..\\User\\systick.c                      0x00000000   Number         0  systick.o ABSOLUTE
    ADC.c                                    0x00000000   Number         0  adc.o ABSOLUTE
    ADC.c                                    0x00000000   Number         0  adc.o ABSOLUTE
    PWM.c                                    0x00000000   Number         0  pwm.o ABSOLUTE
    PWM.c                                    0x00000000   Number         0  pwm.o ABSOLUTE
    RTC6705.c                                0x00000000   Number         0  rtc6705.o ABSOLUTE
    RTC6705.c                                0x00000000   Number         0  rtc6705.o ABSOLUTE
    SPI.c                                    0x00000000   Number         0  spi.o ABSOLUTE
    SPI.c                                    0x00000000   Number         0  spi.o ABSOLUTE
    dc.s                                     0x00000000   Number         0  dc.o ABSOLUTE
    RESET                                    0x08000000   Section      272  startup_gd32f1x0.o(RESET)
    !!!main                                  0x08000110   Section        8  __main.o(!!!main)
    !!!scatter                               0x08000118   Section       52  __scatter.o(!!!scatter)
    !!handler_copy                           0x0800014c   Section       26  __scatter_copy.o(!!handler_copy)
    !!handler_zi                             0x08000168   Section       28  __scatter_zi.o(!!handler_zi)
    .ARM.Collect$$libinit$$00000000          0x08000184   Section        2  libinit.o(.ARM.Collect$$libinit$$00000000)
    .ARM.Collect$$libinit$$00000002          0x08000186   Section        0  libinit2.o(.ARM.Collect$$libinit$$00000002)
    .ARM.Collect$$libinit$$00000004          0x08000186   Section        0  libinit2.o(.ARM.Collect$$libinit$$00000004)
    .ARM.Collect$$libinit$$0000000A          0x08000186   Section        0  libinit2.o(.ARM.Collect$$libinit$$0000000A)
    .ARM.Collect$$libinit$$0000000C          0x08000186   Section        0  libinit2.o(.ARM.Collect$$libinit$$0000000C)
    .ARM.Collect$$libinit$$0000000E          0x08000186   Section        0  libinit2.o(.ARM.Collect$$libinit$$0000000E)
    .ARM.Collect$$libinit$$00000011          0x08000186   Section        0  libinit2.o(.ARM.Collect$$libinit$$00000011)
    .ARM.Collect$$libinit$$00000013          0x08000186   Section        0  libinit2.o(.ARM.Collect$$libinit$$00000013)
    .ARM.Collect$$libinit$$00000015          0x08000186   Section        0  libinit2.o(.ARM.Collect$$libinit$$00000015)
    .ARM.Collect$$libinit$$00000017          0x08000186   Section        0  libinit2.o(.ARM.Collect$$libinit$$00000017)
    .ARM.Collect$$libinit$$00000019          0x08000186   Section        0  libinit2.o(.ARM.Collect$$libinit$$00000019)
    .ARM.Collect$$libinit$$0000001B          0x08000186   Section        0  libinit2.o(.ARM.Collect$$libinit$$0000001B)
    .ARM.Collect$$libinit$$0000001D          0x08000186   Section        0  libinit2.o(.ARM.Collect$$libinit$$0000001D)
    .ARM.Collect$$libinit$$0000001F          0x08000186   Section        0  libinit2.o(.ARM.Collect$$libinit$$0000001F)
    .ARM.Collect$$libinit$$00000021          0x08000186   Section        0  libinit2.o(.ARM.Collect$$libinit$$00000021)
    .ARM.Collect$$libinit$$00000023          0x08000186   Section        0  libinit2.o(.ARM.Collect$$libinit$$00000023)
    .ARM.Collect$$libinit$$00000025          0x08000186   Section        0  libinit2.o(.ARM.Collect$$libinit$$00000025)
    .ARM.Collect$$libinit$$0000002C          0x08000186   Section        0  libinit2.o(.ARM.Collect$$libinit$$0000002C)
    .ARM.Collect$$libinit$$0000002E          0x08000186   Section        0  libinit2.o(.ARM.Collect$$libinit$$0000002E)
    .ARM.Collect$$libinit$$00000030          0x08000186   Section        0  libinit2.o(.ARM.Collect$$libinit$$00000030)
    .ARM.Collect$$libinit$$00000032          0x08000186   Section        0  libinit2.o(.ARM.Collect$$libinit$$00000032)
    .ARM.Collect$$libinit$$00000033          0x08000186   Section        2  libinit2.o(.ARM.Collect$$libinit$$00000033)
    .ARM.Collect$$libshutdown$$00000000      0x08000188   Section        2  libshutdown.o(.ARM.Collect$$libshutdown$$00000000)
    .ARM.Collect$$libshutdown$$00000002      0x0800018a   Section        0  libshutdown2.o(.ARM.Collect$$libshutdown$$00000002)
    .ARM.Collect$$libshutdown$$00000004      0x0800018a   Section        0  libshutdown2.o(.ARM.Collect$$libshutdown$$00000004)
    .ARM.Collect$$libshutdown$$00000007      0x0800018a   Section        0  libshutdown2.o(.ARM.Collect$$libshutdown$$00000007)
    .ARM.Collect$$libshutdown$$0000000A      0x0800018a   Section        0  libshutdown2.o(.ARM.Collect$$libshutdown$$0000000A)
    .ARM.Collect$$libshutdown$$0000000C      0x0800018a   Section        0  libshutdown2.o(.ARM.Collect$$libshutdown$$0000000C)
    .ARM.Collect$$libshutdown$$0000000F      0x0800018a   Section        0  libshutdown2.o(.ARM.Collect$$libshutdown$$0000000F)
    .ARM.Collect$$libshutdown$$00000010      0x0800018a   Section        2  libshutdown2.o(.ARM.Collect$$libshutdown$$00000010)
    .ARM.Collect$$rtentry$$00000000          0x0800018c   Section        0  __rtentry.o(.ARM.Collect$$rtentry$$00000000)
    .ARM.Collect$$rtentry$$00000002          0x0800018c   Section        0  __rtentry2.o(.ARM.Collect$$rtentry$$00000002)
    .ARM.Collect$$rtentry$$00000004          0x0800018c   Section        6  __rtentry4.o(.ARM.Collect$$rtentry$$00000004)
    .ARM.Collect$$rtentry$$00000009          0x08000192   Section        0  __rtentry2.o(.ARM.Collect$$rtentry$$00000009)
    .ARM.Collect$$rtentry$$0000000A          0x08000192   Section        4  __rtentry2.o(.ARM.Collect$$rtentry$$0000000A)
    .ARM.Collect$$rtentry$$0000000C          0x08000196   Section        0  __rtentry2.o(.ARM.Collect$$rtentry$$0000000C)
    .ARM.Collect$$rtentry$$0000000D          0x08000196   Section        8  __rtentry2.o(.ARM.Collect$$rtentry$$0000000D)
    .ARM.Collect$$rtexit$$00000000           0x0800019e   Section        2  rtexit.o(.ARM.Collect$$rtexit$$00000000)
    .ARM.Collect$$rtexit$$00000002           0x080001a0   Section        0  rtexit2.o(.ARM.Collect$$rtexit$$00000002)
    .ARM.Collect$$rtexit$$00000003           0x080001a0   Section        4  rtexit2.o(.ARM.Collect$$rtexit$$00000003)
    .ARM.Collect$$rtexit$$00000004           0x080001a4   Section        6  rtexit2.o(.ARM.Collect$$rtexit$$00000004)
    .text                                    0x080001ac   Section       64  startup_gd32f1x0.o(.text)
    .text                                    0x080001ec   Section        0  heapauxi.o(.text)
    .text                                    0x080001f2   Section       74  sys_stackheap_outer.o(.text)
    .text                                    0x0800023c   Section        0  exit.o(.text)
    .text                                    0x08000250   Section        8  libspace.o(.text)
    .text                                    0x08000258   Section        0  sys_exit.o(.text)
    .text                                    0x08000264   Section        2  use_no_semi.o(.text)
    .text                                    0x08000266   Section        0  indicate_semi.o(.text)
    i.ADC_Get_Channel                        0x08000266   Section        0  adc.o(i.ADC_Get_Channel)
    i.ADC_IO_init                            0x08000286   Section        0  adc.o(i.ADC_IO_init)
    i.ADC_config                             0x080002a0   Section        0  adc.o(i.ADC_config)
    i.BusFault_Handler                       0x08000306   Section        0  gd32f1x0_it.o(i.BusFault_Handler)
    i.DebugMon_Handler                       0x0800030a   Section        0  gd32f1x0_it.o(i.DebugMon_Handler)
    i.HardFault_Handler                      0x0800030c   Section        0  gd32f1x0_it.o(i.HardFault_Handler)
    i.MemManage_Handler                      0x08000310   Section        0  gd32f1x0_it.o(i.MemManage_Handler)
    i.NMI_Handler                            0x08000314   Section        0  gd32f1x0_it.o(i.NMI_Handler)
    i.PWM_Output                             0x08000318   Section        0  pwm.o(i.PWM_Output)
    i.PendSV_Handler                         0x080003dc   Section        0  gd32f1x0_it.o(i.PendSV_Handler)
    i.RTC6705_frequency                      0x080003de   Section        0  rtc6705.o(i.RTC6705_frequency)
    i.RTC6705_io_init                        0x08000414   Section        0  rtc6705.o(i.RTC6705_io_init)
    i.RTC6705_send                           0x08000478   Section        0  rtc6705.o(i.RTC6705_send)
    i.SPI_W_MOSI                             0x080004ec   Section        0  spi.o(i.SPI_W_MOSI)
    i.SPI_W_NSS                              0x08000500   Section        0  spi.o(i.SPI_W_NSS)
    i.SPI_W_SCK                              0x08000514   Section        0  spi.o(i.SPI_W_SCK)
    i.SPI_end                                0x08000528   Section        0  spi.o(i.SPI_end)
    i.SPI_init_                              0x08000534   Section        0  spi.o(i.SPI_init_)
    i.SVC_Handler                            0x080005ac   Section        0  gd32f1x0_it.o(i.SVC_Handler)
    i.SysTick_Handler                        0x080005ae   Section        0  gd32f1x0_it.o(i.SysTick_Handler)
    i.SystemInit                             0x080005b0   Section        0  system_gd32f1x0.o(i.SystemInit)
    i.UsageFault_Handler                     0x0800068c   Section        0  gd32f1x0_it.o(i.UsageFault_Handler)
    i.adc_calibration_enable                 0x08000690   Section        0  gd32f1x0_adc.o(i.adc_calibration_enable)
    i.adc_channel_length_config              0x080006cc   Section        0  gd32f1x0_adc.o(i.adc_channel_length_config)
    i.adc_data_alignment_config              0x0800072c   Section        0  gd32f1x0_adc.o(i.adc_data_alignment_config)
    i.adc_dma_mode_disable                   0x08000750   Section        0  gd32f1x0_adc.o(i.adc_dma_mode_disable)
    i.adc_enable                             0x08000764   Section        0  gd32f1x0_adc.o(i.adc_enable)
    i.adc_external_trigger_config            0x08000780   Section        0  gd32f1x0_adc.o(i.adc_external_trigger_config)
    i.adc_external_trigger_source_config     0x080007d4   Section        0  gd32f1x0_adc.o(i.adc_external_trigger_source_config)
    i.adc_flag_clear                         0x08000814   Section        0  gd32f1x0_adc.o(i.adc_flag_clear)
    i.adc_flag_get                           0x08000824   Section        0  gd32f1x0_adc.o(i.adc_flag_get)
    i.adc_regular_channel_config             0x08000838   Section        0  gd32f1x0_adc.o(i.adc_regular_channel_config)
    i.adc_regular_data_read                  0x08000914   Section        0  gd32f1x0_adc.o(i.adc_regular_data_read)
    i.adc_software_trigger_enable            0x08000920   Section        0  gd32f1x0_adc.o(i.adc_software_trigger_enable)
    i.adc_special_function_config            0x0800094c   Section        0  gd32f1x0_adc.o(i.adc_special_function_config)
    i.delay_1ms                              0x080009cc   Section        0  systick.o(i.delay_1ms)
    i.gpio_af_set                            0x08000a2c   Section        0  gd32f1x0_gpio.o(i.gpio_af_set)
    i.gpio_bit_reset                         0x08000a8a   Section        0  gd32f1x0_gpio.o(i.gpio_bit_reset)
    i.gpio_bit_set                           0x08000a8e   Section        0  gd32f1x0_gpio.o(i.gpio_bit_set)
    i.gpio_bit_write                         0x08000a92   Section        0  gd32f1x0_gpio.o(i.gpio_bit_write)
    i.gpio_mode_set                          0x08000a9c   Section        0  gd32f1x0_gpio.o(i.gpio_mode_set)
    i.gpio_output_options_set                0x08000aea   Section        0  gd32f1x0_gpio.o(i.gpio_output_options_set)
    i.main                                   0x08000b2c   Section        0  main.o(i.main)
    i.nvic_vector_table_set                  0x08000b7c   Section        0  gd32f1x0_misc.o(i.nvic_vector_table_set)
    i.rcu_adc_clock_config                   0x08000ba0   Section        0  gd32f1x0_rcu.o(i.rcu_adc_clock_config)
    i.rcu_periph_clock_enable                0x08000c38   Section        0  gd32f1x0_rcu.o(i.rcu_periph_clock_enable)
    i.rcu_periph_reset_disable               0x08000c58   Section        0  gd32f1x0_rcu.o(i.rcu_periph_reset_disable)
    i.rcu_periph_reset_enable                0x08000c78   Section        0  gd32f1x0_rcu.o(i.rcu_periph_reset_enable)
    i.system_clock_48m_irc8m                 0x08000c98   Section        0  system_gd32f1x0.o(i.system_clock_48m_irc8m)
    system_clock_48m_irc8m                   0x08000c99   Thumb Code   104  system_gd32f1x0.o(i.system_clock_48m_irc8m)
    i.system_clock_config                    0x08000d08   Section        0  system_gd32f1x0.o(i.system_clock_config)
    system_clock_config                      0x08000d09   Thumb Code     8  system_gd32f1x0.o(i.system_clock_config)
    i.systick_clksource_set                  0x08000d10   Section        0  gd32f1x0_misc.o(i.systick_clksource_set)
    i.systick_config                         0x08000d38   Section        0  systick.o(i.systick_config)
    i.timer_auto_reload_shadow_enable        0x08000d7c   Section        0  gd32f1x0_timer.o(i.timer_auto_reload_shadow_enable)
    i.timer_channel_output_config            0x08000d88   Section        0  gd32f1x0_timer.o(i.timer_channel_output_config)
    i.timer_channel_output_mode_config       0x08000f90   Section        0  gd32f1x0_timer.o(i.timer_channel_output_mode_config)
    i.timer_channel_output_pulse_value_config 0x08000fea   Section        0  gd32f1x0_timer.o(i.timer_channel_output_pulse_value_config)
    i.timer_channel_output_shadow_config     0x08001010   Section        0  gd32f1x0_timer.o(i.timer_channel_output_shadow_config)
    i.timer_deinit                           0x0800106c   Section        0  gd32f1x0_timer.o(i.timer_deinit)
    i.timer_enable                           0x08001148   Section        0  gd32f1x0_timer.o(i.timer_enable)
    i.timer_init                             0x08001154   Section        0  gd32f1x0_timer.o(i.timer_init)
    i.timer_primary_output_config            0x08001200   Section        0  gd32f1x0_timer.o(i.timer_primary_output_config)
    x$fpl$fdiv                               0x08001218   Section      388  fdiv.o(x$fpl$fdiv)
    _fdiv1                                   0x08001219   Thumb Code     0  fdiv.o(x$fpl$fdiv)
    x$fpl$ffixu                              0x0800139c   Section       62  ffixu.o(x$fpl$ffixu)
    x$fpl$ffltu                              0x080013dc   Section       38  fflt_clz.o(x$fpl$ffltu)
    x$fpl$fmul                               0x08001404   Section      258  fmul.o(x$fpl$fmul)
    x$fpl$fnaninf                            0x08001506   Section      140  fnaninf.o(x$fpl$fnaninf)
    x$fpl$fretinf                            0x08001592   Section       10  fretinf.o(x$fpl$fretinf)
    x$fpl$usenofp                            0x0800159c   Section        0  usenofp.o(x$fpl$usenofp)
    .data                                    0x20000000   Section        4  system_gd32f1x0.o(.data)
    .data                                    0x20000004   Section        2  main.o(.data)
    .data                                    0x20000008   Section        8  systick.o(.data)
    count_1us                                0x20000008   Data           4  systick.o(.data)
    count_1ms                                0x2000000c   Data           4  systick.o(.data)
    .bss                                     0x20000010   Section       96  libspace.o(.bss)
    HEAP                                     0x20000070   Section     1024  startup_gd32f1x0.o(HEAP)
    Heap_Mem                                 0x20000070   Data        1024  startup_gd32f1x0.o(HEAP)
    STACK                                    0x20000470   Section     1024  startup_gd32f1x0.o(STACK)
    Stack_Mem                                0x20000470   Data        1024  startup_gd32f1x0.o(STACK)
    __initial_sp                             0x20000870   Data           0  startup_gd32f1x0.o(STACK)

    Global Symbols

    Symbol Name                              Value     Ov Type        Size  Object(Section)

    BuildAttributes$$THM_ISAv4$P$D$K$B$S$PE$A:L22UL41UL21$X:L11$S22US41US21$IEEE1$IW$USESV6$~STKCKD$USESV7$~SHL$OSPACE$ROPI$EBA8$UX$STANDARDLIB$REQ8$PRES8$EABIv2 0x00000000   Number         0  anon$$obj.o ABSOLUTE
    __ARM_use_no_argv                        0x00000000   Number         0  main.o ABSOLUTE
    __ARM_exceptions_init                     - Undefined Weak Reference
    __alloca_initialize                       - Undefined Weak Reference
    __arm_preinit_                            - Undefined Weak Reference
    __cpp_initialize__aeabi_                  - Undefined Weak Reference
    __cxa_finalize                            - Undefined Weak Reference
    __rt_locale                               - Undefined Weak Reference
    __sigvec_lookup                           - Undefined Weak Reference
    _atexit_init                              - Undefined Weak Reference
    _call_atexit_fns                          - Undefined Weak Reference
    _clock_init                               - Undefined Weak Reference
    _fp_trap_init                             - Undefined Weak Reference
    _fp_trap_shutdown                         - Undefined Weak Reference
    _get_lc_collate                           - Undefined Weak Reference
    _get_lc_ctype                             - Undefined Weak Reference
    _get_lc_monetary                          - Undefined Weak Reference
    _get_lc_numeric                           - Undefined Weak Reference
    _get_lc_time                              - Undefined Weak Reference
    _getenv_init                              - Undefined Weak Reference
    _handle_redirection                       - Undefined Weak Reference
    _init_alloc                               - Undefined Weak Reference
    _init_user_alloc                          - Undefined Weak Reference
    _initio                                   - Undefined Weak Reference
    _rand_init                                - Undefined Weak Reference
    _signal_finish                            - Undefined Weak Reference
    _signal_init                              - Undefined Weak Reference
    _terminate_alloc                          - Undefined Weak Reference
    _terminate_user_alloc                     - Undefined Weak Reference
    _terminateio                              - Undefined Weak Reference
    __Vectors_Size                           0x00000110   Number         0  startup_gd32f1x0.o ABSOLUTE
    __Vectors                                0x08000000   Data           4  startup_gd32f1x0.o(RESET)
    __Vectors_End                            0x08000110   Data           0  startup_gd32f1x0.o(RESET)
    __main                                   0x08000111   Thumb Code     8  __main.o(!!!main)
    __scatterload                            0x08000119   Thumb Code     0  __scatter.o(!!!scatter)
    __scatterload_rt2                        0x08000119   Thumb Code    44  __scatter.o(!!!scatter)
    __scatterload_rt2_thumb_only             0x08000119   Thumb Code     0  __scatter.o(!!!scatter)
    __scatterload_null                       0x08000127   Thumb Code     0  __scatter.o(!!!scatter)
    __scatterload_copy                       0x0800014d   Thumb Code    26  __scatter_copy.o(!!handler_copy)
    __scatterload_zeroinit                   0x08000169   Thumb Code    28  __scatter_zi.o(!!handler_zi)
    __rt_lib_init                            0x08000185   Thumb Code     0  libinit.o(.ARM.Collect$$libinit$$00000000)
    __rt_lib_init_alloca_1                   0x08000187   Thumb Code     0  libinit2.o(.ARM.Collect$$libinit$$0000002E)
    __rt_lib_init_argv_1                     0x08000187   Thumb Code     0  libinit2.o(.ARM.Collect$$libinit$$0000002C)
    __rt_lib_init_atexit_1                   0x08000187   Thumb Code     0  libinit2.o(.ARM.Collect$$libinit$$0000001B)
    __rt_lib_init_clock_1                    0x08000187   Thumb Code     0  libinit2.o(.ARM.Collect$$libinit$$00000021)
    __rt_lib_init_cpp_1                      0x08000187   Thumb Code     0  libinit2.o(.ARM.Collect$$libinit$$00000032)
    __rt_lib_init_exceptions_1               0x08000187   Thumb Code     0  libinit2.o(.ARM.Collect$$libinit$$00000030)
    __rt_lib_init_fp_1                       0x08000187   Thumb Code     0  libinit2.o(.ARM.Collect$$libinit$$00000002)
    __rt_lib_init_fp_trap_1                  0x08000187   Thumb Code     0  libinit2.o(.ARM.Collect$$libinit$$0000001F)
    __rt_lib_init_getenv_1                   0x08000187   Thumb Code     0  libinit2.o(.ARM.Collect$$libinit$$00000023)
    __rt_lib_init_heap_1                     0x08000187   Thumb Code     0  libinit2.o(.ARM.Collect$$libinit$$0000000A)
    __rt_lib_init_lc_collate_1               0x08000187   Thumb Code     0  libinit2.o(.ARM.Collect$$libinit$$00000011)
    __rt_lib_init_lc_ctype_1                 0x08000187   Thumb Code     0  libinit2.o(.ARM.Collect$$libinit$$00000013)
    __rt_lib_init_lc_monetary_1              0x08000187   Thumb Code     0  libinit2.o(.ARM.Collect$$libinit$$00000015)
    __rt_lib_init_lc_numeric_1               0x08000187   Thumb Code     0  libinit2.o(.ARM.Collect$$libinit$$00000017)
    __rt_lib_init_lc_time_1                  0x08000187   Thumb Code     0  libinit2.o(.ARM.Collect$$libinit$$00000019)
    __rt_lib_init_preinit_1                  0x08000187   Thumb Code     0  libinit2.o(.ARM.Collect$$libinit$$00000004)
    __rt_lib_init_rand_1                     0x08000187   Thumb Code     0  libinit2.o(.ARM.Collect$$libinit$$0000000E)
    __rt_lib_init_return                     0x08000187   Thumb Code     0  libinit2.o(.ARM.Collect$$libinit$$00000033)
    __rt_lib_init_signal_1                   0x08000187   Thumb Code     0  libinit2.o(.ARM.Collect$$libinit$$0000001D)
    __rt_lib_init_stdio_1                    0x08000187   Thumb Code     0  libinit2.o(.ARM.Collect$$libinit$$00000025)
    __rt_lib_init_user_alloc_1               0x08000187   Thumb Code     0  libinit2.o(.ARM.Collect$$libinit$$0000000C)
    __rt_lib_shutdown                        0x08000189   Thumb Code     0  libshutdown.o(.ARM.Collect$$libshutdown$$00000000)
    __rt_lib_shutdown_cpp_1                  0x0800018b   Thumb Code     0  libshutdown2.o(.ARM.Collect$$libshutdown$$00000002)
    __rt_lib_shutdown_fp_trap_1              0x0800018b   Thumb Code     0  libshutdown2.o(.ARM.Collect$$libshutdown$$00000007)
    __rt_lib_shutdown_heap_1                 0x0800018b   Thumb Code     0  libshutdown2.o(.ARM.Collect$$libshutdown$$0000000F)
    __rt_lib_shutdown_return                 0x0800018b   Thumb Code     0  libshutdown2.o(.ARM.Collect$$libshutdown$$00000010)
    __rt_lib_shutdown_signal_1               0x0800018b   Thumb Code     0  libshutdown2.o(.ARM.Collect$$libshutdown$$0000000A)
    __rt_lib_shutdown_stdio_1                0x0800018b   Thumb Code     0  libshutdown2.o(.ARM.Collect$$libshutdown$$00000004)
    __rt_lib_shutdown_user_alloc_1           0x0800018b   Thumb Code     0  libshutdown2.o(.ARM.Collect$$libshutdown$$0000000C)
    __rt_entry                               0x0800018d   Thumb Code     0  __rtentry.o(.ARM.Collect$$rtentry$$00000000)
    __rt_entry_presh_1                       0x0800018d   Thumb Code     0  __rtentry2.o(.ARM.Collect$$rtentry$$00000002)
    __rt_entry_sh                            0x0800018d   Thumb Code     0  __rtentry4.o(.ARM.Collect$$rtentry$$00000004)
    __rt_entry_li                            0x08000193   Thumb Code     0  __rtentry2.o(.ARM.Collect$$rtentry$$0000000A)
    __rt_entry_postsh_1                      0x08000193   Thumb Code     0  __rtentry2.o(.ARM.Collect$$rtentry$$00000009)
    __rt_entry_main                          0x08000197   Thumb Code     0  __rtentry2.o(.ARM.Collect$$rtentry$$0000000D)
    __rt_entry_postli_1                      0x08000197   Thumb Code     0  __rtentry2.o(.ARM.Collect$$rtentry$$0000000C)
    __rt_exit                                0x0800019f   Thumb Code     0  rtexit.o(.ARM.Collect$$rtexit$$00000000)
    __rt_exit_ls                             0x080001a1   Thumb Code     0  rtexit2.o(.ARM.Collect$$rtexit$$00000003)
    __rt_exit_prels_1                        0x080001a1   Thumb Code     0  rtexit2.o(.ARM.Collect$$rtexit$$00000002)
    __rt_exit_exit                           0x080001a5   Thumb Code     0  rtexit2.o(.ARM.Collect$$rtexit$$00000004)
    Reset_Handler                            0x080001ad   Thumb Code     8  startup_gd32f1x0.o(.text)
    ADC_CMP_IRQHandler                       0x080001c7   Thumb Code     0  startup_gd32f1x0.o(.text)
    CEC_IRQHandler                           0x080001c7   Thumb Code     0  startup_gd32f1x0.o(.text)
    DMA_Channel0_IRQHandler                  0x080001c7   Thumb Code     0  startup_gd32f1x0.o(.text)
    DMA_Channel1_2_IRQHandler                0x080001c7   Thumb Code     0  startup_gd32f1x0.o(.text)
    DMA_Channel3_4_IRQHandler                0x080001c7   Thumb Code     0  startup_gd32f1x0.o(.text)
    DMA_Channel5_6_IRQHandler                0x080001c7   Thumb Code     0  startup_gd32f1x0.o(.text)
    EXTI0_1_IRQHandler                       0x080001c7   Thumb Code     0  startup_gd32f1x0.o(.text)
    EXTI2_3_IRQHandler                       0x080001c7   Thumb Code     0  startup_gd32f1x0.o(.text)
    EXTI4_15_IRQHandler                      0x080001c7   Thumb Code     0  startup_gd32f1x0.o(.text)
    FMC_IRQHandler                           0x080001c7   Thumb Code     0  startup_gd32f1x0.o(.text)
    I2C0_ER_IRQHandler                       0x080001c7   Thumb Code     0  startup_gd32f1x0.o(.text)
    I2C0_EV_IRQHandler                       0x080001c7   Thumb Code     0  startup_gd32f1x0.o(.text)
    I2C1_ER_IRQHandler                       0x080001c7   Thumb Code     0  startup_gd32f1x0.o(.text)
    I2C1_EV_IRQHandler                       0x080001c7   Thumb Code     0  startup_gd32f1x0.o(.text)
    I2C2_ER_IRQHandler                       0x080001c7   Thumb Code     0  startup_gd32f1x0.o(.text)
    I2C2_EV_IRQHandler                       0x080001c7   Thumb Code     0  startup_gd32f1x0.o(.text)
    LVD_IRQHandler                           0x080001c7   Thumb Code     0  startup_gd32f1x0.o(.text)
    RCU_IRQHandler                           0x080001c7   Thumb Code     0  startup_gd32f1x0.o(.text)
    RTC_IRQHandler                           0x080001c7   Thumb Code     0  startup_gd32f1x0.o(.text)
    SPI0_IRQHandler                          0x080001c7   Thumb Code     0  startup_gd32f1x0.o(.text)
    SPI1_IRQHandler                          0x080001c7   Thumb Code     0  startup_gd32f1x0.o(.text)
    SPI2_IRQHandler                          0x080001c7   Thumb Code     0  startup_gd32f1x0.o(.text)
    TIMER0_BRK_UP_TRG_COM_IRQHandler         0x080001c7   Thumb Code     0  startup_gd32f1x0.o(.text)
    TIMER0_Channel_IRQHandler                0x080001c7   Thumb Code     0  startup_gd32f1x0.o(.text)
    TIMER13_IRQHandler                       0x080001c7   Thumb Code     0  startup_gd32f1x0.o(.text)
    TIMER14_IRQHandler                       0x080001c7   Thumb Code     0  startup_gd32f1x0.o(.text)
    TIMER15_IRQHandler                       0x080001c7   Thumb Code     0  startup_gd32f1x0.o(.text)
    TIMER16_IRQHandler                       0x080001c7   Thumb Code     0  startup_gd32f1x0.o(.text)
    TIMER1_IRQHandler                        0x080001c7   Thumb Code     0  startup_gd32f1x0.o(.text)
    TIMER2_IRQHandler                        0x080001c7   Thumb Code     0  startup_gd32f1x0.o(.text)
    TIMER5_DAC_IRQHandler                    0x080001c7   Thumb Code     0  startup_gd32f1x0.o(.text)
    TSI_IRQHandler                           0x080001c7   Thumb Code     0  startup_gd32f1x0.o(.text)
    USART0_IRQHandler                        0x080001c7   Thumb Code     0  startup_gd32f1x0.o(.text)
    USART1_IRQHandler                        0x080001c7   Thumb Code     0  startup_gd32f1x0.o(.text)
    USBDWakeUp_IRQHandler                    0x080001c7   Thumb Code     0  startup_gd32f1x0.o(.text)
    USBD_HP_IRQHandler                       0x080001c7   Thumb Code     0  startup_gd32f1x0.o(.text)
    USBD_LP_IRQHandler                       0x080001c7   Thumb Code     0  startup_gd32f1x0.o(.text)
    WWDGT_IRQHandler                         0x080001c7   Thumb Code     0  startup_gd32f1x0.o(.text)
    __user_initial_stackheap                 0x080001c9   Thumb Code    10  startup_gd32f1x0.o(.text)
    __use_two_region_memory                  0x080001ed   Thumb Code     2  heapauxi.o(.text)
    __rt_heap_escrow$2region                 0x080001ef   Thumb Code     2  heapauxi.o(.text)
    __rt_heap_expand$2region                 0x080001f1   Thumb Code     2  heapauxi.o(.text)
    __user_setup_stackheap                   0x080001f3   Thumb Code    74  sys_stackheap_outer.o(.text)
    exit                                     0x0800023d   Thumb Code    18  exit.o(.text)
    __user_libspace                          0x08000251   Thumb Code     8  libspace.o(.text)
    __user_perproc_libspace                  0x08000251   Thumb Code     0  libspace.o(.text)
    __user_perthread_libspace                0x08000251   Thumb Code     0  libspace.o(.text)
    _sys_exit                                0x08000259   Thumb Code     8  sys_exit.o(.text)
    __I$use$semihosting                      0x08000265   Thumb Code     0  use_no_semi.o(.text)
    __use_no_semihosting_swi                 0x08000265   Thumb Code     2  use_no_semi.o(.text)
    ADC_Get_Channel                          0x08000267   Thumb Code    32  adc.o(i.ADC_Get_Channel)
    __semihosting_library_function           0x08000267   Thumb Code     0  indicate_semi.o(.text)
    ADC_IO_init                              0x08000287   Thumb Code    26  adc.o(i.ADC_IO_init)
    ADC_config                               0x080002a1   Thumb Code   102  adc.o(i.ADC_config)
    BusFault_Handler                         0x08000307   Thumb Code     4  gd32f1x0_it.o(i.BusFault_Handler)
    DebugMon_Handler                         0x0800030b   Thumb Code     2  gd32f1x0_it.o(i.DebugMon_Handler)
    HardFault_Handler                        0x0800030d   Thumb Code     4  gd32f1x0_it.o(i.HardFault_Handler)
    MemManage_Handler                        0x08000311   Thumb Code     4  gd32f1x0_it.o(i.MemManage_Handler)
    NMI_Handler                              0x08000315   Thumb Code     2  gd32f1x0_it.o(i.NMI_Handler)
    PWM_Output                               0x08000319   Thumb Code   188  pwm.o(i.PWM_Output)
    PendSV_Handler                           0x080003dd   Thumb Code     2  gd32f1x0_it.o(i.PendSV_Handler)
    RTC6705_frequency                        0x080003df   Thumb Code    54  rtc6705.o(i.RTC6705_frequency)
    RTC6705_io_init                          0x08000415   Thumb Code    94  rtc6705.o(i.RTC6705_io_init)
    RTC6705_send                             0x08000479   Thumb Code   110  rtc6705.o(i.RTC6705_send)
    SPI_W_MOSI                               0x080004ed   Thumb Code    16  spi.o(i.SPI_W_MOSI)
    SPI_W_NSS                                0x08000501   Thumb Code    16  spi.o(i.SPI_W_NSS)
    SPI_W_SCK                                0x08000515   Thumb Code    20  spi.o(i.SPI_W_SCK)
    SPI_end                                  0x08000529   Thumb Code    10  spi.o(i.SPI_end)
    SPI_init_                                0x08000535   Thumb Code   116  spi.o(i.SPI_init_)
    SVC_Handler                              0x080005ad   Thumb Code     2  gd32f1x0_it.o(i.SVC_Handler)
    SysTick_Handler                          0x080005af   Thumb Code     2  gd32f1x0_it.o(i.SysTick_Handler)
    SystemInit                               0x080005b1   Thumb Code   204  system_gd32f1x0.o(i.SystemInit)
    UsageFault_Handler                       0x0800068d   Thumb Code     4  gd32f1x0_it.o(i.UsageFault_Handler)
    adc_calibration_enable                   0x08000691   Thumb Code    54  gd32f1x0_adc.o(i.adc_calibration_enable)
    adc_channel_length_config                0x080006cd   Thumb Code    92  gd32f1x0_adc.o(i.adc_channel_length_config)
    adc_data_alignment_config                0x0800072d   Thumb Code    30  gd32f1x0_adc.o(i.adc_data_alignment_config)
    adc_dma_mode_disable                     0x08000751   Thumb Code    14  gd32f1x0_adc.o(i.adc_dma_mode_disable)
    adc_enable                               0x08000765   Thumb Code    24  gd32f1x0_adc.o(i.adc_enable)
    adc_external_trigger_config              0x08000781   Thumb Code    78  gd32f1x0_adc.o(i.adc_external_trigger_config)
    adc_external_trigger_source_config       0x080007d5   Thumb Code    60  gd32f1x0_adc.o(i.adc_external_trigger_source_config)
    adc_flag_clear                           0x08000815   Thumb Code    12  gd32f1x0_adc.o(i.adc_flag_clear)
    adc_flag_get                             0x08000825   Thumb Code    16  gd32f1x0_adc.o(i.adc_flag_get)
    adc_regular_channel_config               0x08000839   Thumb Code   214  gd32f1x0_adc.o(i.adc_regular_channel_config)
    adc_regular_data_read                    0x08000915   Thumb Code     8  gd32f1x0_adc.o(i.adc_regular_data_read)
    adc_software_trigger_enable              0x08000921   Thumb Code    38  gd32f1x0_adc.o(i.adc_software_trigger_enable)
    adc_special_function_config              0x0800094d   Thumb Code   122  gd32f1x0_adc.o(i.adc_special_function_config)
    delay_1ms                                0x080009cd   Thumb Code    90  systick.o(i.delay_1ms)
    gpio_af_set                              0x08000a2d   Thumb Code    94  gd32f1x0_gpio.o(i.gpio_af_set)
    gpio_bit_reset                           0x08000a8b   Thumb Code     4  gd32f1x0_gpio.o(i.gpio_bit_reset)
    gpio_bit_set                             0x08000a8f   Thumb Code     4  gd32f1x0_gpio.o(i.gpio_bit_set)
    gpio_bit_write                           0x08000a93   Thumb Code    10  gd32f1x0_gpio.o(i.gpio_bit_write)
    gpio_mode_set                            0x08000a9d   Thumb Code    78  gd32f1x0_gpio.o(i.gpio_mode_set)
    gpio_output_options_set                  0x08000aeb   Thumb Code    66  gd32f1x0_gpio.o(i.gpio_output_options_set)
    main                                     0x08000b2d   Thumb Code    70  main.o(i.main)
    nvic_vector_table_set                    0x08000b7d   Thumb Code    28  gd32f1x0_misc.o(i.nvic_vector_table_set)
    rcu_adc_clock_config                     0x08000ba1   Thumb Code   148  gd32f1x0_rcu.o(i.rcu_adc_clock_config)
    rcu_periph_clock_enable                  0x08000c39   Thumb Code    28  gd32f1x0_rcu.o(i.rcu_periph_clock_enable)
    rcu_periph_reset_disable                 0x08000c59   Thumb Code    28  gd32f1x0_rcu.o(i.rcu_periph_reset_disable)
    rcu_periph_reset_enable                  0x08000c79   Thumb Code    28  gd32f1x0_rcu.o(i.rcu_periph_reset_enable)
    systick_clksource_set                    0x08000d11   Thumb Code    40  gd32f1x0_misc.o(i.systick_clksource_set)
    systick_config                           0x08000d39   Thumb Code    46  systick.o(i.systick_config)
    timer_auto_reload_shadow_enable          0x08000d7d   Thumb Code    10  gd32f1x0_timer.o(i.timer_auto_reload_shadow_enable)
    timer_channel_output_config              0x08000d89   Thumb Code   502  gd32f1x0_timer.o(i.timer_channel_output_config)
    timer_channel_output_mode_config         0x08000f91   Thumb Code    90  gd32f1x0_timer.o(i.timer_channel_output_mode_config)
    timer_channel_output_pulse_value_config  0x08000feb   Thumb Code    38  gd32f1x0_timer.o(i.timer_channel_output_pulse_value_config)
    timer_channel_output_shadow_config       0x08001011   Thumb Code    90  gd32f1x0_timer.o(i.timer_channel_output_shadow_config)
    timer_deinit                             0x0800106d   Thumb Code   210  gd32f1x0_timer.o(i.timer_deinit)
    timer_enable                             0x08001149   Thumb Code    10  gd32f1x0_timer.o(i.timer_enable)
    timer_init                               0x08001155   Thumb Code   146  gd32f1x0_timer.o(i.timer_init)
    timer_primary_output_config              0x08001201   Thumb Code    24  gd32f1x0_timer.o(i.timer_primary_output_config)
    __aeabi_fdiv                             0x08001219   Thumb Code     0  fdiv.o(x$fpl$fdiv)
    _fdiv                                    0x08001219   Thumb Code   384  fdiv.o(x$fpl$fdiv)
    __aeabi_f2uiz                            0x0800139d   Thumb Code     0  ffixu.o(x$fpl$ffixu)
    _ffixu                                   0x0800139d   Thumb Code    62  ffixu.o(x$fpl$ffixu)
    __aeabi_ui2f                             0x080013dd   Thumb Code     0  fflt_clz.o(x$fpl$ffltu)
    _ffltu                                   0x080013dd   Thumb Code    38  fflt_clz.o(x$fpl$ffltu)
    __aeabi_fmul                             0x08001405   Thumb Code     0  fmul.o(x$fpl$fmul)
    _fmul                                    0x08001405   Thumb Code   258  fmul.o(x$fpl$fmul)
    __fpl_fnaninf                            0x08001507   Thumb Code   140  fnaninf.o(x$fpl$fnaninf)
    __fpl_fretinf                            0x08001593   Thumb Code    10  fretinf.o(x$fpl$fretinf)
    Region$$Table$$Base                      0x0800159c   Number         0  anon$$obj.o(Region$$Table)
    __I$use$fp                               0x0800159c   Number         0  usenofp.o(x$fpl$usenofp)
    Region$$Table$$Limit                     0x080015bc   Number         0  anon$$obj.o(Region$$Table)
    SystemCoreClock                          0x20000000   Data           4  system_gd32f1x0.o(.data)
    Val                                      0x20000004   Data           2  main.o(.data)
    __libspace_start                         0x20000010   Data          96  libspace.o(.bss)
    __temporary_stack_top$libspace           0x20000070   Data           0  libspace.o(.bss)



==============================================================================

Memory Map of the image

  Image Entry point : 0x08000111

  Load Region LR_IROM1 (Base: 0x08000000, Size: 0x000015cc, Max: 0x00008000, ABSOLUTE)

    Execution Region ER_IROM1 (Exec base: 0x08000000, Load base: 0x08000000, Size: 0x000015bc, Max: 0x00008000, ABSOLUTE)

    Exec Addr    Load Addr    Size         Type   Attr      Idx    E Section Name        Object

    0x08000000   0x08000000   0x00000110   Data   RO          137    RESET               startup_gd32f1x0.o
    0x08000110   0x08000110   0x00000008   Code   RO         4066  * !!!main             c_w.l(__main.o)
    0x08000118   0x08000118   0x00000034   Code   RO         4244    !!!scatter          c_w.l(__scatter.o)
    0x0800014c   0x0800014c   0x0000001a   Code   RO         4246    !!handler_copy      c_w.l(__scatter_copy.o)
    0x08000166   0x08000166   0x00000002   PAD
    0x08000168   0x08000168   0x0000001c   Code   RO         4248    !!handler_zi        c_w.l(__scatter_zi.o)
    0x08000184   0x08000184   0x00000002   Code   RO         4114    .ARM.Collect$$libinit$$00000000  c_w.l(libinit.o)
    0x08000186   0x08000186   0x00000000   Code   RO         4121    .ARM.Collect$$libinit$$00000002  c_w.l(libinit2.o)
    0x08000186   0x08000186   0x00000000   Code   RO         4123    .ARM.Collect$$libinit$$00000004  c_w.l(libinit2.o)
    0x08000186   0x08000186   0x00000000   Code   RO         4126    .ARM.Collect$$libinit$$0000000A  c_w.l(libinit2.o)
    0x08000186   0x08000186   0x00000000   Code   RO         4128    .ARM.Collect$$libinit$$0000000C  c_w.l(libinit2.o)
    0x08000186   0x08000186   0x00000000   Code   RO         4130    .ARM.Collect$$libinit$$0000000E  c_w.l(libinit2.o)
    0x08000186   0x08000186   0x00000000   Code   RO         4133    .ARM.Collect$$libinit$$00000011  c_w.l(libinit2.o)
    0x08000186   0x08000186   0x00000000   Code   RO         4135    .ARM.Collect$$libinit$$00000013  c_w.l(libinit2.o)
    0x08000186   0x08000186   0x00000000   Code   RO         4137    .ARM.Collect$$libinit$$00000015  c_w.l(libinit2.o)
    0x08000186   0x08000186   0x00000000   Code   RO         4139    .ARM.Collect$$libinit$$00000017  c_w.l(libinit2.o)
    0x08000186   0x08000186   0x00000000   Code   RO         4141    .ARM.Collect$$libinit$$00000019  c_w.l(libinit2.o)
    0x08000186   0x08000186   0x00000000   Code   RO         4143    .ARM.Collect$$libinit$$0000001B  c_w.l(libinit2.o)
    0x08000186   0x08000186   0x00000000   Code   RO         4145    .ARM.Collect$$libinit$$0000001D  c_w.l(libinit2.o)
    0x08000186   0x08000186   0x00000000   Code   RO         4147    .ARM.Collect$$libinit$$0000001F  c_w.l(libinit2.o)
    0x08000186   0x08000186   0x00000000   Code   RO         4149    .ARM.Collect$$libinit$$00000021  c_w.l(libinit2.o)
    0x08000186   0x08000186   0x00000000   Code   RO         4151    .ARM.Collect$$libinit$$00000023  c_w.l(libinit2.o)
    0x08000186   0x08000186   0x00000000   Code   RO         4153    .ARM.Collect$$libinit$$00000025  c_w.l(libinit2.o)
    0x08000186   0x08000186   0x00000000   Code   RO         4157    .ARM.Collect$$libinit$$0000002C  c_w.l(libinit2.o)
    0x08000186   0x08000186   0x00000000   Code   RO         4159    .ARM.Collect$$libinit$$0000002E  c_w.l(libinit2.o)
    0x08000186   0x08000186   0x00000000   Code   RO         4161    .ARM.Collect$$libinit$$00000030  c_w.l(libinit2.o)
    0x08000186   0x08000186   0x00000000   Code   RO         4163    .ARM.Collect$$libinit$$00000032  c_w.l(libinit2.o)
    0x08000186   0x08000186   0x00000002   Code   RO         4164    .ARM.Collect$$libinit$$00000033  c_w.l(libinit2.o)
    0x08000188   0x08000188   0x00000002   Code   RO         4184    .ARM.Collect$$libshutdown$$00000000  c_w.l(libshutdown.o)
    0x0800018a   0x0800018a   0x00000000   Code   RO         4197    .ARM.Collect$$libshutdown$$00000002  c_w.l(libshutdown2.o)
    0x0800018a   0x0800018a   0x00000000   Code   RO         4199    .ARM.Collect$$libshutdown$$00000004  c_w.l(libshutdown2.o)
    0x0800018a   0x0800018a   0x00000000   Code   RO         4202    .ARM.Collect$$libshutdown$$00000007  c_w.l(libshutdown2.o)
    0x0800018a   0x0800018a   0x00000000   Code   RO         4205    .ARM.Collect$$libshutdown$$0000000A  c_w.l(libshutdown2.o)
    0x0800018a   0x0800018a   0x00000000   Code   RO         4207    .ARM.Collect$$libshutdown$$0000000C  c_w.l(libshutdown2.o)
    0x0800018a   0x0800018a   0x00000000   Code   RO         4210    .ARM.Collect$$libshutdown$$0000000F  c_w.l(libshutdown2.o)
    0x0800018a   0x0800018a   0x00000002   Code   RO         4211    .ARM.Collect$$libshutdown$$00000010  c_w.l(libshutdown2.o)
    0x0800018c   0x0800018c   0x00000000   Code   RO         4084    .ARM.Collect$$rtentry$$00000000  c_w.l(__rtentry.o)
    0x0800018c   0x0800018c   0x00000000   Code   RO         4091    .ARM.Collect$$rtentry$$00000002  c_w.l(__rtentry2.o)
    0x0800018c   0x0800018c   0x00000006   Code   RO         4103    .ARM.Collect$$rtentry$$00000004  c_w.l(__rtentry4.o)
    0x08000192   0x08000192   0x00000000   Code   RO         4093    .ARM.Collect$$rtentry$$00000009  c_w.l(__rtentry2.o)
    0x08000192   0x08000192   0x00000004   Code   RO         4094    .ARM.Collect$$rtentry$$0000000A  c_w.l(__rtentry2.o)
    0x08000196   0x08000196   0x00000000   Code   RO         4096    .ARM.Collect$$rtentry$$0000000C  c_w.l(__rtentry2.o)
    0x08000196   0x08000196   0x00000008   Code   RO         4097    .ARM.Collect$$rtentry$$0000000D  c_w.l(__rtentry2.o)
    0x0800019e   0x0800019e   0x00000002   Code   RO         4118    .ARM.Collect$$rtexit$$00000000  c_w.l(rtexit.o)
    0x080001a0   0x080001a0   0x00000000   Code   RO         4166    .ARM.Collect$$rtexit$$00000002  c_w.l(rtexit2.o)
    0x080001a0   0x080001a0   0x00000004   Code   RO         4167    .ARM.Collect$$rtexit$$00000003  c_w.l(rtexit2.o)
    0x080001a4   0x080001a4   0x00000006   Code   RO         4168    .ARM.Collect$$rtexit$$00000004  c_w.l(rtexit2.o)
    0x080001aa   0x080001aa   0x00000002   PAD
    0x080001ac   0x080001ac   0x00000040   Code   RO          138    .text               startup_gd32f1x0.o
    0x080001ec   0x080001ec   0x00000006   Code   RO         4064    .text               c_w.l(heapauxi.o)
    0x080001f2   0x080001f2   0x0000004a   Code   RO         4105    .text               c_w.l(sys_stackheap_outer.o)
    0x0800023c   0x0800023c   0x00000012   Code   RO         4107    .text               c_w.l(exit.o)
    0x0800024e   0x0800024e   0x00000002   PAD
    0x08000250   0x08000250   0x00000008   Code   RO         4115    .text               c_w.l(libspace.o)
    0x08000258   0x08000258   0x0000000c   Code   RO         4176    .text               c_w.l(sys_exit.o)
    0x08000264   0x08000264   0x00000002   Code   RO         4187    .text               c_w.l(use_no_semi.o)
    0x08000266   0x08000266   0x00000000   Code   RO         4189    .text               c_w.l(indicate_semi.o)
    0x08000266   0x08000266   0x00000020   Code   RO         4001    i.ADC_Get_Channel   adc.o
    0x08000286   0x08000286   0x0000001a   Code   RO         4002    i.ADC_IO_init       adc.o
    0x080002a0   0x080002a0   0x00000066   Code   RO         4003    i.ADC_config        adc.o
    0x08000306   0x08000306   0x00000004   Code   RO         3742    i.BusFault_Handler  gd32f1x0_it.o
    0x0800030a   0x0800030a   0x00000002   Code   RO         3743    i.DebugMon_Handler  gd32f1x0_it.o
    0x0800030c   0x0800030c   0x00000004   Code   RO         3744    i.HardFault_Handler  gd32f1x0_it.o
    0x08000310   0x08000310   0x00000004   Code   RO         3745    i.MemManage_Handler  gd32f1x0_it.o
    0x08000314   0x08000314   0x00000002   Code   RO         3746    i.NMI_Handler       gd32f1x0_it.o
    0x08000316   0x08000316   0x00000002   PAD
    0x08000318   0x08000318   0x000000c4   Code   RO         4037    i.PWM_Output        pwm.o
    0x080003dc   0x080003dc   0x00000002   Code   RO         3747    i.PendSV_Handler    gd32f1x0_it.o
    0x080003de   0x080003de   0x00000036   Code   RO         3902    i.RTC6705_frequency  rtc6705.o
    0x08000414   0x08000414   0x00000064   Code   RO         3903    i.RTC6705_io_init   rtc6705.o
    0x08000478   0x08000478   0x00000074   Code   RO         3904    i.RTC6705_send      rtc6705.o
    0x080004ec   0x080004ec   0x00000014   Code   RO         3944    i.SPI_W_MOSI        spi.o
    0x08000500   0x08000500   0x00000014   Code   RO         3945    i.SPI_W_NSS         spi.o
    0x08000514   0x08000514   0x00000014   Code   RO         3946    i.SPI_W_SCK         spi.o
    0x08000528   0x08000528   0x0000000a   Code   RO         3948    i.SPI_end           spi.o
    0x08000532   0x08000532   0x00000002   PAD
    0x08000534   0x08000534   0x00000078   Code   RO         3949    i.SPI_init_         spi.o
    0x080005ac   0x080005ac   0x00000002   Code   RO         3748    i.SVC_Handler       gd32f1x0_it.o
    0x080005ae   0x080005ae   0x00000002   Code   RO         3749    i.SysTick_Handler   gd32f1x0_it.o
    0x080005b0   0x080005b0   0x000000dc   Code   RO            5    i.SystemInit        system_gd32f1x0.o
    0x0800068c   0x0800068c   0x00000004   Code   RO         3750    i.UsageFault_Handler  gd32f1x0_it.o
    0x08000690   0x08000690   0x0000003c   Code   RO          145    i.adc_calibration_enable  gd32f1x0_adc.o
    0x080006cc   0x080006cc   0x00000060   Code   RO          146    i.adc_channel_length_config  gd32f1x0_adc.o
    0x0800072c   0x0800072c   0x00000024   Code   RO          147    i.adc_data_alignment_config  gd32f1x0_adc.o
    0x08000750   0x08000750   0x00000014   Code   RO          151    i.adc_dma_mode_disable  gd32f1x0_adc.o
    0x08000764   0x08000764   0x0000001c   Code   RO          153    i.adc_enable        gd32f1x0_adc.o
    0x08000780   0x08000780   0x00000054   Code   RO          154    i.adc_external_trigger_config  gd32f1x0_adc.o
    0x080007d4   0x080007d4   0x00000040   Code   RO          155    i.adc_external_trigger_source_config  gd32f1x0_adc.o
    0x08000814   0x08000814   0x00000010   Code   RO          156    i.adc_flag_clear    gd32f1x0_adc.o
    0x08000824   0x08000824   0x00000014   Code   RO          157    i.adc_flag_get      gd32f1x0_adc.o
    0x08000838   0x08000838   0x000000dc   Code   RO          165    i.adc_regular_channel_config  gd32f1x0_adc.o
    0x08000914   0x08000914   0x0000000c   Code   RO          166    i.adc_regular_data_read  gd32f1x0_adc.o
    0x08000920   0x08000920   0x0000002c   Code   RO          167    i.adc_software_trigger_enable  gd32f1x0_adc.o
    0x0800094c   0x0800094c   0x00000080   Code   RO          168    i.adc_special_function_config  gd32f1x0_adc.o
    0x080009cc   0x080009cc   0x00000060   Code   RO         3864    i.delay_1ms         systick.o
    0x08000a2c   0x08000a2c   0x0000005e   Code   RO         1407    i.gpio_af_set       gd32f1x0_gpio.o
    0x08000a8a   0x08000a8a   0x00000004   Code   RO         1408    i.gpio_bit_reset    gd32f1x0_gpio.o
    0x08000a8e   0x08000a8e   0x00000004   Code   RO         1409    i.gpio_bit_set      gd32f1x0_gpio.o
    0x08000a92   0x08000a92   0x0000000a   Code   RO         1410    i.gpio_bit_write    gd32f1x0_gpio.o
    0x08000a9c   0x08000a9c   0x0000004e   Code   RO         1414    i.gpio_mode_set     gd32f1x0_gpio.o
    0x08000aea   0x08000aea   0x00000042   Code   RO         1416    i.gpio_output_options_set  gd32f1x0_gpio.o
    0x08000b2c   0x08000b2c   0x00000050   Code   RO         3820    i.main              main.o
    0x08000b7c   0x08000b7c   0x00000024   Code   RO         1710    i.nvic_vector_table_set  gd32f1x0_misc.o
    0x08000ba0   0x08000ba0   0x00000098   Code   RO         1858    i.rcu_adc_clock_config  gd32f1x0_rcu.o
    0x08000c38   0x08000c38   0x00000020   Code   RO         1887    i.rcu_periph_clock_enable  gd32f1x0_rcu.o
    0x08000c58   0x08000c58   0x00000020   Code   RO         1890    i.rcu_periph_reset_disable  gd32f1x0_rcu.o
    0x08000c78   0x08000c78   0x00000020   Code   RO         1891    i.rcu_periph_reset_enable  gd32f1x0_rcu.o
    0x08000c98   0x08000c98   0x00000070   Code   RO            6    i.system_clock_48m_irc8m  system_gd32f1x0.o
    0x08000d08   0x08000d08   0x00000008   Code   RO            7    i.system_clock_config  system_gd32f1x0.o
    0x08000d10   0x08000d10   0x00000028   Code   RO         1713    i.systick_clksource_set  gd32f1x0_misc.o
    0x08000d38   0x08000d38   0x00000044   Code   RO         3866    i.systick_config    systick.o
    0x08000d7c   0x08000d7c   0x0000000a   Code   RO         2603    i.timer_auto_reload_shadow_enable  gd32f1x0_timer.o
    0x08000d86   0x08000d86   0x00000002   PAD
    0x08000d88   0x08000d88   0x00000208   Code   RO         2620    i.timer_channel_output_config  gd32f1x0_timer.o
    0x08000f90   0x08000f90   0x0000005a   Code   RO         2622    i.timer_channel_output_mode_config  gd32f1x0_timer.o
    0x08000fea   0x08000fea   0x00000026   Code   RO         2624    i.timer_channel_output_pulse_value_config  gd32f1x0_timer.o
    0x08001010   0x08001010   0x0000005a   Code   RO         2625    i.timer_channel_output_shadow_config  gd32f1x0_timer.o
    0x0800106a   0x0800106a   0x00000002   PAD
    0x0800106c   0x0800106c   0x000000dc   Code   RO         2634    i.timer_deinit      gd32f1x0_timer.o
    0x08001148   0x08001148   0x0000000a   Code   RO         2639    i.timer_enable      gd32f1x0_timer.o
    0x08001152   0x08001152   0x00000002   PAD
    0x08001154   0x08001154   0x000000ac   Code   RO         2649    i.timer_init        gd32f1x0_timer.o
    0x08001200   0x08001200   0x00000018   Code   RO         2664    i.timer_primary_output_config  gd32f1x0_timer.o
    0x08001218   0x08001218   0x00000184   Code   RO         4069    x$fpl$fdiv          fz_ws.l(fdiv.o)
    0x0800139c   0x0800139c   0x0000003e   Code   RO         4072    x$fpl$ffixu         fz_ws.l(ffixu.o)
    0x080013da   0x080013da   0x00000002   PAD
    0x080013dc   0x080013dc   0x00000026   Code   RO         4076    x$fpl$ffltu         fz_ws.l(fflt_clz.o)
    0x08001402   0x08001402   0x00000002   PAD
    0x08001404   0x08001404   0x00000102   Code   RO         4082    x$fpl$fmul          fz_ws.l(fmul.o)
    0x08001506   0x08001506   0x0000008c   Code   RO         4085    x$fpl$fnaninf       fz_ws.l(fnaninf.o)
    0x08001592   0x08001592   0x0000000a   Code   RO         4087    x$fpl$fretinf       fz_ws.l(fretinf.o)
    0x0800159c   0x0800159c   0x00000000   Code   RO         4089    x$fpl$usenofp       fz_ws.l(usenofp.o)
    0x0800159c   0x0800159c   0x00000020   Data   RO         4242    Region$$Table       anon$$obj.o


    Execution Region RW_IRAM1 (Exec base: 0x20000000, Load base: 0x080015bc, Size: 0x00000870, Max: 0x00001000, ABSOLUTE)

    Exec Addr    Load Addr    Size         Type   Attr      Idx    E Section Name        Object

    0x20000000   0x080015bc   0x00000004   Data   RW            8    .data               system_gd32f1x0.o
    0x20000004   0x080015c0   0x00000002   Data   RW         3822    .data               main.o
    0x20000006   0x080015c2   0x00000002   PAD
    0x20000008   0x080015c4   0x00000008   Data   RW         3867    .data               systick.o
    0x20000010        -       0x00000060   Zero   RW         4116    .bss                c_w.l(libspace.o)
    0x20000070        -       0x00000400   Zero   RW          136    HEAP                startup_gd32f1x0.o
    0x20000470        -       0x00000400   Zero   RW          135    STACK               startup_gd32f1x0.o


==============================================================================

Image component sizes


      Code (inc. data)   RO Data    RW Data    ZI Data      Debug   Object Name

       160          0          0          0          0       1249   adc.o
       828         66          0          0          0       6645   gd32f1x0_adc.o
       256          0          0          0          0       3573   gd32f1x0_gpio.o
        26          0          0          0          0       3434   gd32f1x0_it.o
        76          8          0          0          0        992   gd32f1x0_misc.o
       248         22          0          0          0       1902   gd32f1x0_rcu.o
      1174         54          0          0          0       5703   gd32f1x0_timer.o
        80         10          0          2          0       1138   main.o
       196          8          0          0          0        685   pwm.o
       270         12          0          0          0       1489   rtc6705.o
       190         12          0          0          0       2015   spi.o
        64         26        272          0       2048        804   startup_gd32f1x0.o
       340         24          0          4          0      47431   system_gd32f1x0.o
       164         28          0          8          0       1077   systick.o

    ----------------------------------------------------------------------
      4082        270        304         16       2048      78137   Object Totals
         0          0         32          0          0          0   (incl. Generated)
        10          0          0          2          0          0   (incl. Padding)

    ----------------------------------------------------------------------

      Code (inc. data)   RO Data    RW Data    ZI Data      Debug   Library Member Name

         8          0          0          0          0         68   __main.o
         0          0          0          0          0          0   __rtentry.o
        12          0          0          0          0          0   __rtentry2.o
         6          0          0          0          0          0   __rtentry4.o
        52          8          0          0          0          0   __scatter.o
        26          0          0          0          0          0   __scatter_copy.o
        28          0          0          0          0          0   __scatter_zi.o
        18          0          0          0          0         80   exit.o
         6          0          0          0          0        152   heapauxi.o
         0          0          0          0          0          0   indicate_semi.o
         2          0          0          0          0          0   libinit.o
         2          0          0          0          0          0   libinit2.o
         2          0          0          0          0          0   libshutdown.o
         2          0          0          0          0          0   libshutdown2.o
         8          4          0          0         96         68   libspace.o
         2          0          0          0          0          0   rtexit.o
        10          0          0          0          0          0   rtexit2.o
        12          4          0          0          0         68   sys_exit.o
        74          0          0          0          0         80   sys_stackheap_outer.o
         2          0          0          0          0         68   use_no_semi.o
       388         76          0          0          0         96   fdiv.o
        62          4          0          0          0         84   ffixu.o
        38          0          0          0          0         68   fflt_clz.o
       258          4          0          0          0         84   fmul.o
       140          4          0          0          0         84   fnaninf.o
        10          0          0          0          0         68   fretinf.o
         0          0          0          0          0          0   usenofp.o

    ----------------------------------------------------------------------
      1178        104          0          0         96       1068   Library Totals
        10          0          0          0          0          0   (incl. Padding)

    ----------------------------------------------------------------------

      Code (inc. data)   RO Data    RW Data    ZI Data      Debug   Library Name

       272         16          0          0         96        584   c_w.l
       896         88          0          0          0        484   fz_ws.l

    ----------------------------------------------------------------------
      1178        104          0          0         96       1068   Library Totals

    ----------------------------------------------------------------------

==============================================================================


      Code (inc. data)   RO Data    RW Data    ZI Data      Debug   

      5260        374        304         16       2144      75821   Grand Totals
      5260        374        304         16       2144      75821   ELF Image Totals
      5260        374        304         16          0          0   ROM Totals

==============================================================================

    Total RO  Size (Code + RO Data)                 5564 (   5.43kB)
    Total RW  Size (RW Data + ZI Data)              2160 (   2.11kB)
    Total ROM Size (Code + RO Data + RW Data)       5580 (   5.45kB)

==============================================================================

