Component: ARM Compiler 5.06 update 6 (build 750) Tool: armlink [4d35ed]

==============================================================================

Section Cross References

    system_gd32f1x0.o(i.SystemCoreClockUpdate) refers to system_gd32f1x0.o(.data) for SystemCoreClock
    system_gd32f1x0.o(i.SystemInit) refers to system_gd32f1x0.o(i.system_clock_config) for system_clock_config
    system_gd32f1x0.o(i.SystemInit) refers to gd32f1x0_misc.o(i.nvic_vector_table_set) for nvic_vector_table_set
    system_gd32f1x0.o(i.system_clock_config) refers to system_gd32f1x0.o(i.system_clock_48m_irc8m) for system_clock_48m_irc8m
    startup_gd32f1x0.o(STACK) refers (Special) to heapauxi.o(.text) for __use_two_region_memory
    startup_gd32f1x0.o(HEAP) refers (Special) to heapauxi.o(.text) for __use_two_region_memory
    startup_gd32f1x0.o(RESET) refers (Special) to heapauxi.o(.text) for __use_two_region_memory
    startup_gd32f1x0.o(RESET) refers to startup_gd32f1x0.o(STACK) for __initial_sp
    startup_gd32f1x0.o(RESET) refers to startup_gd32f1x0.o(.text) for Reset_Handler
    startup_gd32f1x0.o(RESET) refers to gd32f1x0_it.o(i.NMI_Handler) for NMI_Handler
    startup_gd32f1x0.o(RESET) refers to gd32f1x0_it.o(i.HardFault_Handler) for HardFault_Handler
    startup_gd32f1x0.o(RESET) refers to gd32f1x0_it.o(i.MemManage_Handler) for MemManage_Handler
    startup_gd32f1x0.o(RESET) refers to gd32f1x0_it.o(i.BusFault_Handler) for BusFault_Handler
    startup_gd32f1x0.o(RESET) refers to gd32f1x0_it.o(i.UsageFault_Handler) for UsageFault_Handler
    startup_gd32f1x0.o(RESET) refers to gd32f1x0_it.o(i.SVC_Handler) for SVC_Handler
    startup_gd32f1x0.o(RESET) refers to gd32f1x0_it.o(i.DebugMon_Handler) for DebugMon_Handler
    startup_gd32f1x0.o(RESET) refers to gd32f1x0_it.o(i.PendSV_Handler) for PendSV_Handler
    startup_gd32f1x0.o(RESET) refers to gd32f1x0_it.o(i.SysTick_Handler) for SysTick_Handler
    startup_gd32f1x0.o(.text) refers (Special) to heapauxi.o(.text) for __use_two_region_memory
    startup_gd32f1x0.o(.text) refers to system_gd32f1x0.o(i.SystemInit) for SystemInit
    startup_gd32f1x0.o(.text) refers to __main.o(!!!main) for __main
    startup_gd32f1x0.o(.text) refers to startup_gd32f1x0.o(HEAP) for Heap_Mem
    startup_gd32f1x0.o(.text) refers to startup_gd32f1x0.o(STACK) for Stack_Mem
    gd32f1x0_adc.o(i.adc_deinit) refers to gd32f1x0_rcu.o(i.rcu_periph_reset_enable) for rcu_periph_reset_enable
    gd32f1x0_adc.o(i.adc_deinit) refers to gd32f1x0_rcu.o(i.rcu_periph_reset_disable) for rcu_periph_reset_disable
    gd32f1x0_cec.o(i.cec_deinit) refers to gd32f1x0_rcu.o(i.rcu_periph_reset_enable) for rcu_periph_reset_enable
    gd32f1x0_cec.o(i.cec_deinit) refers to gd32f1x0_rcu.o(i.rcu_periph_reset_disable) for rcu_periph_reset_disable
    gd32f1x0_dac.o(i.dac_deinit) refers to gd32f1x0_rcu.o(i.rcu_periph_reset_enable) for rcu_periph_reset_enable
    gd32f1x0_dac.o(i.dac_deinit) refers to gd32f1x0_rcu.o(i.rcu_periph_reset_disable) for rcu_periph_reset_disable
    gd32f1x0_dma.o(i.dma_init) refers to gd32f1x0_dma.o(i.dma_channel_disable) for dma_channel_disable
    gd32f1x0_fmc.o(i.fmc_halfword_program) refers to gd32f1x0_fmc.o(i.fmc_ready_wait) for fmc_ready_wait
    gd32f1x0_fmc.o(i.fmc_mass_erase) refers to gd32f1x0_fmc.o(i.fmc_ready_wait) for fmc_ready_wait
    gd32f1x0_fmc.o(i.fmc_page_erase) refers to gd32f1x0_fmc.o(i.fmc_ready_wait) for fmc_ready_wait
    gd32f1x0_fmc.o(i.fmc_ready_wait) refers to gd32f1x0_fmc.o(i.fmc_state_get) for fmc_state_get
    gd32f1x0_fmc.o(i.fmc_word_program) refers to gd32f1x0_fmc.o(i.fmc_ready_wait) for fmc_ready_wait
    gd32f1x0_fmc.o(i.ob_data_program) refers to gd32f1x0_fmc.o(i.ob_obstat_plevel_get) for ob_obstat_plevel_get
    gd32f1x0_fmc.o(i.ob_data_program) refers to gd32f1x0_fmc.o(i.fmc_ready_wait) for fmc_ready_wait
    gd32f1x0_fmc.o(i.ob_erase) refers to gd32f1x0_fmc.o(i.ob_obstat_plevel_get) for ob_obstat_plevel_get
    gd32f1x0_fmc.o(i.ob_erase) refers to gd32f1x0_fmc.o(i.fmc_ready_wait) for fmc_ready_wait
    gd32f1x0_fmc.o(i.ob_security_protection_config) refers to gd32f1x0_fmc.o(i.ob_obstat_plevel_get) for ob_obstat_plevel_get
    gd32f1x0_fmc.o(i.ob_security_protection_config) refers to gd32f1x0_fmc.o(i.fmc_ready_wait) for fmc_ready_wait
    gd32f1x0_fmc.o(i.ob_user_write) refers to gd32f1x0_fmc.o(i.ob_obstat_plevel_get) for ob_obstat_plevel_get
    gd32f1x0_fmc.o(i.ob_user_write) refers to gd32f1x0_fmc.o(i.fmc_ready_wait) for fmc_ready_wait
    gd32f1x0_fmc.o(i.ob_write_protection_enable) refers to gd32f1x0_fmc.o(i.ob_obstat_plevel_get) for ob_obstat_plevel_get
    gd32f1x0_fmc.o(i.ob_write_protection_enable) refers to gd32f1x0_fmc.o(i.fmc_ready_wait) for fmc_ready_wait
    gd32f1x0_gpio.o(i.gpio_deinit) refers to gd32f1x0_rcu.o(i.rcu_periph_reset_enable) for rcu_periph_reset_enable
    gd32f1x0_gpio.o(i.gpio_deinit) refers to gd32f1x0_rcu.o(i.rcu_periph_reset_disable) for rcu_periph_reset_disable
[...]
    Removing gd32f1x0_rcu.o(i.rcu_irc8m_adjust_value_set), (24 bytes).
    Removing gd32f1x0_rcu.o(i.rcu_lxtal_drive_capability_config), (28 bytes).
    Removing gd32f1x0_rcu.o(i.rcu_osci_bypass_mode_disable), (100 bytes).
    Removing gd32f1x0_rcu.o(i.rcu_osci_bypass_mode_enable), (100 bytes).
    Removing gd32f1x0_rcu.o(i.rcu_osci_off), (32 bytes).
    Removing gd32f1x0_rcu.o(i.rcu_osci_on), (32 bytes).
    Removing gd32f1x0_rcu.o(i.rcu_osci_stab_wait), (268 bytes).
    Removing gd32f1x0_rcu.o(i.rcu_periph_clock_disable), (32 bytes).
    Removing gd32f1x0_rcu.o(i.rcu_periph_clock_sleep_disable), (32 bytes).
    Removing gd32f1x0_rcu.o(i.rcu_periph_clock_sleep_enable), (32 bytes).
    Removing gd32f1x0_rcu.o(i.rcu_pll_config), (36 bytes).
    Removing gd32f1x0_rcu.o(i.rcu_power_down_voltage_set), (36 bytes).
    Removing gd32f1x0_rcu.o(i.rcu_rtc_clock_config), (28 bytes).
    Removing gd32f1x0_rcu.o(i.rcu_system_clock_source_config), (28 bytes).
    Removing gd32f1x0_rcu.o(i.rcu_system_clock_source_get), (16 bytes).
    Removing gd32f1x0_rcu.o(i.rcu_usart_clock_config), (28 bytes).
    Removing gd32f1x0_rcu.o(i.rcu_usbd_clock_config), (28 bytes).
    Removing gd32f1x0_rcu.o(i.rcu_voltage_key_unlock), (40 bytes).
    Removing gd32f1x0_rtc.o(.rev16_text), (4 bytes).
    Removing gd32f1x0_rtc.o(.revsh_text), (4 bytes).
    Removing gd32f1x0_rtc.o(.rrx_text), (6 bytes).
    Removing gd32f1x0_rtc.o(i.rtc_alarm_config), (84 bytes).
    Removing gd32f1x0_rtc.o(i.rtc_alarm_disable), (80 bytes).
    Removing gd32f1x0_rtc.o(i.rtc_alarm_enable), (40 bytes).
    Removing gd32f1x0_rtc.o(i.rtc_alarm_get), (56 bytes).
    Removing gd32f1x0_rtc.o(i.rtc_alarm_subsecond_config), (32 bytes).
    Removing gd32f1x0_rtc.o(i.rtc_alarm_subsecond_get), (16 bytes).
    Removing gd32f1x0_rtc.o(i.rtc_alter_output_config), (76 bytes).
    Removing gd32f1x0_rtc.o(i.rtc_bypass_shadow_disable), (40 bytes).
    Removing gd32f1x0_rtc.o(i.rtc_bypass_shadow_enable), (40 bytes).
    Removing gd32f1x0_rtc.o(i.rtc_calibration_config), (76 bytes).
    Removing gd32f1x0_rtc.o(i.rtc_current_time_get), (100 bytes).
    Removing gd32f1x0_rtc.o(i.rtc_deinit), (128 bytes).
    Removing gd32f1x0_rtc.o(i.rtc_flag_clear), (16 bytes).
    Removing gd32f1x0_rtc.o(i.rtc_flag_get), (20 bytes).
    Removing gd32f1x0_rtc.o(i.rtc_hour_adjust), (36 bytes).
    Removing gd32f1x0_rtc.o(i.rtc_init), (196 bytes).
    Removing gd32f1x0_rtc.o(i.rtc_init_mode_enter), (68 bytes).
    Removing gd32f1x0_rtc.o(i.rtc_init_mode_exit), (20 bytes).
    Removing gd32f1x0_rtc.o(i.rtc_interrupt_disable), (60 bytes).
    Removing gd32f1x0_rtc.o(i.rtc_interrupt_enable), (60 bytes).
    Removing gd32f1x0_rtc.o(i.rtc_refclock_detection_disable), (56 bytes).
    Removing gd32f1x0_rtc.o(i.rtc_refclock_detection_enable), (56 bytes).
    Removing gd32f1x0_rtc.o(i.rtc_register_sync_wait), (96 bytes).
    Removing gd32f1x0_rtc.o(i.rtc_second_adjust), (108 bytes).
    Removing gd32f1x0_rtc.o(i.rtc_subsecond_get), (20 bytes).
    Removing gd32f1x0_rtc.o(i.rtc_tamper_disable), (16 bytes).
    Removing gd32f1x0_rtc.o(i.rtc_tamper_enable), (164 bytes).
    Removing gd32f1x0_rtc.o(i.rtc_timestamp_disable), (40 bytes).
    Removing gd32f1x0_rtc.o(i.rtc_timestamp_enable), (48 bytes).
    Removing gd32f1x0_rtc.o(i.rtc_timestamp_get), (60 bytes).
    Removing gd32f1x0_rtc.o(i.rtc_timestamp_subsecond_get), (12 bytes).
    Removing gd32f1x0_spi.o(.rev16_text), (4 bytes).
    Removing gd32f1x0_spi.o(.revsh_text), (4 bytes).
    Removing gd32f1x0_spi.o(.rrx_text), (6 bytes).
    Removing gd32f1x0_spi.o(i.i2s_disable), (10 bytes).
    Removing gd32f1x0_spi.o(i.i2s_enable), (10 bytes).
    Removing gd32f1x0_spi.o(i.i2s_init), (28 bytes).
    Removing gd32f1x0_spi.o(i.i2s_psc_config), (164 bytes).
    Removing gd32f1x0_spi.o(i.spi_bidirectional_transfer_config), (26 bytes).
    Removing gd32f1x0_spi.o(i.spi_crc_error_clear), (10 bytes).
    Removing gd32f1x0_spi.o(i.spi_crc_get), (16 bytes).
    Removing gd32f1x0_spi.o(i.spi_crc_next), (10 bytes).
    Removing gd32f1x0_spi.o(i.spi_crc_off), (10 bytes).
    Removing gd32f1x0_spi.o(i.spi_crc_on), (10 bytes).
    Removing gd32f1x0_spi.o(i.spi_crc_polynomial_get), (8 bytes).
    Removing gd32f1x0_spi.o(i.spi_crc_polynomial_set), (12 bytes).
    Removing gd32f1x0_spi.o(i.spi_disable), (10 bytes).
    Removing gd32f1x0_spi.o(i.spi_dma_disable), (22 bytes).
    Removing gd32f1x0_spi.o(i.spi_dma_enable), (22 bytes).
    Removing gd32f1x0_spi.o(i.spi_enable), (10 bytes).
    Removing gd32f1x0_spi.o(i.spi_i2s_data_frame_format_config), (16 bytes).
    Removing gd32f1x0_spi.o(i.spi_i2s_data_receive), (8 bytes).
    Removing gd32f1x0_spi.o(i.spi_i2s_data_transmit), (4 bytes).
    Removing gd32f1x0_spi.o(i.spi_i2s_deinit), (88 bytes).
    Removing gd32f1x0_spi.o(i.spi_i2s_flag_get), (16 bytes).
    Removing gd32f1x0_spi.o(i.spi_i2s_interrupt_disable), (8 bytes).
    Removing gd32f1x0_spi.o(i.spi_i2s_interrupt_enable), (8 bytes).
    Removing gd32f1x0_spi.o(i.spi_i2s_interrupt_flag_get), (112 bytes).
    Removing gd32f1x0_spi.o(i.spi_init), (50 bytes).
    Removing gd32f1x0_spi.o(i.spi_nss_internal_high), (10 bytes).
    Removing gd32f1x0_spi.o(i.spi_nss_internal_low), (10 bytes).
    Removing gd32f1x0_spi.o(i.spi_nss_output_disable), (10 bytes).
    Removing gd32f1x0_spi.o(i.spi_nss_output_enable), (10 bytes).
    Removing gd32f1x0_spi.o(i.spi_struct_para_init), (18 bytes).
    Removing gd32f1x0_syscfg.o(.rev16_text), (4 bytes).
    Removing gd32f1x0_syscfg.o(.revsh_text), (4 bytes).
    Removing gd32f1x0_syscfg.o(.rrx_text), (6 bytes).
    Removing gd32f1x0_syscfg.o(i.syscfg_deinit), (20 bytes).
    Removing gd32f1x0_syscfg.o(i.syscfg_dma_remap_disable), (16 bytes).
    Removing gd32f1x0_syscfg.o(i.syscfg_dma_remap_enable), (16 bytes).
    Removing gd32f1x0_syscfg.o(i.syscfg_exti_line_config), (160 bytes).
    Removing gd32f1x0_syscfg.o(i.syscfg_flag_clear), (16 bytes).
    Removing gd32f1x0_syscfg.o(i.syscfg_flag_get), (24 bytes).
    Removing gd32f1x0_syscfg.o(i.syscfg_high_current_disable), (20 bytes).
    Removing gd32f1x0_syscfg.o(i.syscfg_high_current_enable), (20 bytes).
    Removing gd32f1x0_syscfg.o(i.syscfg_lock_config), (16 bytes).
    Removing gd32f1x0_timer.o(.rev16_text), (4 bytes).
    Removing gd32f1x0_timer.o(.revsh_text), (4 bytes).
    Removing gd32f1x0_timer.o(.rrx_text), (6 bytes).
    Removing gd32f1x0_timer.o(i.timer_auto_reload_shadow_disable), (10 bytes).
    Removing gd32f1x0_timer.o(i.timer_automatic_output_disable), (10 bytes).
    Removing gd32f1x0_timer.o(i.timer_automatic_output_enable), (10 bytes).
    Removing gd32f1x0_timer.o(i.timer_autoreload_value_config), (4 bytes).
    Removing gd32f1x0_timer.o(i.timer_break_config), (30 bytes).
    Removing gd32f1x0_timer.o(i.timer_break_disable), (10 bytes).
    Removing gd32f1x0_timer.o(i.timer_break_enable), (10 bytes).
    Removing gd32f1x0_timer.o(i.timer_break_struct_para_init), (18 bytes).
    Removing gd32f1x0_timer.o(i.timer_channel_capture_value_register_read), (42 bytes).
    Removing gd32f1x0_timer.o(i.timer_channel_complementary_output_polarity_config), (92 bytes).
    Removing gd32f1x0_timer.o(i.timer_channel_complementary_output_state_config), (70 bytes).
    Removing gd32f1x0_timer.o(i.timer_channel_control_shadow_config), (24 bytes).
    Removing gd32f1x0_timer.o(i.timer_channel_control_shadow_update_config), (26 bytes).
    Removing gd32f1x0_timer.o(i.timer_channel_dma_request_source_select), (26 bytes).
    Removing gd32f1x0_timer.o(i.timer_channel_input_capture_prescaler_config), (90 bytes).
    Removing gd32f1x0_timer.o(i.timer_channel_input_struct_para_init), (16 bytes).
    Removing gd32f1x0_timer.o(i.timer_channel_output_clear_config), (90 bytes).
    Removing gd32f1x0_timer.o(i.timer_channel_output_fast_config), (90 bytes).
    Removing gd32f1x0_timer.o(i.timer_channel_output_polarity_config), (92 bytes).
    Removing gd32f1x0_timer.o(i.timer_channel_output_state_config), (92 bytes).
    Removing gd32f1x0_timer.o(i.timer_channel_output_struct_para_init), (16 bytes).
    Removing gd32f1x0_timer.o(i.timer_channel_remap_config), (4 bytes).
    Removing gd32f1x0_timer.o(i.timer_counter_alignment), (16 bytes).
    Removing gd32f1x0_timer.o(i.timer_counter_down_direction), (10 bytes).
    Removing gd32f1x0_timer.o(i.timer_counter_read), (8 bytes).
    Removing gd32f1x0_timer.o(i.timer_counter_up_direction), (10 bytes).
    Removing gd32f1x0_timer.o(i.timer_counter_value_config), (4 bytes).
    Removing gd32f1x0_timer.o(i.timer_disable), (10 bytes).
    Removing gd32f1x0_timer.o(i.timer_dma_disable), (8 bytes).
    Removing gd32f1x0_timer.o(i.timer_dma_enable), (8 bytes).
    Removing gd32f1x0_timer.o(i.timer_dma_transfer_config), (24 bytes).
    Removing gd32f1x0_timer.o(i.timer_event_software_generate), (8 bytes).
    Removing gd32f1x0_timer.o(i.timer_external_clock_mode0_config), (40 bytes).
    Removing gd32f1x0_timer.o(i.timer_external_clock_mode1_config), (32 bytes).
    Removing gd32f1x0_timer.o(i.timer_external_clock_mode1_disable), (10 bytes).
    Removing gd32f1x0_timer.o(i.timer_external_trigger_as_external_clock_config), (166 bytes).
    Removing gd32f1x0_timer.o(i.timer_external_trigger_config), (30 bytes).
    Removing gd32f1x0_timer.o(i.timer_flag_clear), (6 bytes).
    Removing gd32f1x0_timer.o(i.timer_flag_get), (16 bytes).
    Removing gd32f1x0_timer.o(i.timer_hall_mode_config), (26 bytes).
    Removing gd32f1x0_timer.o(i.timer_input_capture_config), (326 bytes).
    Removing gd32f1x0_timer.o(i.timer_input_pwm_capture_config), (356 bytes).
    Removing gd32f1x0_timer.o(i.timer_input_trigger_source_select), (16 bytes).
    Removing gd32f1x0_timer.o(i.timer_internal_clock_config), (10 bytes).
    Removing gd32f1x0_timer.o(i.timer_internal_trigger_as_external_clock_config), (32 bytes).
    Removing gd32f1x0_timer.o(i.timer_interrupt_disable), (8 bytes).
    Removing gd32f1x0_timer.o(i.timer_interrupt_enable), (8 bytes).
    Removing gd32f1x0_timer.o(i.timer_interrupt_flag_clear), (6 bytes).
    Removing gd32f1x0_timer.o(i.timer_interrupt_flag_get), (24 bytes).
    Removing gd32f1x0_timer.o(i.timer_master_output_trigger_source_select), (16 bytes).
    Removing gd32f1x0_timer.o(i.timer_master_slave_mode_config), (26 bytes).
    Removing gd32f1x0_timer.o(i.timer_ocpre_clear_source_config), (26 bytes).
    Removing gd32f1x0_timer.o(i.timer_prescaler_config), (14 bytes).
    Removing gd32f1x0_timer.o(i.timer_prescaler_read), (10 bytes).
    Removing gd32f1x0_timer.o(i.timer_quadrature_decoder_mode_config), (64 bytes).
    Removing gd32f1x0_timer.o(i.timer_repetition_value_config), (4 bytes).
    Removing gd32f1x0_timer.o(i.timer_single_pulse_mode_config), (26 bytes).
    Removing gd32f1x0_timer.o(i.timer_slave_mode_select), (16 bytes).
    Removing gd32f1x0_timer.o(i.timer_struct_para_init), (22 bytes).
    Removing gd32f1x0_timer.o(i.timer_update_event_disable), (10 bytes).
    Removing gd32f1x0_timer.o(i.timer_update_event_enable), (10 bytes).
    Removing gd32f1x0_timer.o(i.timer_update_source_config), (26 bytes).
    Removing gd32f1x0_tsi.o(.rev16_text), (4 bytes).
    Removing gd32f1x0_tsi.o(.revsh_text), (4 bytes).
    Removing gd32f1x0_tsi.o(.rrx_text), (6 bytes).
    Removing gd32f1x0_tsi.o(i.tsi_analog_off), (16 bytes).
    Removing gd32f1x0_tsi.o(i.tsi_analog_on), (16 bytes).
    Removing gd32f1x0_tsi.o(i.tsi_channel_pin_disable), (16 bytes).
    Removing gd32f1x0_tsi.o(i.tsi_channel_pin_enable), (16 bytes).
    Removing gd32f1x0_tsi.o(i.tsi_deinit), (20 bytes).
    Removing gd32f1x0_tsi.o(i.tsi_disable), (20 bytes).
    Removing gd32f1x0_tsi.o(i.tsi_enable), (20 bytes).
    Removing gd32f1x0_tsi.o(i.tsi_extend_charge_config), (100 bytes).
    Removing gd32f1x0_tsi.o(i.tsi_flag_clear), (16 bytes).
    Removing gd32f1x0_tsi.o(i.tsi_flag_get), (24 bytes).
    Removing gd32f1x0_tsi.o(i.tsi_group0_cycle_get), (12 bytes).
    Removing gd32f1x0_tsi.o(i.tsi_group1_cycle_get), (12 bytes).
    Removing gd32f1x0_tsi.o(i.tsi_group2_cycle_get), (12 bytes).
    Removing gd32f1x0_tsi.o(i.tsi_group3_cycle_get), (12 bytes).
    Removing gd32f1x0_tsi.o(i.tsi_group4_cycle_get), (12 bytes).
    Removing gd32f1x0_tsi.o(i.tsi_group5_cycle_get), (12 bytes).
    Removing gd32f1x0_tsi.o(i.tsi_group_disable), (16 bytes).
    Removing gd32f1x0_tsi.o(i.tsi_group_enable), (16 bytes).
    Removing gd32f1x0_tsi.o(i.tsi_group_status_get), (24 bytes).
    Removing gd32f1x0_tsi.o(i.tsi_hardware_mode_config), (56 bytes).
    Removing gd32f1x0_tsi.o(i.tsi_hysteresis_off), (16 bytes).
    Removing gd32f1x0_tsi.o(i.tsi_hysteresis_on), (16 bytes).
    Removing gd32f1x0_tsi.o(i.tsi_init), (48 bytes).
    Removing gd32f1x0_tsi.o(i.tsi_interrupt_disable), (16 bytes).
    Removing gd32f1x0_tsi.o(i.tsi_interrupt_enable), (16 bytes).
    Removing gd32f1x0_tsi.o(i.tsi_interrupt_flag_clear), (16 bytes).
    Removing gd32f1x0_tsi.o(i.tsi_interrupt_flag_get), (40 bytes).
    Removing gd32f1x0_tsi.o(i.tsi_max_number_config), (32 bytes).
    Removing gd32f1x0_tsi.o(i.tsi_pin_mode_config), (44 bytes).
    Removing gd32f1x0_tsi.o(i.tsi_plus_config), (48 bytes).
    Removing gd32f1x0_tsi.o(i.tsi_sample_pin_disable), (28 bytes).
    Removing gd32f1x0_tsi.o(i.tsi_sample_pin_enable), (28 bytes).
    Removing gd32f1x0_tsi.o(i.tsi_software_mode_config), (28 bytes).
    Removing gd32f1x0_tsi.o(i.tsi_software_start), (20 bytes).
    Removing gd32f1x0_tsi.o(i.tsi_software_stop), (20 bytes).
    Removing gd32f1x0_usart.o(.rev16_text), (4 bytes).
    Removing gd32f1x0_usart.o(.revsh_text), (4 bytes).
    Removing gd32f1x0_usart.o(.rrx_text), (6 bytes).
    Removing gd32f1x0_usart.o(i.usart_address_config), (32 bytes).
    Removing gd32f1x0_usart.o(i.usart_address_detection_mode_config), (28 bytes).
    Removing gd32f1x0_usart.o(i.usart_baudrate_set), (124 bytes).
    Removing gd32f1x0_usart.o(i.usart_block_length_config), (24 bytes).
    Removing gd32f1x0_usart.o(i.usart_clock_disable), (18 bytes).
    Removing gd32f1x0_usart.o(i.usart_clock_enable), (18 bytes).
    Removing gd32f1x0_usart.o(i.usart_command_enable), (8 bytes).
    Removing gd32f1x0_usart.o(i.usart_data_first_config), (28 bytes).
    Removing gd32f1x0_usart.o(i.usart_data_receive), (10 bytes).
    Removing gd32f1x0_usart.o(i.usart_data_transmit), (8 bytes).
    Removing gd32f1x0_usart.o(i.usart_deinit), (64 bytes).
    Removing gd32f1x0_usart.o(i.usart_depolarity_config), (28 bytes).
    Removing gd32f1x0_usart.o(i.usart_disable), (10 bytes).
    Removing gd32f1x0_usart.o(i.usart_dma_receive_config), (16 bytes).
    Removing gd32f1x0_usart.o(i.usart_dma_transmit_config), (16 bytes).
    Removing gd32f1x0_usart.o(i.usart_driver_assertime_config), (32 bytes).
    Removing gd32f1x0_usart.o(i.usart_driver_deassertime_config), (32 bytes).
    Removing gd32f1x0_usart.o(i.usart_enable), (10 bytes).
    Removing gd32f1x0_usart.o(i.usart_flag_clear), (18 bytes).
    Removing gd32f1x0_usart.o(i.usart_flag_get), (30 bytes).
    Removing gd32f1x0_usart.o(i.usart_guard_time_config), (32 bytes).
    Removing gd32f1x0_usart.o(i.usart_halfduplex_disable), (18 bytes).
    Removing gd32f1x0_usart.o(i.usart_halfduplex_enable), (18 bytes).
    Removing gd32f1x0_usart.o(i.usart_hardware_flow_cts_config), (24 bytes).
    Removing gd32f1x0_usart.o(i.usart_hardware_flow_rts_config), (24 bytes).
    Removing gd32f1x0_usart.o(i.usart_interrupt_disable), (26 bytes).
    Removing gd32f1x0_usart.o(i.usart_interrupt_enable), (26 bytes).
    Removing gd32f1x0_usart.o(i.usart_interrupt_flag_clear), (18 bytes).
    Removing gd32f1x0_usart.o(i.usart_interrupt_flag_get), (56 bytes).
    Removing gd32f1x0_usart.o(i.usart_invert_config), (110 bytes).
    Removing gd32f1x0_usart.o(i.usart_irda_lowpower_config), (28 bytes).
    Removing gd32f1x0_usart.o(i.usart_irda_mode_disable), (18 bytes).
    Removing gd32f1x0_usart.o(i.usart_irda_mode_enable), (18 bytes).
    Removing gd32f1x0_usart.o(i.usart_lin_break_detection_length_config), (28 bytes).
    Removing gd32f1x0_usart.o(i.usart_lin_mode_disable), (18 bytes).
    Removing gd32f1x0_usart.o(i.usart_lin_mode_enable), (18 bytes).
    Removing gd32f1x0_usart.o(i.usart_mute_mode_disable), (10 bytes).
    Removing gd32f1x0_usart.o(i.usart_mute_mode_enable), (10 bytes).
    Removing gd32f1x0_usart.o(i.usart_mute_mode_wakeup_config), (24 bytes).
    Removing gd32f1x0_usart.o(i.usart_overrun_disable), (18 bytes).
    Removing gd32f1x0_usart.o(i.usart_overrun_enable), (18 bytes).
    Removing gd32f1x0_usart.o(i.usart_oversample_config), (24 bytes).
    Removing gd32f1x0_usart.o(i.usart_parity_config), (24 bytes).
    Removing gd32f1x0_usart.o(i.usart_prescaler_config), (24 bytes).
    Removing gd32f1x0_usart.o(i.usart_receive_config), (16 bytes).
    Removing gd32f1x0_usart.o(i.usart_receiver_timeout_disable), (10 bytes).
    Removing gd32f1x0_usart.o(i.usart_receiver_timeout_enable), (10 bytes).
    Removing gd32f1x0_usart.o(i.usart_receiver_timeout_threshold_config), (16 bytes).
    Removing gd32f1x0_usart.o(i.usart_reception_error_dma_disable), (18 bytes).
    Removing gd32f1x0_usart.o(i.usart_reception_error_dma_enable), (18 bytes).
    Removing gd32f1x0_usart.o(i.usart_rs485_driver_disable), (18 bytes).
    Removing gd32f1x0_usart.o(i.usart_rs485_driver_enable), (18 bytes).
    Removing gd32f1x0_usart.o(i.usart_sample_bit_config), (24 bytes).
    Removing gd32f1x0_usart.o(i.usart_smartcard_autoretry_config), (32 bytes).
    Removing gd32f1x0_usart.o(i.usart_smartcard_mode_disable), (18 bytes).
    Removing gd32f1x0_usart.o(i.usart_smartcard_mode_enable), (18 bytes).
    Removing gd32f1x0_usart.o(i.usart_smartcard_mode_nack_disable), (18 bytes).
    Removing gd32f1x0_usart.o(i.usart_smartcard_mode_nack_enable), (18 bytes).
    Removing gd32f1x0_usart.o(i.usart_stop_bit_set), (24 bytes).
    Removing gd32f1x0_usart.o(i.usart_synchronous_clock_config), (50 bytes).
    Removing gd32f1x0_usart.o(i.usart_transmit_config), (16 bytes).
    Removing gd32f1x0_usart.o(i.usart_wakeup_disable), (10 bytes).
    Removing gd32f1x0_usart.o(i.usart_wakeup_enable), (10 bytes).
    Removing gd32f1x0_usart.o(i.usart_wakeup_mode_config), (28 bytes).
    Removing gd32f1x0_usart.o(i.usart_word_length_set), (24 bytes).
    Removing gd32f1x0_wwdgt.o(.rev16_text), (4 bytes).
    Removing gd32f1x0_wwdgt.o(.revsh_text), (4 bytes).
    Removing gd32f1x0_wwdgt.o(.rrx_text), (6 bytes).
    Removing gd32f1x0_wwdgt.o(i.wwdgt_config), (28 bytes).
    Removing gd32f1x0_wwdgt.o(i.wwdgt_counter_update), (16 bytes).
    Removing gd32f1x0_wwdgt.o(i.wwdgt_deinit), (20 bytes).
    Removing gd32f1x0_wwdgt.o(i.wwdgt_enable), (20 bytes).
    Removing gd32f1x0_wwdgt.o(i.wwdgt_flag_clear), (12 bytes).
    Removing gd32f1x0_wwdgt.o(i.wwdgt_flag_get), (24 bytes).
    Removing gd32f1x0_wwdgt.o(i.wwdgt_interrupt_enable), (20 bytes).
    Removing gd32f1x0_it.o(.rev16_text), (4 bytes).
    Removing gd32f1x0_it.o(.revsh_text), (4 bytes).
    Removing gd32f1x0_it.o(.rrx_text), (6 bytes).
    Removing main.o(.rev16_text), (4 bytes).
    Removing main.o(.revsh_text), (4 bytes).
    Removing main.o(.rrx_text), (6 bytes).
    Removing main.o(.bss), (36 bytes).
    Removing main.o(.constdata), (96 bytes).
    Removing systick.o(.rev16_text), (4 bytes).
    Removing systick.o(.revsh_text), (4 bytes).
    Removing systick.o(.rrx_text), (6 bytes).
    Removing systick.o(i.delay_1us), (96 bytes).
    Removing rtc6705.o(.rev16_text), (4 bytes).
    Removing rtc6705.o(.revsh_text), (4 bytes).
    Removing rtc6705.o(.rrx_text), (6 bytes).
    Removing spi.o(.rev16_text), (4 bytes).
    Removing spi.o(.revsh_text), (4 bytes).
    Removing spi.o(.rrx_text), (6 bytes).
    Removing spi.o(i.SPI_begin), (10 bytes).
    Removing spi.o(.data), (2 bytes).
    Removing adc.o(.rev16_text), (4 bytes).
    Removing adc.o(.revsh_text), (4 bytes).
    Removing adc.o(.rrx_text), (6 bytes).
    Removing pwm.o(.rev16_text), (4 bytes).
    Removing pwm.o(.revsh_text), (4 bytes).
    Removing pwm.o(.rrx_text), (6 bytes).
    Removing pid.o(.rev16_text), (4 bytes).
    Removing pid.o(.revsh_text), (4 bytes).
    Removing pid.o(.rrx_text), (6 bytes).
    Removing pid.o(.data), (16 bytes).

601 unused section(s) (total 19578 bytes) removed from the image.

==============================================================================

Image Symbol Table

    Local Symbols

    Symbol Name                              Value     Ov Type        Size  Object(Section)

    ../clib/angel/boardlib.s                 0x00000000   Number         0  boardinit3.o ABSOLUTE
    ../clib/angel/boardlib.s                 0x00000000   Number         0  boardinit1.o ABSOLUTE
    ../clib/angel/boardlib.s                 0x00000000   Number         0  boardinit2.o ABSOLUTE
    ../clib/angel/boardlib.s                 0x00000000   Number         0  boardshut.o ABSOLUTE
    ../clib/angel/handlers.s                 0x00000000   Number         0  __scatter_zi.o ABSOLUTE
    ../clib/angel/handlers.s                 0x00000000   Number         0  __scatter_copy.o ABSOLUTE
    ../clib/angel/kernel.s                   0x00000000   Number         0  rtexit.o ABSOLUTE
    ../clib/angel/kernel.s                   0x00000000   Number         0  __rtentry2.o ABSOLUTE
    ../clib/angel/kernel.s                   0x00000000   Number         0  __rtentry4.o ABSOLUTE
    ../clib/angel/kernel.s                   0x00000000   Number         0  __rtentry.o ABSOLUTE
    ../clib/angel/kernel.s                   0x00000000   Number         0  rtexit2.o ABSOLUTE
    ../clib/angel/rt.s                       0x00000000   Number         0  rt_raise.o ABSOLUTE
    ../clib/angel/scatter.s                  0x00000000   Number         0  __scatter.o ABSOLUTE
    ../clib/angel/startup.s                  0x00000000   Number         0  __main.o ABSOLUTE
    ../clib/angel/sys.s                      0x00000000   Number         0  indicate_semi.o ABSOLUTE
    ../clib/angel/sys.s                      0x00000000   Number         0  sys_stackheap_outer.o ABSOLUTE
    ../clib/angel/sys.s                      0x00000000   Number         0  libspace.o ABSOLUTE
    ../clib/angel/sys.s                      0x00000000   Number         0  use_no_semi.o ABSOLUTE
    ../clib/angel/sysapp.c                   0x00000000   Number         0  sys_exit.o ABSOLUTE
    ../clib/angel/sysapp.c                   0x00000000   Number         0  sys_wrch.o ABSOLUTE
    ../clib/angel/sysapp.c                   0x00000000   Number         0  sys_command.o ABSOLUTE
    ../clib/armsys.c                         0x00000000   Number         0  no_argv.o ABSOLUTE
    ../clib/armsys.c                         0x00000000   Number         0  _get_argv_nomalloc.o ABSOLUTE
    ../clib/armsys.c                         0x00000000   Number         0  argv_veneer.o ABSOLUTE
    ../clib/armsys.c                         0x00000000   Number         0  argv_veneer.o ABSOLUTE
    ../clib/heapalloc.c                      0x00000000   Number         0  hrguard.o ABSOLUTE
    ../clib/heapaux.c                        0x00000000   Number         0  heapauxi.o ABSOLUTE
    ../clib/libinit.s                        0x00000000   Number         0  libinit.o ABSOLUTE
    ../clib/libinit.s                        0x00000000   Number         0  libinit2.o ABSOLUTE
    ../clib/libinit.s                        0x00000000   Number         0  libshutdown2.o ABSOLUTE
    ../clib/libinit.s                        0x00000000   Number         0  libshutdown.o ABSOLUTE
    ../clib/signal.c                         0x00000000   Number         0  defsig_cppl_inner.o ABSOLUTE
    ../clib/signal.c                         0x00000000   Number         0  defsig_rtmem_inner.o ABSOLUTE
    ../clib/signal.c                         0x00000000   Number         0  defsig_exit.o ABSOLUTE
    ../clib/signal.c                         0x00000000   Number         0  defsig_rtmem_outer.o ABSOLUTE
    ../clib/signal.c                         0x00000000   Number         0  defsig_general.o ABSOLUTE
    ../clib/signal.c                         0x00000000   Number         0  defsig_rtmem_formal.o ABSOLUTE
    ../clib/signal.c                         0x00000000   Number         0  defsig_pvfn_inner.o ABSOLUTE
    ../clib/signal.c                         0x00000000   Number         0  defsig_other.o ABSOLUTE
    ../clib/signal.c                         0x00000000   Number         0  defsig_abrt_inner.o ABSOLUTE
    ../clib/signal.c                         0x00000000   Number         0  defsig_fpe_inner.o ABSOLUTE
    ../clib/signal.c                         0x00000000   Number         0  __raise.o ABSOLUTE
    ../clib/signal.c                         0x00000000   Number         0  defsig_rtred_inner.o ABSOLUTE
    ../clib/signal.c                         0x00000000   Number         0  defsig_segv_inner.o ABSOLUTE
    ../clib/signal.c                         0x00000000   Number         0  defsig_stak_inner.o ABSOLUTE
    ../clib/signal.s                         0x00000000   Number         0  defsig.o ABSOLUTE
    ../clib/stdlib.c                         0x00000000   Number         0  exit.o ABSOLUTE
    ../fplib/faddsub.s                       0x00000000   Number         0  faddsub_clz.o ABSOLUTE
    ../fplib/fcmpi.s                         0x00000000   Number         0  fcmpi.o ABSOLUTE
    ../fplib/fdiv.s                          0x00000000   Number         0  fdiv.o ABSOLUTE
    ../fplib/ffixu.s                         0x00000000   Number         0  ffixu.o ABSOLUTE
    ../fplib/fflt.s                          0x00000000   Number         0  fflt_clz.o ABSOLUTE
    ../fplib/fleqf.s                         0x00000000   Number         0  fleqf.o ABSOLUTE
    ../fplib/fmul.s                          0x00000000   Number         0  fmul.o ABSOLUTE
    ../fplib/fnaninf.s                       0x00000000   Number         0  fnaninf.o ABSOLUTE
    ../fplib/fpinit.s                        0x00000000   Number         0  fpinit.o ABSOLUTE
    ../fplib/fretinf.s                       0x00000000   Number         0  fretinf.o ABSOLUTE
    ../fplib/frleqf.s                        0x00000000   Number         0  frleqf.o ABSOLUTE
    ../fplib/usenofp.s                       0x00000000   Number         0  usenofp.o ABSOLUTE
    ..\CMSIS\system_gd32f1x0.c               0x00000000   Number         0  system_gd32f1x0.o ABSOLUTE
    ..\Library\Source\gd32f1x0_adc.c         0x00000000   Number         0  gd32f1x0_adc.o ABSOLUTE
    ..\Library\Source\gd32f1x0_cec.c         0x00000000   Number         0  gd32f1x0_cec.o ABSOLUTE
    ..\Library\Source\gd32f1x0_cmp.c         0x00000000   Number         0  gd32f1x0_cmp.o ABSOLUTE
    ..\Library\Source\gd32f1x0_crc.c         0x00000000   Number         0  gd32f1x0_crc.o ABSOLUTE
    ..\Library\Source\gd32f1x0_dac.c         0x00000000   Number         0  gd32f1x0_dac.o ABSOLUTE
    ..\Library\Source\gd32f1x0_dbg.c         0x00000000   Number         0  gd32f1x0_dbg.o ABSOLUTE
    ..\Library\Source\gd32f1x0_dma.c         0x00000000   Number         0  gd32f1x0_dma.o ABSOLUTE
    ..\Library\Source\gd32f1x0_exti.c        0x00000000   Number         0  gd32f1x0_exti.o ABSOLUTE
    ..\Library\Source\gd32f1x0_fmc.c         0x00000000   Number         0  gd32f1x0_fmc.o ABSOLUTE
    ..\Library\Source\gd32f1x0_fwdgt.c       0x00000000   Number         0  gd32f1x0_fwdgt.o ABSOLUTE
    ..\Library\Source\gd32f1x0_gpio.c        0x00000000   Number         0  gd32f1x0_gpio.o ABSOLUTE
    ..\Library\Source\gd32f1x0_i2c.c         0x00000000   Number         0  gd32f1x0_i2c.o ABSOLUTE
    ..\Library\Source\gd32f1x0_misc.c        0x00000000   Number         0  gd32f1x0_misc.o ABSOLUTE
    ..\Library\Source\gd32f1x0_pmu.c         0x00000000   Number         0  gd32f1x0_pmu.o ABSOLUTE
    ..\Library\Source\gd32f1x0_rcu.c         0x00000000   Number         0  gd32f1x0_rcu.o ABSOLUTE
    ..\Library\Source\gd32f1x0_rtc.c         0x00000000   Number         0  gd32f1x0_rtc.o ABSOLUTE
    ..\Library\Source\gd32f1x0_spi.c         0x00000000   Number         0  gd32f1x0_spi.o ABSOLUTE
    ..\Library\Source\gd32f1x0_syscfg.c      0x00000000   Number         0  gd32f1x0_syscfg.o ABSOLUTE
    ..\Library\Source\gd32f1x0_timer.c       0x00000000   Number         0  gd32f1x0_timer.o ABSOLUTE
    ..\Library\Source\gd32f1x0_tsi.c         0x00000000   Number         0  gd32f1x0_tsi.o ABSOLUTE
    ..\Library\Source\gd32f1x0_usart.c       0x00000000   Number         0  gd32f1x0_usart.o ABSOLUTE
    ..\Library\Source\gd32f1x0_wwdgt.c       0x00000000   Number         0  gd32f1x0_wwdgt.o ABSOLUTE
    ..\Startup\startup_gd32f1x0.s            0x00000000   Number         0  startup_gd32f1x0.o ABSOLUTE
    ..\User\gd32f1x0_it.c                    0x00000000   Number         0  gd32f1x0_it.o ABSOLUTE
    ..\User\main.c                           0x00000000   Number         0  main.o ABSOLUTE
    ..\User\systick.c                        0x00000000   Number         0  systick.o ABSOLUTE
    ..\\CMSIS\\system_gd32f1x0.c             0x00000000   Number         0  system_gd32f1x0.o ABSOLUTE
    ..\\Library\\Source\\gd32f1x0_adc.c      0x00000000   Number         0  gd32f1x0_adc.o ABSOLUTE
    ..\\Library\\Source\\gd32f1x0_cec.c      0x00000000   Number         0  gd32f1x0_cec.o ABSOLUTE
    ..\\Library\\Source\\gd32f1x0_cmp.c      0x00000000   Number         0  gd32f1x0_cmp.o ABSOLUTE
    ..\\Library\\Source\\gd32f1x0_crc.c      0x00000000   Number         0  gd32f1x0_crc.o ABSOLUTE
    ..\\Library\\Source\\gd32f1x0_dac.c      0x00000000   Number         0  gd32f1x0_dac.o ABSOLUTE
    ..\\Library\\Source\\gd32f1x0_dbg.c      0x00000000   Number         0  gd32f1x0_dbg.o ABSOLUTE
    ..\\Library\\Source\\gd32f1x0_dma.c      0x00000000   Number         0  gd32f1x0_dma.o ABSOLUTE
    ..\\Library\\Source\\gd32f1x0_exti.c     0x00000000   Number         0  gd32f1x0_exti.o ABSOLUTE
    ..\\Library\\Source\\gd32f1x0_fmc.c      0x00000000   Number         0  gd32f1x0_fmc.o ABSOLUTE
    ..\\Library\\Source\\gd32f1x0_fwdgt.c    0x00000000   Number         0  gd32f1x0_fwdgt.o ABSOLUTE
    ..\\Library\\Source\\gd32f1x0_gpio.c     0x00000000   Number         0  gd32f1x0_gpio.o ABSOLUTE
    ..\\Library\\Source\\gd32f1x0_i2c.c      0x00000000   Number         0  gd32f1x0_i2c.o ABSOLUTE
    ..\\Library\\Source\\gd32f1x0_misc.c     0x00000000   Number         0  gd32f1x0_misc.o ABSOLUTE
    ..\\Library\\Source\\gd32f1x0_pmu.c      0x00000000   Number         0  gd32f1x0_pmu.o ABSOLUTE
    ..\\Library\\Source\\gd32f1x0_rcu.c      0x00000000   Number         0  gd32f1x0_rcu.o ABSOLUTE
    ..\\Library\\Source\\gd32f1x0_rtc.c      0x00000000   Number         0  gd32f1x0_rtc.o ABSOLUTE
    ..\\Library\\Source\\gd32f1x0_spi.c      0x00000000   Number         0  gd32f1x0_spi.o ABSOLUTE
    ..\\Library\\Source\\gd32f1x0_syscfg.c   0x00000000   Number         0  gd32f1x0_syscfg.o ABSOLUTE
    ..\\Library\\Source\\gd32f1x0_timer.c    0x00000000   Number         0  gd32f1x0_timer.o ABSOLUTE
    ..\\Library\\Source\\gd32f1x0_tsi.c      0x00000000   Number         0  gd32f1x0_tsi.o ABSOLUTE
    ..\\Library\\Source\\gd32f1x0_usart.c    0x00000000   Number         0  gd32f1x0_usart.o ABSOLUTE
    ..\\Library\\Source\\gd32f1x0_wwdgt.c    0x00000000   Number         0  gd32f1x0_wwdgt.o ABSOLUTE
    ..\\User\\gd32f1x0_it.c                  0x00000000   Number         0  gd32f1x0_it.o ABSOLUTE
    ..\\User\\main.c                         0x00000000   Number         0  main.o ABSOLUTE
    ..\\User\\systick.c                      0x00000000   Number         0  systick.o ABSOLUTE
    ADC.c                                    0x00000000   Number         0  adc.o ABSOLUTE
    ADC.c                                    0x00000000   Number         0  adc.o ABSOLUTE
    PID.c                                    0x00000000   Number         0  pid.o ABSOLUTE
    PID.c                                    0x00000000   Number         0  pid.o ABSOLUTE
    PWM.c                                    0x00000000   Number         0  pwm.o ABSOLUTE
    PWM.c                                    0x00000000   Number         0  pwm.o ABSOLUTE
    RTC6705.c                                0x00000000   Number         0  rtc6705.o ABSOLUTE
    RTC6705.c                                0x00000000   Number         0  rtc6705.o ABSOLUTE
    SPI.c                                    0x00000000   Number         0  spi.o ABSOLUTE
    SPI.c                                    0x00000000   Number         0  spi.o ABSOLUTE
    dc.s                                     0x00000000   Number         0  dc.o ABSOLUTE
    RESET                                    0x08000000   Section      272  startup_gd32f1x0.o(RESET)
    !!!main                                  0x08000110   Section        8  __main.o(!!!main)
    !!!scatter                               0x08000118   Section       52  __scatter.o(!!!scatter)
    !!handler_copy                           0x0800014c   Section       26  __scatter_copy.o(!!handler_copy)
    !!handler_zi                             0x08000168   Section       28  __scatter_zi.o(!!handler_zi)
    .ARM.Collect$$libinit$$00000000          0x08000184   Section        2  libinit.o(.ARM.Collect$$libinit$$00000000)
    .ARM.Collect$$libinit$$00000002          0x08000186   Section        0  libinit2.o(.ARM.Collect$$libinit$$00000002)
    .ARM.Collect$$libinit$$00000004          0x08000186   Section        0  libinit2.o(.ARM.Collect$$libinit$$00000004)
    .ARM.Collect$$libinit$$0000000A          0x08000186   Section        0  libinit2.o(.ARM.Collect$$libinit$$0000000A)
    .ARM.Collect$$libinit$$0000000C          0x08000186   Section        0  libinit2.o(.ARM.Collect$$libinit$$0000000C)
    .ARM.Collect$$libinit$$0000000E          0x08000186   Section        0  libinit2.o(.ARM.Collect$$libinit$$0000000E)
    .ARM.Collect$$libinit$$00000011          0x08000186   Section        0  libinit2.o(.ARM.Collect$$libinit$$00000011)
    .ARM.Collect$$libinit$$00000013          0x08000186   Section        0  libinit2.o(.ARM.Collect$$libinit$$00000013)
    .ARM.Collect$$libinit$$00000015          0x08000186   Section        0  libinit2.o(.ARM.Collect$$libinit$$00000015)
    .ARM.Collect$$libinit$$00000017          0x08000186   Section        0  libinit2.o(.ARM.Collect$$libinit$$00000017)
    .ARM.Collect$$libinit$$00000019          0x08000186   Section        0  libinit2.o(.ARM.Collect$$libinit$$00000019)
    .ARM.Collect$$libinit$$0000001B          0x08000186   Section        0  libinit2.o(.ARM.Collect$$libinit$$0000001B)
    .ARM.Collect$$libinit$$0000001D          0x08000186   Section        0  libinit2.o(.ARM.Collect$$libinit$$0000001D)
    .ARM.Collect$$libinit$$0000001F          0x08000186   Section        0  libinit2.o(.ARM.Collect$$libinit$$0000001F)
    .ARM.Collect$$libinit$$00000021          0x08000186   Section        0  libinit2.o(.ARM.Collect$$libinit$$00000021)
    .ARM.Collect$$libinit$$00000023          0x08000186   Section        0  libinit2.o(.ARM.Collect$$libinit$$00000023)
    .ARM.Collect$$libinit$$00000025          0x08000186   Section        0  libinit2.o(.ARM.Collect$$libinit$$00000025)
    .ARM.Collect$$libinit$$0000002C          0x08000186   Section        0  libinit2.o(.ARM.Collect$$libinit$$0000002C)
    .ARM.Collect$$libinit$$0000002E          0x08000186   Section        0  libinit2.o(.ARM.Collect$$libinit$$0000002E)
    .ARM.Collect$$libinit$$00000030          0x08000186   Section        0  libinit2.o(.ARM.Collect$$libinit$$00000030)
    .ARM.Collect$$libinit$$00000032          0x08000186   Section        0  libinit2.o(.ARM.Collect$$libinit$$00000032)
    .ARM.Collect$$libinit$$00000033          0x08000186   Section        2  libinit2.o(.ARM.Collect$$libinit$$00000033)
    .ARM.Collect$$libshutdown$$00000000      0x08000188   Section        2  libshutdown.o(.ARM.Collect$$libshutdown$$00000000)
    .ARM.Collect$$libshutdown$$00000002      0x0800018a   Section        0  libshutdown2.o(.ARM.Collect$$libshutdown$$00000002)
    .ARM.Collect$$libshutdown$$00000004      0x0800018a   Section        0  libshutdown2.o(.ARM.Collect$$libshutdown$$00000004)
    .ARM.Collect$$libshutdown$$00000007      0x0800018a   Section        0  libshutdown2.o(.ARM.Collect$$libshutdown$$00000007)
    .ARM.Collect$$libshutdown$$0000000A      0x0800018a   Section        0  libshutdown2.o(.ARM.Collect$$libshutdown$$0000000A)
    .ARM.Collect$$libshutdown$$0000000C      0x0800018a   Section        0  libshutdown2.o(.ARM.Collect$$libshutdown$$0000000C)
    .ARM.Collect$$libshutdown$$0000000F      0x0800018a   Section        0  libshutdown2.o(.ARM.Collect$$libshutdown$$0000000F)
    .ARM.Collect$$libshutdown$$00000010      0x0800018a   Section        2  libshutdown2.o(.ARM.Collect$$libshutdown$$00000010)
    .ARM.Collect$$rtentry$$00000000          0x0800018c   Section        0  __rtentry.o(.ARM.Collect$$rtentry$$00000000)
    .ARM.Collect$$rtentry$$00000002          0x0800018c   Section        0  __rtentry2.o(.ARM.Collect$$rtentry$$00000002)
    .ARM.Collect$$rtentry$$00000004          0x0800018c   Section        6  __rtentry4.o(.ARM.Collect$$rtentry$$00000004)
    .ARM.Collect$$rtentry$$00000009          0x08000192   Section        0  __rtentry2.o(.ARM.Collect$$rtentry$$00000009)
    .ARM.Collect$$rtentry$$0000000A          0x08000192   Section        4  __rtentry2.o(.ARM.Collect$$rtentry$$0000000A)
    .ARM.Collect$$rtentry$$0000000C          0x08000196   Section        0  __rtentry2.o(.ARM.Collect$$rtentry$$0000000C)
    .ARM.Collect$$rtentry$$0000000D          0x08000196   Section        8  __rtentry2.o(.ARM.Collect$$rtentry$$0000000D)
    .ARM.Collect$$rtexit$$00000000           0x0800019e   Section        2  rtexit.o(.ARM.Collect$$rtexit$$00000000)
    .ARM.Collect$$rtexit$$00000002           0x080001a0   Section        0  rtexit2.o(.ARM.Collect$$rtexit$$00000002)
    .ARM.Collect$$rtexit$$00000003           0x080001a0   Section        4  rtexit2.o(.ARM.Collect$$rtexit$$00000003)
    .ARM.Collect$$rtexit$$00000004           0x080001a4   Section        6  rtexit2.o(.ARM.Collect$$rtexit$$00000004)
    .text                                    0x080001ac   Section       64  startup_gd32f1x0.o(.text)
    .text                                    0x080001ec   Section        0  heapauxi.o(.text)
    .text                                    0x080001f2   Section       74  sys_stackheap_outer.o(.text)
    .text                                    0x0800023c   Section        0  exit.o(.text)
    .text                                    0x08000250   Section        8  libspace.o(.text)
    .text                                    0x08000258   Section        0  sys_exit.o(.text)
    .text                                    0x08000264   Section        2  use_no_semi.o(.text)
    .text                                    0x08000266   Section        0  indicate_semi.o(.text)
    i.ADC_Get_Channel                        0x08000266   Section        0  adc.o(i.ADC_Get_Channel)
    i.ADC_IO_init                            0x0800027e   Section        0  adc.o(i.ADC_IO_init)
    i.ADC_config                             0x08000298   Section        0  adc.o(i.ADC_config)
    i.BusFault_Handler                       0x080002fe   Section        0  gd32f1x0_it.o(i.BusFault_Handler)
    i.DebugMon_Handler                       0x08000302   Section        0  gd32f1x0_it.o(i.DebugMon_Handler)
    i.HardFault_Handler                      0x08000304   Section        0  gd32f1x0_it.o(i.HardFault_Handler)
    i.MemManage_Handler                      0x08000308   Section        0  gd32f1x0_it.o(i.MemManage_Handler)
    i.NMI_Handler                            0x0800030c   Section        0  gd32f1x0_it.o(i.NMI_Handler)
    i.PID_calculate                          0x08000310   Section        0  pid.o(i.PID_calculate)
    i.PID_init                               0x080003c4   Section        0  pid.o(i.PID_init)
    i.PWM_Output                             0x080003d8   Section        0  pwm.o(i.PWM_Output)
    i.PendSV_Handler                         0x0800049c   Section        0  gd32f1x0_it.o(i.PendSV_Handler)
    i.RTC6705_frequency                      0x0800049e   Section        0  rtc6705.o(i.RTC6705_frequency)
    i.RTC6705_io_init                        0x080004d4   Section        0  rtc6705.o(i.RTC6705_io_init)
    i.RTC6705_send                           0x08000538   Section        0  rtc6705.o(i.RTC6705_send)
    i.SPI_W_MOSI                             0x080005ac   Section        0  spi.o(i.SPI_W_MOSI)
    i.SPI_W_NSS                              0x080005c0   Section        0  spi.o(i.SPI_W_NSS)
    i.SPI_W_SCK                              0x080005d4   Section        0  spi.o(i.SPI_W_SCK)
    i.SPI_end                                0x080005e8   Section        0  spi.o(i.SPI_end)
    i.SPI_init_                              0x080005f4   Section        0  spi.o(i.SPI_init_)
    i.SVC_Handler                            0x0800066c   Section        0  gd32f1x0_it.o(i.SVC_Handler)
    i.SysTick_Handler                        0x0800066e   Section        0  gd32f1x0_it.o(i.SysTick_Handler)
    i.SystemInit                             0x08000670   Section        0  system_gd32f1x0.o(i.SystemInit)
    i.UsageFault_Handler                     0x0800074c   Section        0  gd32f1x0_it.o(i.UsageFault_Handler)
    i.adc_calibration_enable                 0x08000750   Section        0  gd32f1x0_adc.o(i.adc_calibration_enable)
    i.adc_channel_length_config              0x0800078c   Section        0  gd32f1x0_adc.o(i.adc_channel_length_config)
    i.adc_data_alignment_config              0x080007ec   Section        0  gd32f1x0_adc.o(i.adc_data_alignment_config)
    i.adc_dma_mode_disable                   0x08000810   Section        0  gd32f1x0_adc.o(i.adc_dma_mode_disable)
    i.adc_enable                             0x08000824   Section        0  gd32f1x0_adc.o(i.adc_enable)
    i.adc_external_trigger_config            0x08000840   Section        0  gd32f1x0_adc.o(i.adc_external_trigger_config)
    i.adc_external_trigger_source_config     0x08000894   Section        0  gd32f1x0_adc.o(i.adc_external_trigger_source_config)
    i.adc_flag_clear                         0x080008d4   Section        0  gd32f1x0_adc.o(i.adc_flag_clear)
    i.adc_regular_channel_config             0x080008e4   Section        0  gd32f1x0_adc.o(i.adc_regular_channel_config)
    i.adc_regular_data_read                  0x080009c0   Section        0  gd32f1x0_adc.o(i.adc_regular_data_read)
    i.adc_software_trigger_enable            0x080009cc   Section        0  gd32f1x0_adc.o(i.adc_software_trigger_enable)
    i.adc_special_function_config            0x080009f8   Section        0  gd32f1x0_adc.o(i.adc_special_function_config)
    i.delay_1ms                              0x08000a78   Section        0  systick.o(i.delay_1ms)
    i.delay_1ms_user                         0x08000ad8   Section        0  systick.o(i.delay_1ms_user)
    i.gpio_af_set                            0x08000af8   Section        0  gd32f1x0_gpio.o(i.gpio_af_set)
    i.gpio_bit_reset                         0x08000b56   Section        0  gd32f1x0_gpio.o(i.gpio_bit_reset)
    i.gpio_bit_set                           0x08000b5a   Section        0  gd32f1x0_gpio.o(i.gpio_bit_set)
    i.gpio_bit_write                         0x08000b5e   Section        0  gd32f1x0_gpio.o(i.gpio_bit_write)
    i.gpio_mode_set                          0x08000b68   Section        0  gd32f1x0_gpio.o(i.gpio_mode_set)
    i.gpio_output_options_set                0x08000bb6   Section        0  gd32f1x0_gpio.o(i.gpio_output_options_set)
    i.main                                   0x08000bf8   Section        0  main.o(i.main)
    i.nvic_vector_table_set                  0x08000cd8   Section        0  gd32f1x0_misc.o(i.nvic_vector_table_set)
    i.rcu_adc_clock_config                   0x08000cfc   Section        0  gd32f1x0_rcu.o(i.rcu_adc_clock_config)
    i.rcu_periph_clock_enable                0x08000d94   Section        0  gd32f1x0_rcu.o(i.rcu_periph_clock_enable)
    i.rcu_periph_reset_disable               0x08000db4   Section        0  gd32f1x0_rcu.o(i.rcu_periph_reset_disable)
    i.rcu_periph_reset_enable                0x08000dd4   Section        0  gd32f1x0_rcu.o(i.rcu_periph_reset_enable)
    i.system_clock_48m_irc8m                 0x08000df4   Section        0  system_gd32f1x0.o(i.system_clock_48m_irc8m)
    system_clock_48m_irc8m                   0x08000df5   Thumb Code   104  system_gd32f1x0.o(i.system_clock_48m_irc8m)
    i.system_clock_config                    0x08000e64   Section        0  system_gd32f1x0.o(i.system_clock_config)
    system_clock_config                      0x08000e65   Thumb Code     8  system_gd32f1x0.o(i.system_clock_config)
    i.systick_clksource_set                  0x08000e6c   Section        0  gd32f1x0_misc.o(i.systick_clksource_set)
    i.systick_config                         0x08000e94   Section        0  systick.o(i.systick_config)
    i.timer_auto_reload_shadow_enable        0x08000ed8   Section        0  gd32f1x0_timer.o(i.timer_auto_reload_shadow_enable)
    i.timer_channel_output_config            0x08000ee4   Section        0  gd32f1x0_timer.o(i.timer_channel_output_config)
    i.timer_channel_output_mode_config       0x080010ec   Section        0  gd32f1x0_timer.o(i.timer_channel_output_mode_config)
    i.timer_channel_output_pulse_value_config 0x08001146   Section        0  gd32f1x0_timer.o(i.timer_channel_output_pulse_value_config)
    i.timer_channel_output_shadow_config     0x0800116c   Section        0  gd32f1x0_timer.o(i.timer_channel_output_shadow_config)
    i.timer_deinit                           0x080011c8   Section        0  gd32f1x0_timer.o(i.timer_deinit)
    i.timer_enable                           0x080012a4   Section        0  gd32f1x0_timer.o(i.timer_enable)
    i.timer_init                             0x080012b0   Section        0  gd32f1x0_timer.o(i.timer_init)
    i.timer_primary_output_config            0x0800135c   Section        0  gd32f1x0_timer.o(i.timer_primary_output_config)
    x$fpl$fadd                               0x08001374   Section      196  faddsub_clz.o(x$fpl$fadd)
    _fadd1                                   0x08001383   Thumb Code     0  faddsub_clz.o(x$fpl$fadd)
    x$fpl$fcmpinf                            0x08001438   Section       24  fcmpi.o(x$fpl$fcmpinf)
    x$fpl$fdiv                               0x08001450   Section      388  fdiv.o(x$fpl$fdiv)
    _fdiv1                                   0x08001451   Thumb Code     0  fdiv.o(x$fpl$fdiv)
    x$fpl$ffixu                              0x080015d4   Section       62  ffixu.o(x$fpl$ffixu)
    x$fpl$ffltu                              0x08001614   Section       38  fflt_clz.o(x$fpl$ffltu)
    x$fpl$fleqf                              0x0800163c   Section      104  fleqf.o(x$fpl$fleqf)
    x$fpl$fmul                               0x080016a4   Section      258  fmul.o(x$fpl$fmul)
    x$fpl$fnaninf                            0x080017a6   Section      140  fnaninf.o(x$fpl$fnaninf)
    x$fpl$fretinf                            0x08001832   Section       10  fretinf.o(x$fpl$fretinf)
    x$fpl$frleqf                             0x0800183c   Section       98  frleqf.o(x$fpl$frleqf)
    x$fpl$fsub                               0x080018a0   Section      234  faddsub_clz.o(x$fpl$fsub)
    _fsub1                                   0x080018af   Thumb Code     0  faddsub_clz.o(x$fpl$fsub)
    x$fpl$usenofp                            0x0800198a   Section        0  usenofp.o(x$fpl$usenofp)
    .data                                    0x20000000   Section        4  system_gd32f1x0.o(.data)
    .data                                    0x20000004   Section       28  main.o(.data)
    target_mode_1                            0x20000004   Data           2  main.o(.data)
    target_mode_2                            0x20000006   Data           2  main.o(.data)
    target_mode_3                            0x20000008   Data           2  main.o(.data)
    target_mode_4                            0x2000000a   Data           2  main.o(.data)
    voltage_mode_1                           0x2000000c   Data           2  main.o(.data)
    voltage_mode_2                           0x2000000e   Data           2  main.o(.data)
    voltage_mode_3                           0x20000010   Data           2  main.o(.data)
    voltage_mode_4                           0x20000012   Data           2  main.o(.data)
    .data                                    0x20000020   Section        8  systick.o(.data)
    count_1us                                0x20000020   Data           4  systick.o(.data)
    count_1ms                                0x20000024   Data           4  systick.o(.data)
    .bss                                     0x20000028   Section       96  libspace.o(.bss)
    HEAP                                     0x20000088   Section     1024  startup_gd32f1x0.o(HEAP)
    Heap_Mem                                 0x20000088   Data        1024  startup_gd32f1x0.o(HEAP)
    STACK                                    0x20000488   Section     1024  startup_gd32f1x0.o(STACK)
    Stack_Mem                                0x20000488   Data        1024  startup_gd32f1x0.o(STACK)
    __initial_sp                             0x20000888   Data           0  startup_gd32f1x0.o(STACK)

    Global Symbols

    Symbol Name                              Value     Ov Type        Size  Object(Section)

    BuildAttributes$$THM_ISAv4$P$D$K$B$S$PE$A:L22UL41UL21$X:L11$S22US41US21$IEEE1$IW$USESV6$~STKCKD$USESV7$~SHL$OSPACE$ROPI$EBA8$UX$STANDARDLIB$REQ8$PRES8$EABIv2 0x00000000   Number         0  anon$$obj.o ABSOLUTE
    __ARM_use_no_argv                        0x00000000   Number         0  main.o ABSOLUTE
    __ARM_exceptions_init                     - Undefined Weak Reference
    __alloca_initialize                       - Undefined Weak Reference
    __arm_preinit_                            - Undefined Weak Reference
    __cpp_initialize__aeabi_                  - Undefined Weak Reference
    __cxa_finalize                            - Undefined Weak Reference
    __rt_locale                               - Undefined Weak Reference
    __sigvec_lookup                           - Undefined Weak Reference
    _atexit_init                              - Undefined Weak Reference
    _call_atexit_fns                          - Undefined Weak Reference
    _clock_init                               - Undefined Weak Reference
    _fp_trap_init                             - Undefined Weak Reference
    _fp_trap_shutdown                         - Undefined Weak Reference
    _get_lc_collate                           - Undefined Weak Reference
    _get_lc_ctype                             - Undefined Weak Reference
    _get_lc_monetary                          - Undefined Weak Reference
    _get_lc_numeric                           - Undefined Weak Reference
    _get_lc_time                              - Undefined Weak Reference
    _getenv_init                              - Undefined Weak Reference
    _handle_redirection                       - Undefined Weak Reference
    _init_alloc                               - Undefined Weak Reference
    _init_user_alloc                          - Undefined Weak Reference
    _initio                                   - Undefined Weak Reference
    _rand_init                                - Undefined Weak Reference
    _signal_finish                            - Undefined Weak Reference
    _signal_init                              - Undefined Weak Reference
    _terminate_alloc                          - Undefined Weak Reference
    _terminate_user_alloc                     - Undefined Weak Reference
    _terminateio                              - Undefined Weak Reference
    __Vectors_Size                           0x00000110   Number         0  startup_gd32f1x0.o ABSOLUTE
    __Vectors                                0x08000000   Data           4  startup_gd32f1x0.o(RESET)
    __Vectors_End                            0x08000110   Data           0  startup_gd32f1x0.o(RESET)
    __main                                   0x08000111   Thumb Code     8  __main.o(!!!main)
    __scatterload                            0x08000119   Thumb Code     0  __scatter.o(!!!scatter)
    __scatterload_rt2                        0x08000119   Thumb Code    44  __scatter.o(!!!scatter)
    __scatterload_rt2_thumb_only             0x08000119   Thumb Code     0  __scatter.o(!!!scatter)
    __scatterload_null                       0x08000127   Thumb Code     0  __scatter.o(!!!scatter)
    __scatterload_copy                       0x0800014d   Thumb Code    26  __scatter_copy.o(!!handler_copy)
    __scatterload_zeroinit                   0x08000169   Thumb Code    28  __scatter_zi.o(!!handler_zi)
    __rt_lib_init                            0x08000185   Thumb Code     0  libinit.o(.ARM.Collect$$libinit$$00000000)
    __rt_lib_init_alloca_1                   0x08000187   Thumb Code     0  libinit2.o(.ARM.Collect$$libinit$$0000002E)
    __rt_lib_init_argv_1                     0x08000187   Thumb Code     0  libinit2.o(.ARM.Collect$$libinit$$0000002C)
    __rt_lib_init_atexit_1                   0x08000187   Thumb Code     0  libinit2.o(.ARM.Collect$$libinit$$0000001B)
    __rt_lib_init_clock_1                    0x08000187   Thumb Code     0  libinit2.o(.ARM.Collect$$libinit$$00000021)
    __rt_lib_init_cpp_1                      0x08000187   Thumb Code     0  libinit2.o(.ARM.Collect$$libinit$$00000032)
    __rt_lib_init_exceptions_1               0x08000187   Thumb Code     0  libinit2.o(.ARM.Collect$$libinit$$00000030)
    __rt_lib_init_fp_1                       0x08000187   Thumb Code     0  libinit2.o(.ARM.Collect$$libinit$$00000002)
    __rt_lib_init_fp_trap_1                  0x08000187   Thumb Code     0  libinit2.o(.ARM.Collect$$libinit$$0000001F)
    __rt_lib_init_getenv_1                   0x08000187   Thumb Code     0  libinit2.o(.ARM.Collect$$libinit$$00000023)
    __rt_lib_init_heap_1                     0x08000187   Thumb Code     0  libinit2.o(.ARM.Collect$$libinit$$0000000A)
    __rt_lib_init_lc_collate_1               0x08000187   Thumb Code     0  libinit2.o(.ARM.Collect$$libinit$$00000011)
    __rt_lib_init_lc_ctype_1                 0x08000187   Thumb Code     0  libinit2.o(.ARM.Collect$$libinit$$00000013)
    __rt_lib_init_lc_monetary_1              0x08000187   Thumb Code     0  libinit2.o(.ARM.Collect$$libinit$$00000015)
    __rt_lib_init_lc_numeric_1               0x08000187   Thumb Code     0  libinit2.o(.ARM.Collect$$libinit$$00000017)
    __rt_lib_init_lc_time_1                  0x08000187   Thumb Code     0  libinit2.o(.ARM.Collect$$libinit$$00000019)
    __rt_lib_init_preinit_1                  0x08000187   Thumb Code     0  libinit2.o(.ARM.Collect$$libinit$$00000004)
    __rt_lib_init_rand_1                     0x08000187   Thumb Code     0  libinit2.o(.ARM.Collect$$libinit$$0000000E)
    __rt_lib_init_return                     0x08000187   Thumb Code     0  libinit2.o(.ARM.Collect$$libinit$$00000033)
    __rt_lib_init_signal_1                   0x08000187   Thumb Code     0  libinit2.o(.ARM.Collect$$libinit$$0000001D)
    __rt_lib_init_stdio_1                    0x08000187   Thumb Code     0  libinit2.o(.ARM.Collect$$libinit$$00000025)
    __rt_lib_init_user_alloc_1               0x08000187   Thumb Code     0  libinit2.o(.ARM.Collect$$libinit$$0000000C)
    __rt_lib_shutdown                        0x08000189   Thumb Code     0  libshutdown.o(.ARM.Collect$$libshutdown$$00000000)
    __rt_lib_shutdown_cpp_1                  0x0800018b   Thumb Code     0  libshutdown2.o(.ARM.Collect$$libshutdown$$00000002)
    __rt_lib_shutdown_fp_trap_1              0x0800018b   Thumb Code     0  libshutdown2.o(.ARM.Collect$$libshutdown$$00000007)
    __rt_lib_shutdown_heap_1                 0x0800018b   Thumb Code     0  libshutdown2.o(.ARM.Collect$$libshutdown$$0000000F)
    __rt_lib_shutdown_return                 0x0800018b   Thumb Code     0  libshutdown2.o(.ARM.Collect$$libshutdown$$00000010)
    __rt_lib_shutdown_signal_1               0x0800018b   Thumb Code     0  libshutdown2.o(.ARM.Collect$$libshutdown$$0000000A)
    __rt_lib_shutdown_stdio_1                0x0800018b   Thumb Code     0  libshutdown2.o(.ARM.Collect$$libshutdown$$00000004)
    __rt_lib_shutdown_user_alloc_1           0x0800018b   Thumb Code     0  libshutdown2.o(.ARM.Collect$$libshutdown$$0000000C)
    __rt_entry                               0x0800018d   Thumb Code     0  __rtentry.o(.ARM.Collect$$rtentry$$00000000)
    __rt_entry_presh_1                       0x0800018d   Thumb Code     0  __rtentry2.o(.ARM.Collect$$rtentry$$00000002)
    __rt_entry_sh                            0x0800018d   Thumb Code     0  __rtentry4.o(.ARM.Collect$$rtentry$$00000004)
    __rt_entry_li                            0x08000193   Thumb Code     0  __rtentry2.o(.ARM.Collect$$rtentry$$0000000A)
    __rt_entry_postsh_1                      0x08000193   Thumb Code     0  __rtentry2.o(.ARM.Collect$$rtentry$$00000009)
    __rt_entry_main                          0x08000197   Thumb Code     0  __rtentry2.o(.ARM.Collect$$rtentry$$0000000D)
    __rt_entry_postli_1                      0x08000197   Thumb Code     0  __rtentry2.o(.ARM.Collect$$rtentry$$0000000C)
    __rt_exit                                0x0800019f   Thumb Code     0  rtexit.o(.ARM.Collect$$rtexit$$00000000)
    __rt_exit_ls                             0x080001a1   Thumb Code     0  rtexit2.o(.ARM.Collect$$rtexit$$00000003)
    __rt_exit_prels_1                        0x080001a1   Thumb Code     0  rtexit2.o(.ARM.Collect$$rtexit$$00000002)
    __rt_exit_exit                           0x080001a5   Thumb Code     0  rtexit2.o(.ARM.Collect$$rtexit$$00000004)
    Reset_Handler                            0x080001ad   Thumb Code     8  startup_gd32f1x0.o(.text)
    ADC_CMP_IRQHandler                       0x080001c7   Thumb Code     0  startup_gd32f1x0.o(.text)
    CEC_IRQHandler                           0x080001c7   Thumb Code     0  startup_gd32f1x0.o(.text)
    DMA_Channel0_IRQHandler                  0x080001c7   Thumb Code     0  startup_gd32f1x0.o(.text)
    DMA_Channel1_2_IRQHandler                0x080001c7   Thumb Code     0  startup_gd32f1x0.o(.text)
    DMA_Channel3_4_IRQHandler                0x080001c7   Thumb Code     0  startup_gd32f1x0.o(.text)
    DMA_Channel5_6_IRQHandler                0x080001c7   Thumb Code     0  startup_gd32f1x0.o(.text)
    EXTI0_1_IRQHandler                       0x080001c7   Thumb Code     0  startup_gd32f1x0.o(.text)
    EXTI2_3_IRQHandler                       0x080001c7   Thumb Code     0  startup_gd32f1x0.o(.text)
    EXTI4_15_IRQHandler                      0x080001c7   Thumb Code     0  startup_gd32f1x0.o(.text)
    FMC_IRQHandler                           0x080001c7   Thumb Code     0  startup_gd32f1x0.o(.text)
    I2C0_ER_IRQHandler                       0x080001c7   Thumb Code     0  startup_gd32f1x0.o(.text)
    I2C0_EV_IRQHandler                       0x080001c7   Thumb Code     0  startup_gd32f1x0.o(.text)
    I2C1_ER_IRQHandler                       0x080001c7   Thumb Code     0  startup_gd32f1x0.o(.text)
    I2C1_EV_IRQHandler                       0x080001c7   Thumb Code     0  startup_gd32f1x0.o(.text)
    I2C2_ER_IRQHandler                       0x080001c7   Thumb Code     0  startup_gd32f1x0.o(.text)
    I2C2_EV_IRQHandler                       0x080001c7   Thumb Code     0  startup_gd32f1x0.o(.text)
    LVD_IRQHandler                           0x080001c7   Thumb Code     0  startup_gd32f1x0.o(.text)
    RCU_IRQHandler                           0x080001c7   Thumb Code     0  startup_gd32f1x0.o(.text)
    RTC_IRQHandler                           0x080001c7   Thumb Code     0  startup_gd32f1x0.o(.text)
    SPI0_IRQHandler                          0x080001c7   Thumb Code     0  startup_gd32f1x0.o(.text)
    SPI1_IRQHandler                          0x080001c7   Thumb Code     0  startup_gd32f1x0.o(.text)
    SPI2_IRQHandler                          0x080001c7   Thumb Code     0  startup_gd32f1x0.o(.text)
    TIMER0_BRK_UP_TRG_COM_IRQHandler         0x080001c7   Thumb Code     0  startup_gd32f1x0.o(.text)
    TIMER0_Channel_IRQHandler                0x080001c7   Thumb Code     0  startup_gd32f1x0.o(.text)
    TIMER13_IRQHandler                       0x080001c7   Thumb Code     0  startup_gd32f1x0.o(.text)
    TIMER14_IRQHandler                       0x080001c7   Thumb Code     0  startup_gd32f1x0.o(.text)
    TIMER15_IRQHandler                       0x080001c7   Thumb Code     0  startup_gd32f1x0.o(.text)
    TIMER16_IRQHandler                       0x080001c7   Thumb Code     0  startup_gd32f1x0.o(.text)
    TIMER1_IRQHandler                        0x080001c7   Thumb Code     0  startup_gd32f1x0.o(.text)
    TIMER2_IRQHandler                        0x080001c7   Thumb Code     0  startup_gd32f1x0.o(.text)
    TIMER5_DAC_IRQHandler                    0x080001c7   Thumb Code     0  startup_gd32f1x0.o(.text)
    TSI_IRQHandler                           0x080001c7   Thumb Code     0  startup_gd32f1x0.o(.text)
    USART0_IRQHandler                        0x080001c7   Thumb Code     0  startup_gd32f1x0.o(.text)
    USART1_IRQHandler                        0x080001c7   Thumb Code     0  startup_gd32f1x0.o(.text)
    USBDWakeUp_IRQHandler                    0x080001c7   Thumb Code     0  startup_gd32f1x0.o(.text)
    USBD_HP_IRQHandler                       0x080001c7   Thumb Code     0  startup_gd32f1x0.o(.text)
    USBD_LP_IRQHandler                       0x080001c7   Thumb Code     0  startup_gd32f1x0.o(.text)
    WWDGT_IRQHandler                         0x080001c7   Thumb Code     0  startup_gd32f1x0.o(.text)
    __user_initial_stackheap                 0x080001c9   Thumb Code    10  startup_gd32f1x0.o(.text)
    __use_two_region_memory                  0x080001ed   Thumb Code     2  heapauxi.o(.text)
    __rt_heap_escrow$2region                 0x080001ef   Thumb Code     2  heapauxi.o(.text)
    __rt_heap_expand$2region                 0x080001f1   Thumb Code     2  heapauxi.o(.text)
    __user_setup_stackheap                   0x080001f3   Thumb Code    74  sys_stackheap_outer.o(.text)
    exit                                     0x0800023d   Thumb Code    18  exit.o(.text)
    __user_libspace                          0x08000251   Thumb Code     8  libspace.o(.text)
    __user_perproc_libspace                  0x08000251   Thumb Code     0  libspace.o(.text)
    __user_perthread_libspace                0x08000251   Thumb Code     0  libspace.o(.text)
    _sys_exit                                0x08000259   Thumb Code     8  sys_exit.o(.text)
    __I$use$semihosting                      0x08000265   Thumb Code     0  use_no_semi.o(.text)
    __use_no_semihosting_swi                 0x08000265   Thumb Code     2  use_no_semi.o(.text)
    ADC_Get_Channel                          0x08000267   Thumb Code    24  adc.o(i.ADC_Get_Channel)
    __semihosting_library_function           0x08000267   Thumb Code     0  indicate_semi.o(.text)
    ADC_IO_init                              0x0800027f   Thumb Code    26  adc.o(i.ADC_IO_init)
    ADC_config                               0x08000299   Thumb Code   102  adc.o(i.ADC_config)
    BusFault_Handler                         0x080002ff   Thumb Code     4  gd32f1x0_it.o(i.BusFault_Handler)
    DebugMon_Handler                         0x08000303   Thumb Code     2  gd32f1x0_it.o(i.DebugMon_Handler)
    HardFault_Handler                        0x08000305   Thumb Code     4  gd32f1x0_it.o(i.HardFault_Handler)
    MemManage_Handler                        0x08000309   Thumb Code     4  gd32f1x0_it.o(i.MemManage_Handler)
    NMI_Handler                              0x0800030d   Thumb Code     2  gd32f1x0_it.o(i.NMI_Handler)
    PID_calculate                            0x08000311   Thumb Code   174  pid.o(i.PID_calculate)
    PID_init                                 0x080003c5   Thumb Code    18  pid.o(i.PID_init)
    PWM_Output                               0x080003d9   Thumb Code   188  pwm.o(i.PWM_Output)
    PendSV_Handler                           0x0800049d   Thumb Code     2  gd32f1x0_it.o(i.PendSV_Handler)
    RTC6705_frequency                        0x0800049f   Thumb Code    54  rtc6705.o(i.RTC6705_frequency)
    RTC6705_io_init                          0x080004d5   Thumb Code    94  rtc6705.o(i.RTC6705_io_init)
    RTC6705_send                             0x08000539   Thumb Code   110  rtc6705.o(i.RTC6705_send)
    SPI_W_MOSI                               0x080005ad   Thumb Code    16  spi.o(i.SPI_W_MOSI)
    SPI_W_NSS                                0x080005c1   Thumb Code    16  spi.o(i.SPI_W_NSS)
    SPI_W_SCK                                0x080005d5   Thumb Code    20  spi.o(i.SPI_W_SCK)
    SPI_end                                  0x080005e9   Thumb Code    10  spi.o(i.SPI_end)
    SPI_init_                                0x080005f5   Thumb Code   116  spi.o(i.SPI_init_)
    SVC_Handler                              0x0800066d   Thumb Code     2  gd32f1x0_it.o(i.SVC_Handler)
    SysTick_Handler                          0x0800066f   Thumb Code     2  gd32f1x0_it.o(i.SysTick_Handler)
    SystemInit                               0x08000671   Thumb Code   204  system_gd32f1x0.o(i.SystemInit)
    UsageFault_Handler                       0x0800074d   Thumb Code     4  gd32f1x0_it.o(i.UsageFault_Handler)
    adc_calibration_enable                   0x08000751   Thumb Code    54  gd32f1x0_adc.o(i.adc_calibration_enable)
    adc_channel_length_config                0x0800078d   Thumb Code    92  gd32f1x0_adc.o(i.adc_channel_length_config)
    adc_data_alignment_config                0x080007ed   Thumb Code    30  gd32f1x0_adc.o(i.adc_data_alignment_config)
    adc_dma_mode_disable                     0x08000811   Thumb Code    14  gd32f1x0_adc.o(i.adc_dma_mode_disable)
    adc_enable                               0x08000825   Thumb Code    24  gd32f1x0_adc.o(i.adc_enable)
    adc_external_trigger_config              0x08000841   Thumb Code    78  gd32f1x0_adc.o(i.adc_external_trigger_config)
    adc_external_trigger_source_config       0x08000895   Thumb Code    60  gd32f1x0_adc.o(i.adc_external_trigger_source_config)
    adc_flag_clear                           0x080008d5   Thumb Code    12  gd32f1x0_adc.o(i.adc_flag_clear)
    adc_regular_channel_config               0x080008e5   Thumb Code   214  gd32f1x0_adc.o(i.adc_regular_channel_config)
    adc_regular_data_read                    0x080009c1   Thumb Code     8  gd32f1x0_adc.o(i.adc_regular_data_read)
    adc_software_trigger_enable              0x080009cd   Thumb Code    38  gd32f1x0_adc.o(i.adc_software_trigger_enable)
    adc_special_function_config              0x080009f9   Thumb Code   122  gd32f1x0_adc.o(i.adc_special_function_config)
    delay_1ms                                0x08000a79   Thumb Code    90  systick.o(i.delay_1ms)
    delay_1ms_user                           0x08000ad9   Thumb Code    32  systick.o(i.delay_1ms_user)
    gpio_af_set                              0x08000af9   Thumb Code    94  gd32f1x0_gpio.o(i.gpio_af_set)
    gpio_bit_reset                           0x08000b57   Thumb Code     4  gd32f1x0_gpio.o(i.gpio_bit_reset)
    gpio_bit_set                             0x08000b5b   Thumb Code     4  gd32f1x0_gpio.o(i.gpio_bit_set)
    gpio_bit_write                           0x08000b5f   Thumb Code    10  gd32f1x0_gpio.o(i.gpio_bit_write)
    gpio_mode_set                            0x08000b69   Thumb Code    78  gd32f1x0_gpio.o(i.gpio_mode_set)
    gpio_output_options_set                  0x08000bb7   Thumb Code    66  gd32f1x0_gpio.o(i.gpio_output_options_set)
    main                                     0x08000bf9   Thumb Code   188  main.o(i.main)
    nvic_vector_table_set                    0x08000cd9   Thumb Code    28  gd32f1x0_misc.o(i.nvic_vector_table_set)
    rcu_adc_clock_config                     0x08000cfd   Thumb Code   148  gd32f1x0_rcu.o(i.rcu_adc_clock_config)
    rcu_periph_clock_enable                  0x08000d95   Thumb Code    28  gd32f1x0_rcu.o(i.rcu_periph_clock_enable)
    rcu_periph_reset_disable                 0x08000db5   Thumb Code    28  gd32f1x0_rcu.o(i.rcu_periph_reset_disable)
    rcu_periph_reset_enable                  0x08000dd5   Thumb Code    28  gd32f1x0_rcu.o(i.rcu_periph_reset_enable)
    systick_clksource_set                    0x08000e6d   Thumb Code    40  gd32f1x0_misc.o(i.systick_clksource_set)
    systick_config                           0x08000e95   Thumb Code    46  systick.o(i.systick_config)
    timer_auto_reload_shadow_enable          0x08000ed9   Thumb Code    10  gd32f1x0_timer.o(i.timer_auto_reload_shadow_enable)
    timer_channel_output_config              0x08000ee5   Thumb Code   502  gd32f1x0_timer.o(i.timer_channel_output_config)
    timer_channel_output_mode_config         0x080010ed   Thumb Code    90  gd32f1x0_timer.o(i.timer_channel_output_mode_config)
    timer_channel_output_pulse_value_config  0x08001147   Thumb Code    38  gd32f1x0_timer.o(i.timer_channel_output_pulse_value_config)
    timer_channel_output_shadow_config       0x0800116d   Thumb Code    90  gd32f1x0_timer.o(i.timer_channel_output_shadow_config)
    timer_deinit                             0x080011c9   Thumb Code   210  gd32f1x0_timer.o(i.timer_deinit)
    timer_enable                             0x080012a5   Thumb Code    10  gd32f1x0_timer.o(i.timer_enable)
    timer_init                               0x080012b1   Thumb Code   146  gd32f1x0_timer.o(i.timer_init)
    timer_primary_output_config              0x0800135d   Thumb Code    24  gd32f1x0_timer.o(i.timer_primary_output_config)
    __aeabi_fadd                             0x08001375   Thumb Code     0  faddsub_clz.o(x$fpl$fadd)
    _fadd                                    0x08001375   Thumb Code   196  faddsub_clz.o(x$fpl$fadd)
    __fpl_fcmp_Inf                           0x08001439   Thumb Code    24  fcmpi.o(x$fpl$fcmpinf)
    __aeabi_fdiv                             0x08001451   Thumb Code     0  fdiv.o(x$fpl$fdiv)
    _fdiv                                    0x08001451   Thumb Code   384  fdiv.o(x$fpl$fdiv)
    __aeabi_f2uiz                            0x080015d5   Thumb Code     0  ffixu.o(x$fpl$ffixu)
    _ffixu                                   0x080015d5   Thumb Code    62  ffixu.o(x$fpl$ffixu)
    __aeabi_ui2f                             0x08001615   Thumb Code     0  fflt_clz.o(x$fpl$ffltu)
    _ffltu                                   0x08001615   Thumb Code    38  fflt_clz.o(x$fpl$ffltu)
    __aeabi_cfcmple                          0x0800163d   Thumb Code     0  fleqf.o(x$fpl$fleqf)
    _fcmple                                  0x0800163d   Thumb Code   104  fleqf.o(x$fpl$fleqf)
    __fpl_fcmple_InfNaN                      0x0800168f   Thumb Code     0  fleqf.o(x$fpl$fleqf)
    __aeabi_fmul                             0x080016a5   Thumb Code     0  fmul.o(x$fpl$fmul)
    _fmul                                    0x080016a5   Thumb Code   258  fmul.o(x$fpl$fmul)
    __fpl_fnaninf                            0x080017a7   Thumb Code   140  fnaninf.o(x$fpl$fnaninf)
    __fpl_fretinf                            0x08001833   Thumb Code    10  fretinf.o(x$fpl$fretinf)
    __aeabi_cfrcmple                         0x0800183d   Thumb Code     0  frleqf.o(x$fpl$frleqf)
    _frcmple                                 0x0800183d   Thumb Code    98  frleqf.o(x$fpl$frleqf)
    __aeabi_fsub                             0x080018a1   Thumb Code     0  faddsub_clz.o(x$fpl$fsub)
    _fsub                                    0x080018a1   Thumb Code   234  faddsub_clz.o(x$fpl$fsub)
    __I$use$fp                               0x0800198a   Number         0  usenofp.o(x$fpl$usenofp)
    Region$$Table$$Base                      0x0800198c   Number         0  anon$$obj.o(Region$$Table)
    Region$$Table$$Limit                     0x080019ac   Number         0  anon$$obj.o(Region$$Table)
    SystemCoreClock                          0x20000000   Data           4  system_gd32f1x0.o(.data)
    Val                                      0x20000014   Data           2  main.o(.data)
    target_mode                              0x20000016   Data           2  main.o(.data)
    feedbackVal                              0x20000018   Data           4  main.o(.data)
    targetVal                                0x2000001c   Data           4  main.o(.data)
    __libspace_start                         0x20000028   Data          96  libspace.o(.bss)
    __temporary_stack_top$libspace           0x20000088   Data           0  libspace.o(.bss)



==============================================================================

Memory Map of the image

  Image Entry point : 0x08000111

  Load Region LR_IROM1 (Base: 0x08000000, Size: 0x000019d4, Max: 0x00008000, ABSOLUTE)

    Execution Region ER_IROM1 (Exec base: 0x08000000, Load base: 0x08000000, Size: 0x000019ac, Max: 0x00008000, ABSOLUTE)

    Exec Addr    Load Addr    Size         Type   Attr      Idx    E Section Name        Object

    0x08000000   0x08000000   0x00000110   Data   RO          137    RESET               startup_gd32f1x0.o
    0x08000110   0x08000110   0x00000008   Code   RO         4111  * !!!main             c_w.l(__main.o)
    0x08000118   0x08000118   0x00000034   Code   RO         4301    !!!scatter          c_w.l(__scatter.o)
    0x0800014c   0x0800014c   0x0000001a   Code   RO         4303    !!handler_copy      c_w.l(__scatter_copy.o)
    0x08000166   0x08000166   0x00000002   PAD
    0x08000168   0x08000168   0x0000001c   Code   RO         4305    !!handler_zi        c_w.l(__scatter_zi.o)
    0x08000184   0x08000184   0x00000002   Code   RO         4171    .ARM.Collect$$libinit$$00000000  c_w.l(libinit.o)
    0x08000186   0x08000186   0x00000000   Code   RO         4178    .ARM.Collect$$libinit$$00000002  c_w.l(libinit2.o)
    0x08000186   0x08000186   0x00000000   Code   RO         4180    .ARM.Collect$$libinit$$00000004  c_w.l(libinit2.o)
    0x08000186   0x08000186   0x00000000   Code   RO         4183    .ARM.Collect$$libinit$$0000000A  c_w.l(libinit2.o)
    0x08000186   0x08000186   0x00000000   Code   RO         4185    .ARM.Collect$$libinit$$0000000C  c_w.l(libinit2.o)
    0x08000186   0x08000186   0x00000000   Code   RO         4187    .ARM.Collect$$libinit$$0000000E  c_w.l(libinit2.o)
    0x08000186   0x08000186   0x00000000   Code   RO         4190    .ARM.Collect$$libinit$$00000011  c_w.l(libinit2.o)
    0x08000186   0x08000186   0x00000000   Code   RO         4192    .ARM.Collect$$libinit$$00000013  c_w.l(libinit2.o)
    0x08000186   0x08000186   0x00000000   Code   RO         4194    .ARM.Collect$$libinit$$00000015  c_w.l(libinit2.o)
    0x08000186   0x08000186   0x00000000   Code   RO         4196    .ARM.Collect$$libinit$$00000017  c_w.l(libinit2.o)
    0x08000186   0x08000186   0x00000000   Code   RO         4198    .ARM.Collect$$libinit$$00000019  c_w.l(libinit2.o)
    0x08000186   0x08000186   0x00000000   Code   RO         4200    .ARM.Collect$$libinit$$0000001B  c_w.l(libinit2.o)
    0x08000186   0x08000186   0x00000000   Code   RO         4202    .ARM.Collect$$libinit$$0000001D  c_w.l(libinit2.o)
    0x08000186   0x08000186   0x00000000   Code   RO         4204    .ARM.Collect$$libinit$$0000001F  c_w.l(libinit2.o)
    0x08000186   0x08000186   0x00000000   Code   RO         4206    .ARM.Collect$$libinit$$00000021  c_w.l(libinit2.o)
    0x08000186   0x08000186   0x00000000   Code   RO         4208    .ARM.Collect$$libinit$$00000023  c_w.l(libinit2.o)
    0x08000186   0x08000186   0x00000000   Code   RO         4210    .ARM.Collect$$libinit$$00000025  c_w.l(libinit2.o)
    0x08000186   0x08000186   0x00000000   Code   RO         4214    .ARM.Collect$$libinit$$0000002C  c_w.l(libinit2.o)
    0x08000186   0x08000186   0x00000000   Code   RO         4216    .ARM.Collect$$libinit$$0000002E  c_w.l(libinit2.o)
    0x08000186   0x08000186   0x00000000   Code   RO         4218    .ARM.Collect$$libinit$$00000030  c_w.l(libinit2.o)
    0x08000186   0x08000186   0x00000000   Code   RO         4220    .ARM.Collect$$libinit$$00000032  c_w.l(libinit2.o)
    0x08000186   0x08000186   0x00000002   Code   RO         4221    .ARM.Collect$$libinit$$00000033  c_w.l(libinit2.o)
    0x08000188   0x08000188   0x00000002   Code   RO         4241    .ARM.Collect$$libshutdown$$00000000  c_w.l(libshutdown.o)
    0x0800018a   0x0800018a   0x00000000   Code   RO         4254    .ARM.Collect$$libshutdown$$00000002  c_w.l(libshutdown2.o)
    0x0800018a   0x0800018a   0x00000000   Code   RO         4256    .ARM.Collect$$libshutdown$$00000004  c_w.l(libshutdown2.o)
    0x0800018a   0x0800018a   0x00000000   Code   RO         4259    .ARM.Collect$$libshutdown$$00000007  c_w.l(libshutdown2.o)
    0x0800018a   0x0800018a   0x00000000   Code   RO         4262    .ARM.Collect$$libshutdown$$0000000A  c_w.l(libshutdown2.o)
    0x0800018a   0x0800018a   0x00000000   Code   RO         4264    .ARM.Collect$$libshutdown$$0000000C  c_w.l(libshutdown2.o)
    0x0800018a   0x0800018a   0x00000000   Code   RO         4267    .ARM.Collect$$libshutdown$$0000000F  c_w.l(libshutdown2.o)
    0x0800018a   0x0800018a   0x00000002   Code   RO         4268    .ARM.Collect$$libshutdown$$00000010  c_w.l(libshutdown2.o)
    0x0800018c   0x0800018c   0x00000000   Code   RO         4137    .ARM.Collect$$rtentry$$00000000  c_w.l(__rtentry.o)
    0x0800018c   0x0800018c   0x00000000   Code   RO         4146    .ARM.Collect$$rtentry$$00000002  c_w.l(__rtentry2.o)
    0x0800018c   0x0800018c   0x00000006   Code   RO         4158    .ARM.Collect$$rtentry$$00000004  c_w.l(__rtentry4.o)
    0x08000192   0x08000192   0x00000000   Code   RO         4148    .ARM.Collect$$rtentry$$00000009  c_w.l(__rtentry2.o)
    0x08000192   0x08000192   0x00000004   Code   RO         4149    .ARM.Collect$$rtentry$$0000000A  c_w.l(__rtentry2.o)
    0x08000196   0x08000196   0x00000000   Code   RO         4151    .ARM.Collect$$rtentry$$0000000C  c_w.l(__rtentry2.o)
    0x08000196   0x08000196   0x00000008   Code   RO         4152    .ARM.Collect$$rtentry$$0000000D  c_w.l(__rtentry2.o)
    0x0800019e   0x0800019e   0x00000002   Code   RO         4175    .ARM.Collect$$rtexit$$00000000  c_w.l(rtexit.o)
    0x080001a0   0x080001a0   0x00000000   Code   RO         4223    .ARM.Collect$$rtexit$$00000002  c_w.l(rtexit2.o)
    0x080001a0   0x080001a0   0x00000004   Code   RO         4224    .ARM.Collect$$rtexit$$00000003  c_w.l(rtexit2.o)
    0x080001a4   0x080001a4   0x00000006   Code   RO         4225    .ARM.Collect$$rtexit$$00000004  c_w.l(rtexit2.o)
    0x080001aa   0x080001aa   0x00000002   PAD
    0x080001ac   0x080001ac   0x00000040   Code   RO          138    .text               startup_gd32f1x0.o
    0x080001ec   0x080001ec   0x00000006   Code   RO         4109    .text               c_w.l(heapauxi.o)
    0x080001f2   0x080001f2   0x0000004a   Code   RO         4162    .text               c_w.l(sys_stackheap_outer.o)
    0x0800023c   0x0800023c   0x00000012   Code   RO         4164    .text               c_w.l(exit.o)
    0x0800024e   0x0800024e   0x00000002   PAD
    0x08000250   0x08000250   0x00000008   Code   RO         4172    .text               c_w.l(libspace.o)
    0x08000258   0x08000258   0x0000000c   Code   RO         4233    .text               c_w.l(sys_exit.o)
    0x08000264   0x08000264   0x00000002   Code   RO         4244    .text               c_w.l(use_no_semi.o)
    0x08000266   0x08000266   0x00000000   Code   RO         4246    .text               c_w.l(indicate_semi.o)
    0x08000266   0x08000266   0x00000018   Code   RO         4011    i.ADC_Get_Channel   adc.o
    0x0800027e   0x0800027e   0x0000001a   Code   RO         4012    i.ADC_IO_init       adc.o
    0x08000298   0x08000298   0x00000066   Code   RO         4013    i.ADC_config        adc.o
    0x080002fe   0x080002fe   0x00000004   Code   RO         3742    i.BusFault_Handler  gd32f1x0_it.o
    0x08000302   0x08000302   0x00000002   Code   RO         3743    i.DebugMon_Handler  gd32f1x0_it.o
    0x08000304   0x08000304   0x00000004   Code   RO         3744    i.HardFault_Handler  gd32f1x0_it.o
    0x08000308   0x08000308   0x00000004   Code   RO         3745    i.MemManage_Handler  gd32f1x0_it.o
    0x0800030c   0x0800030c   0x00000002   Code   RO         3746    i.NMI_Handler       gd32f1x0_it.o
    0x0800030e   0x0800030e   0x00000002   PAD
    0x08000310   0x08000310   0x000000b4   Code   RO         4075    i.PID_calculate     pid.o
    0x080003c4   0x080003c4   0x00000012   Code   RO         4076    i.PID_init          pid.o
    0x080003d6   0x080003d6   0x00000002   PAD
    0x080003d8   0x080003d8   0x000000c4   Code   RO         4047    i.PWM_Output        pwm.o
    0x0800049c   0x0800049c   0x00000002   Code   RO         3747    i.PendSV_Handler    gd32f1x0_it.o
    0x0800049e   0x0800049e   0x00000036   Code   RO         3912    i.RTC6705_frequency  rtc6705.o
    0x080004d4   0x080004d4   0x00000064   Code   RO         3913    i.RTC6705_io_init   rtc6705.o
    0x08000538   0x08000538   0x00000074   Code   RO         3914    i.RTC6705_send      rtc6705.o
    0x080005ac   0x080005ac   0x00000014   Code   RO         3954    i.SPI_W_MOSI        spi.o
    0x080005c0   0x080005c0   0x00000014   Code   RO         3955    i.SPI_W_NSS         spi.o
    0x080005d4   0x080005d4   0x00000014   Code   RO         3956    i.SPI_W_SCK         spi.o
    0x080005e8   0x080005e8   0x0000000a   Code   RO         3958    i.SPI_end           spi.o
    0x080005f2   0x080005f2   0x00000002   PAD
    0x080005f4   0x080005f4   0x00000078   Code   RO         3959    i.SPI_init_         spi.o
    0x0800066c   0x0800066c   0x00000002   Code   RO         3748    i.SVC_Handler       gd32f1x0_it.o
    0x0800066e   0x0800066e   0x00000002   Code   RO         3749    i.SysTick_Handler   gd32f1x0_it.o
    0x08000670   0x08000670   0x000000dc   Code   RO            5    i.SystemInit        system_gd32f1x0.o
    0x0800074c   0x0800074c   0x00000004   Code   RO         3750    i.UsageFault_Handler  gd32f1x0_it.o
    0x08000750   0x08000750   0x0000003c   Code   RO          145    i.adc_calibration_enable  gd32f1x0_adc.o
    0x0800078c   0x0800078c   0x00000060   Code   RO          146    i.adc_channel_length_config  gd32f1x0_adc.o
    0x080007ec   0x080007ec   0x00000024   Code   RO          147    i.adc_data_alignment_config  gd32f1x0_adc.o
    0x08000810   0x08000810   0x00000014   Code   RO          151    i.adc_dma_mode_disable  gd32f1x0_adc.o
    0x08000824   0x08000824   0x0000001c   Code   RO          153    i.adc_enable        gd32f1x0_adc.o
    0x08000840   0x08000840   0x00000054   Code   RO          154    i.adc_external_trigger_config  gd32f1x0_adc.o
    0x08000894   0x08000894   0x00000040   Code   RO          155    i.adc_external_trigger_source_config  gd32f1x0_adc.o
    0x080008d4   0x080008d4   0x00000010   Code   RO          156    i.adc_flag_clear    gd32f1x0_adc.o
    0x080008e4   0x080008e4   0x000000dc   Code   RO          165    i.adc_regular_channel_config  gd32f1x0_adc.o
    0x080009c0   0x080009c0   0x0000000c   Code   RO          166    i.adc_regular_data_read  gd32f1x0_adc.o
    0x080009cc   0x080009cc   0x0000002c   Code   RO          167    i.adc_software_trigger_enable  gd32f1x0_adc.o
    0x080009f8   0x080009f8   0x00000080   Code   RO          168    i.adc_special_function_config  gd32f1x0_adc.o
    0x08000a78   0x08000a78   0x00000060   Code   RO         3868    i.delay_1ms         systick.o
    0x08000ad8   0x08000ad8   0x00000020   Code   RO         3869    i.delay_1ms_user    systick.o
    0x08000af8   0x08000af8   0x0000005e   Code   RO         1407    i.gpio_af_set       gd32f1x0_gpio.o
    0x08000b56   0x08000b56   0x00000004   Code   RO         1408    i.gpio_bit_reset    gd32f1x0_gpio.o
    0x08000b5a   0x08000b5a   0x00000004   Code   RO         1409    i.gpio_bit_set      gd32f1x0_gpio.o
    0x08000b5e   0x08000b5e   0x0000000a   Code   RO         1410    i.gpio_bit_write    gd32f1x0_gpio.o
    0x08000b68   0x08000b68   0x0000004e   Code   RO         1414    i.gpio_mode_set     gd32f1x0_gpio.o
    0x08000bb6   0x08000bb6   0x00000042   Code   RO         1416    i.gpio_output_options_set  gd32f1x0_gpio.o
    0x08000bf8   0x08000bf8   0x000000e0   Code   RO         3820    i.main              main.o
    0x08000cd8   0x08000cd8   0x00000024   Code   RO         1710    i.nvic_vector_table_set  gd32f1x0_misc.o
    0x08000cfc   0x08000cfc   0x00000098   Code   RO         1858    i.rcu_adc_clock_config  gd32f1x0_rcu.o
    0x08000d94   0x08000d94   0x00000020   Code   RO         1887    i.rcu_periph_clock_enable  gd32f1x0_rcu.o
    0x08000db4   0x08000db4   0x00000020   Code   RO         1890    i.rcu_periph_reset_disable  gd32f1x0_rcu.o
    0x08000dd4   0x08000dd4   0x00000020   Code   RO         1891    i.rcu_periph_reset_enable  gd32f1x0_rcu.o
    0x08000df4   0x08000df4   0x00000070   Code   RO            6    i.system_clock_48m_irc8m  system_gd32f1x0.o
    0x08000e64   0x08000e64   0x00000008   Code   RO            7    i.system_clock_config  system_gd32f1x0.o
    0x08000e6c   0x08000e6c   0x00000028   Code   RO         1713    i.systick_clksource_set  gd32f1x0_misc.o
    0x08000e94   0x08000e94   0x00000044   Code   RO         3871    i.systick_config    systick.o
    0x08000ed8   0x08000ed8   0x0000000a   Code   RO         2603    i.timer_auto_reload_shadow_enable  gd32f1x0_timer.o
    0x08000ee2   0x08000ee2   0x00000002   PAD
    0x08000ee4   0x08000ee4   0x00000208   Code   RO         2620    i.timer_channel_output_config  gd32f1x0_timer.o
    0x080010ec   0x080010ec   0x0000005a   Code   RO         2622    i.timer_channel_output_mode_config  gd32f1x0_timer.o
    0x08001146   0x08001146   0x00000026   Code   RO         2624    i.timer_channel_output_pulse_value_config  gd32f1x0_timer.o
    0x0800116c   0x0800116c   0x0000005a   Code   RO         2625    i.timer_channel_output_shadow_config  gd32f1x0_timer.o
    0x080011c6   0x080011c6   0x00000002   PAD
    0x080011c8   0x080011c8   0x000000dc   Code   RO         2634    i.timer_deinit      gd32f1x0_timer.o
    0x080012a4   0x080012a4   0x0000000a   Code   RO         2639    i.timer_enable      gd32f1x0_timer.o
    0x080012ae   0x080012ae   0x00000002   PAD
    0x080012b0   0x080012b0   0x000000ac   Code   RO         2649    i.timer_init        gd32f1x0_timer.o
    0x0800135c   0x0800135c   0x00000018   Code   RO         2664    i.timer_primary_output_config  gd32f1x0_timer.o
    0x08001374   0x08001374   0x000000c4   Code   RO         4113    x$fpl$fadd          fz_ws.l(faddsub_clz.o)
    0x08001438   0x08001438   0x00000018   Code   RO         4160    x$fpl$fcmpinf       fz_ws.l(fcmpi.o)
    0x08001450   0x08001450   0x00000184   Code   RO         4120    x$fpl$fdiv          fz_ws.l(fdiv.o)
    0x080015d4   0x080015d4   0x0000003e   Code   RO         4123    x$fpl$ffixu         fz_ws.l(ffixu.o)
    0x08001612   0x08001612   0x00000002   PAD
    0x08001614   0x08001614   0x00000026   Code   RO         4127    x$fpl$ffltu         fz_ws.l(fflt_clz.o)
    0x0800163a   0x0800163a   0x00000002   PAD
    0x0800163c   0x0800163c   0x00000068   Code   RO         4138    x$fpl$fleqf         fz_ws.l(fleqf.o)
    0x080016a4   0x080016a4   0x00000102   Code   RO         4133    x$fpl$fmul          fz_ws.l(fmul.o)
    0x080017a6   0x080017a6   0x0000008c   Code   RO         4140    x$fpl$fnaninf       fz_ws.l(fnaninf.o)
    0x08001832   0x08001832   0x0000000a   Code   RO         4142    x$fpl$fretinf       fz_ws.l(fretinf.o)
    0x0800183c   0x0800183c   0x00000062   Code   RO         4135    x$fpl$frleqf        fz_ws.l(frleqf.o)
    0x0800189e   0x0800189e   0x00000002   PAD
    0x080018a0   0x080018a0   0x000000ea   Code   RO         4115    x$fpl$fsub          fz_ws.l(faddsub_clz.o)
    0x0800198a   0x0800198a   0x00000000   Code   RO         4144    x$fpl$usenofp       fz_ws.l(usenofp.o)
    0x0800198a   0x0800198a   0x00000002   PAD
    0x0800198c   0x0800198c   0x00000020   Data   RO         4299    Region$$Table       anon$$obj.o


    Execution Region RW_IRAM1 (Exec base: 0x20000000, Load base: 0x080019ac, Size: 0x00000888, Max: 0x00001000, ABSOLUTE)

    Exec Addr    Load Addr    Size         Type   Attr      Idx    E Section Name        Object

    0x20000000   0x080019ac   0x00000004   Data   RW            8    .data               system_gd32f1x0.o
    0x20000004   0x080019b0   0x0000001c   Data   RW         3823    .data               main.o
    0x20000020   0x080019cc   0x00000008   Data   RW         3872    .data               systick.o
    0x20000028        -       0x00000060   Zero   RW         4173    .bss                c_w.l(libspace.o)
    0x20000088        -       0x00000400   Zero   RW          136    HEAP                startup_gd32f1x0.o
    0x20000488        -       0x00000400   Zero   RW          135    STACK               startup_gd32f1x0.o


==============================================================================

Image component sizes


      Code (inc. data)   RO Data    RW Data    ZI Data      Debug   Object Name

       152          0          0          0          0       1193   adc.o
       808         62          0          0          0       6150   gd32f1x0_adc.o
       256          0          0          0          0       3573   gd32f1x0_gpio.o
        26          0          0          0          0       3434   gd32f1x0_it.o
        76          8          0          0          0        992   gd32f1x0_misc.o
       248         22          0          0          0       1902   gd32f1x0_rcu.o
      1174         54          0          0          0       5703   gd32f1x0_timer.o
       224         36          0         28          0       2068   main.o
       198          6          0          0          0       1975   pid.o
       196          8          0          0          0        685   pwm.o
       270         12          0          0          0       1489   rtc6705.o
       190         12          0          0          0       2015   spi.o
        64         26        272          0       2048        804   startup_gd32f1x0.o
       340         24          0          4          0      47431   system_gd32f1x0.o
       196         28          0          8          0       1522   systick.o

    ----------------------------------------------------------------------
      4430        298        304         40       2048      80936   Object Totals
         0          0         32          0          0          0   (incl. Generated)
        12          0          0          0          0          0   (incl. Padding)

    ----------------------------------------------------------------------

      Code (inc. data)   RO Data    RW Data    ZI Data      Debug   Library Member Name

         8          0          0          0          0         68   __main.o
         0          0          0          0          0          0   __rtentry.o
        12          0          0          0          0          0   __rtentry2.o
         6          0          0          0          0          0   __rtentry4.o
        52          8          0          0          0          0   __scatter.o
        26          0          0          0          0          0   __scatter_copy.o
        28          0          0          0          0          0   __scatter_zi.o
        18          0          0          0          0         80   exit.o
         6          0          0          0          0        152   heapauxi.o
         0          0          0          0          0          0   indicate_semi.o
         2          0          0          0          0          0   libinit.o
         2          0          0          0          0          0   libinit2.o
         2          0          0          0          0          0   libshutdown.o
         2          0          0          0          0          0   libshutdown2.o
         8          4          0          0         96         68   libspace.o
         2          0          0          0          0          0   rtexit.o
        10          0          0          0          0          0   rtexit2.o
        12          4          0          0          0         68   sys_exit.o
        74          0          0          0          0         80   sys_stackheap_outer.o
         2          0          0          0          0         68   use_no_semi.o
       430          8          0          0          0        168   faddsub_clz.o
        24          0          0          0          0         68   fcmpi.o
       388         76          0          0          0         96   fdiv.o
        62          4          0          0          0         84   ffixu.o
        38          0          0          0          0         68   fflt_clz.o
       104          4          0          0          0         84   fleqf.o
       258          4          0          0          0         84   fmul.o
       140          4          0          0          0         84   fnaninf.o
        10          0          0          0          0         68   fretinf.o
        98          0          0          0          0         68   frleqf.o
         0          0          0          0          0          0   usenofp.o

    ----------------------------------------------------------------------
      1838        116          0          0         96       1456   Library Totals
        14          0          0          0          0          0   (incl. Padding)

    ----------------------------------------------------------------------

      Code (inc. data)   RO Data    RW Data    ZI Data      Debug   Library Name

       272         16          0          0         96        584   c_w.l
      1552        100          0          0          0        872   fz_ws.l

    ----------------------------------------------------------------------
      1838        116          0          0         96       1456   Library Totals

    ----------------------------------------------------------------------

==============================================================================


      Code (inc. data)   RO Data    RW Data    ZI Data      Debug   

      6268        414        304         40       2144      78644   Grand Totals
      6268        414        304         40       2144      78644   ELF Image Totals
      6268        414        304         40          0          0   ROM Totals

==============================================================================

    Total RO  Size (Code + RO Data)                 6572 (   6.42kB)
    Total RW  Size (RW Data + ZI Data)              2184 (   2.13kB)
    Total ROM Size (Code + RO Data + RW Data)       6612 (   6.46kB)

==============================================================================

